2026-06-10 06:04:18,833 [INFO] 开始补数据，共 31 只股票
2026-06-10 06:04:18,837 [INFO]   000301: 补数据 2026-05-23 ~ 2026-06-10
2026-06-10 06:04:19,043 [INFO]   ✓ 000301 [BaoStock] 12 条
2026-06-10 06:04:19,047 [ERROR]   ❌ 000301: 错误: '<' not supported between instances of 'Timestamp' and 'str'
2026-06-10 06:04:20,128 [INFO]   000333: 补数据 2026-05-23 ~ 2026-06-10
2026-06-10 06:04:23,645 [INFO]   ✓ 000333 [BaoStock] 12 条
2026-06-10 06:04:23,649 [ERROR]   ❌ 000333: 错误: '<' not supported between instances of 'Timestamp' and 'str'
2026-06-10 06:04:24,488 [INFO]   000708: 补数据 2026-05-23 ~ 2026-06-10
2026-06-10 06:04:24,637 [INFO]   ✓ 000708 [BaoStock] 12 条
2026-06-10 06:04:24,640 [ERROR]   ❌ 000708: 错误: '<' not supported between instances of 'Timestamp' and 'str'
2026-06-10 06:04:25,159 [INFO]   000858: 补数据 2026-05-23 ~ 2026-06-10
2026-06-10 06:04:28,356 [INFO]   ✓ 000858 [BaoStock] 12 条
2026-06-10 06:04:28,360 [ERROR]   ❌ 000858: 错误: '<' not supported between instances of 'Timestamp' and 'str'
2026-06-10 06:04:28,886 [INFO]   000967: 补数据 2026-05-23 ~ 2026-06-10
2026-06-10 06:04:29,956 [INFO]   ✓ 000967 [BaoStock] 12 条
2026-06-10 06:04:29,960 [ERROR]   ❌ 000967: 错误: '<' not supported between instances of 'Timestamp' and 'str'
2026-06-10 06:04:30,619 [INFO]   002256: 补数据 2026-05-23 ~ 2026-06-10
2026-06-10 06:04:34,808 [INFO]   ✓ 002256 [BaoStock] 12 条
2026-06-10 06:04:34,812 [ERROR]   ❌ 002256: 错误: '<' not supported between instances of 'Timestamp' and 'str'
2026-06-10 06:04:35,873 [INFO]   002405: 补数据 2026-05-23 ~ 2026-06-10
2026-06-10 06:04:39,751 [INFO]   ✓ 002405 [BaoStock] 12 条
2026-06-10 06:04:39,755 [ERROR]   ❌ 002405: 错误: '<' not supported between instances of 'Timestamp' and 'str'
2026-06-10 06:04:40,528 [INFO]   002415: 补数据 2026-05-23 ~ 2026-06-10
2026-06-10 06:04:42,985 [INFO]   ✓ 002415 [BaoStock] 12 条
2026-06-10 06:04:42,989 [ERROR]   ❌ 002415: 错误: '<' not supported between instances of 'Timestamp' and 'str'
2026-06-10 06:04:43,681 [INFO]   002453: 补数据 2026-05-23 ~ 2026-06-10
2026-06-10 06:04:47,338 [INFO]   ✓ 002453 [BaoStock] 12 条
2026-06-10 06:04:47,341 [ERROR]   ❌ 002453: 错误: '<' not supported between instances of 'Timestamp' and 'str'
2026-06-10 06:04:47,903 [INFO]   002475: 补数据 2026-05-23 ~ 2026-06-10
2026-06-10 06:04:50,118 [INFO]   ✓ 002475 [BaoStock] 12 条
2026-06-10 06:04:50,121 [ERROR]   ❌ 002475: 错误: '<' not supported between instances of 'Timestamp' and 'str'
2026-06-10 06:04:50,936 [INFO]   002594: 补数据 2026-05-23 ~ 2026-06-10
2026-06-10 06:04:54,497 [INFO]   ✓ 002594 [BaoStock] 12 条
2026-06-10 06:04:54,501 [ERROR]   ❌ 002594: 错误: '<' not supported between instances of 'Timestamp' and 'str'
2026-06-10 06:04:55,457 [INFO]   002906: 补数据 2026-05-23 ~ 2026-06-10
2026-06-10 06:04:59,080 [INFO]   ✓ 002906 [BaoStock] 12 条
2026-06-10 06:04:59,084 [ERROR]   ❌ 002906: 错误: '<' not supported between instances of 'Timestamp' and 'str'
2026-06-10 06:04:59,692 [INFO]   002920: 补数据 2026-05-23 ~ 2026-06-10
2026-06-10 06:05:03,975 [INFO]   ✓ 002920 [BaoStock] 12 条
2026-06-10 06:05:03,979 [ERROR]   ❌ 002920: 错误: '<' not supported between instances of 'Timestamp' and 'str'
2026-06-10 06:05:04,636 [INFO]   300059: 补数据 2026-05-23 ~ 2026-06-10
2026-06-10 06:05:05,873 [INFO]   ✓ 300059 [BaoStock] 12 条
2026-06-10 06:05:05,877 [ERROR]   ❌ 300059: 错误: '<' not supported between instances of 'Timestamp' and 'str'
2026-06-10 06:05:07,099 [INFO]   300124: 补数据 2026-05-23 ~ 2026-06-10
2026-06-10 06:05:13,672 [INFO]   ✓ 300124 [BaoStock] 12 条
2026-06-10 06:05:13,676 [ERROR]   ❌ 300124: 错误: '<' not supported between instances of 'Timestamp' and 'str'
2026-06-10 06:05:14,304 [INFO]   300750: 补数据 2026-05-23 ~ 2026-06-10
2026-06-10 06:05:20,394 [INFO]   ✓ 300750 [BaoStock] 12 条
2026-06-10 06:05:20,397 [ERROR]   ❌ 300750: 错误: '<' not supported between instances of 'Timestamp' and 'str'
2026-06-10 06:05:21,580 [INFO]   300760: 补数据 2026-05-23 ~ 2026-06-10
2026-06-10 06:05:24,623 [INFO]   ✓ 300760 [BaoStock] 12 条
2026-06-10 06:05:24,626 [ERROR]   ❌ 300760: 错误: '<' not supported between instances of 'Timestamp' and 'str'
2026-06-10 06:05:25,696 [INFO]   600036: 补数据 2026-05-23 ~ 2026-06-10
2026-06-10 06:05:28,614 [INFO]   ✓ 600036 [BaoStock] 12 条
2026-06-10 06:05:28,618 [ERROR]   ❌ 600036: 错误: '<' not supported between instances of 'Timestamp' and 'str'
2026-06-10 06:05:29,322 [INFO]   600130: 补数据 2026-05-23 ~ 2026-06-10
2026-06-10 06:05:30,066 [INFO]   ✓ 600130 [BaoStock] 12 条
2026-06-10 06:05:30,069 [ERROR]   ❌ 600130: 错误: '<' not supported between instances of 'Timestamp' and 'str'
2026-06-10 06:05:31,244 [INFO]   600276: 补数据 2026-05-23 ~ 2026-06-10
2026-06-10 06:05:36,632 [INFO]   ✓ 600276 [BaoStock] 12 条
2026-06-10 06:05:36,635 [ERROR]   ❌ 600276: 错误: '<' not supported between instances of 'Timestamp' and 'str'
2026-06-10 06:05:37,967 [INFO]   600310: 补数据 2026-05-23 ~ 2026-06-10
2026-06-10 06:05:41,190 [INFO]   ✓ 600310 [BaoStock] 12 条
2026-06-10 06:05:41,193 [ERROR]   ❌ 600310: 错误: '<' not supported between instances of 'Timestamp' and 'str'
2026-06-10 06:05:42,423 [INFO]   600330: 补数据 2026-05-23 ~ 2026-06-10
2026-06-10 06:05:45,714 [INFO]   ✓ 600330 [BaoStock] 12 条
2026-06-10 06:05:45,717 [ERROR]   ❌ 600330: 错误: '<' not supported between instances of 'Timestamp' and 'str'
2026-06-10 06:05:46,525 [INFO]   600519: 补数据 2026-05-23 ~ 2026-06-10
2026-06-10 06:05:51,408 [INFO]   ✓ 600519 [BaoStock] 12 条
2026-06-10 06:05:51,412 [ERROR]   ❌ 600519: 错误: '<' not supported between instances of 'Timestamp' and 'str'
2026-06-10 06:05:52,819 [INFO]   600563: 补数据 2026-05-23 ~ 2026-06-10
2026-06-10 06:05:57,697 [INFO]   ✓ 600563 [BaoStock] 12 条
2026-06-10 06:05:57,700 [ERROR]   ❌ 600563: 错误: '<' not supported between instances of 'Timestamp' and 'str'
2026-06-10 06:05:59,112 [INFO]   600703: 补数据 2026-05-23 ~ 2026-06-10
2026-06-10 06:06:02,664 [INFO]   ✓ 600703 [BaoStock] 12 条
2026-06-10 06:06:02,668 [ERROR]   ❌ 600703: 错误: '<' not supported between instances of 'Timestamp' and 'str'
2026-06-10 06:06:04,119 [INFO]   600887: 补数据 2026-05-23 ~ 2026-06-10
2026-06-10 06:06:07,483 [INFO]   ✓ 600887 [BaoStock] 12 条
2026-06-10 06:06:07,486 [ERROR]   ❌ 600887: 错误: '<' not supported between instances of 'Timestamp' and 'str'
2026-06-10 06:06:08,601 [INFO]   601012: 补数据 2026-05-23 ~ 2026-06-10
2026-06-10 06:06:15,992 [INFO]   ✓ 601012 [BaoStock] 12 条
2026-06-10 06:06:15,995 [ERROR]   ❌ 601012: 错误: '<' not supported between instances of 'Timestamp' and 'str'
2026-06-10 06:06:17,469 [INFO]   601318: 补数据 2026-05-23 ~ 2026-06-10
2026-06-10 06:06:19,987 [INFO]   ✓ 601318 [BaoStock] 12 条
2026-06-10 06:06:19,991 [ERROR]   ❌ 601318: 错误: '<' not supported between instances of 'Timestamp' and 'str'
2026-06-10 06:06:20,543 [INFO]   603013: 补数据 2026-05-23 ~ 2026-06-10
2026-06-10 06:06:26,965 [INFO]   ✓ 603013 [BaoStock] 12 条
2026-06-10 06:06:26,969 [ERROR]   ❌ 603013: 错误: '<' not supported between instances of 'Timestamp' and 'str'
2026-06-10 06:06:27,559 [INFO]   603260: 补数据 2026-05-23 ~ 2026-06-10
2026-06-10 06:06:33,572 [INFO]   ✓ 603260 [BaoStock] 12 条
2026-06-10 06:06:33,576 [ERROR]   ❌ 603260: 错误: '<' not supported between instances of 'Timestamp' and 'str'
2026-06-10 06:06:34,459 [INFO]   603290: 补数据 2026-05-23 ~ 2026-06-10
2026-06-10 06:06:38,527 [INFO]   ✓ 603290 [BaoStock] 12 条
2026-06-10 06:06:38,531 [ERROR]   ❌ 603290: 错误: '<' not supported between instances of 'Timestamp' and 'str'
2026-06-10 06:06:39,231 [INFO] 补数据完成: 成功=0, 失败=31
2026-06-10 06:07:13,886 [INFO] 开始补数据，共 31 只股票
2026-06-10 06:07:13,889 [INFO]   000301: 补数据 2026-05-23 ~ 2026-06-10
2026-06-10 06:07:18,795 [INFO]   ✓ 000301 [BaoStock] 12 条
2026-06-10 06:07:18,803 [INFO]   ✓ 000301: 补了 12 条，现共 495 条
2026-06-10 06:07:19,951 [INFO]   000333: 补数据 2026-05-23 ~ 2026-06-10
2026-06-10 06:07:23,338 [INFO]   ✓ 000333 [BaoStock] 12 条
2026-06-10 06:07:23,348 [INFO]   ✓ 000333: 补了 12 条，现共 495 条
2026-06-10 06:07:24,578 [INFO]   000708: 补数据 2026-05-23 ~ 2026-06-10
2026-06-10 06:07:25,652 [INFO]   ✓ 000708 [BaoStock] 12 条
2026-06-10 06:07:25,661 [INFO]   ✓ 000708: 补了 12 条，现共 495 条
2026-06-10 06:07:26,395 [INFO]   000858: 补数据 2026-05-23 ~ 2026-06-10
2026-06-10 06:07:31,071 [INFO]   ✓ 000858 [BaoStock] 12 条
2026-06-10 06:07:31,079 [INFO]   ✓ 000858: 补了 12 条，现共 495 条
2026-06-10 06:07:31,854 [INFO]   000967: 补数据 2026-05-23 ~ 2026-06-10
2026-06-10 06:07:32,012 [INFO]   ✓ 000967 [BaoStock] 12 条
2026-06-10 06:07:32,019 [INFO]   ✓ 000967: 补了 12 条，现共 495 条
2026-06-10 06:07:32,633 [INFO]   002256: 补数据 2026-05-23 ~ 2026-06-10
2026-06-10 06:07:39,100 [INFO]   ✓ 002256 [BaoStock] 12 条
2026-06-10 06:07:39,107 [INFO]   ✓ 002256: 补了 12 条，现共 495 条
2026-06-10 06:07:40,136 [INFO]   002405: 补数据 2026-05-23 ~ 2026-06-10
2026-06-10 06:07:44,852 [INFO]   ✓ 002405 [BaoStock] 12 条
2026-06-10 06:07:44,859 [INFO]   ✓ 002405: 补了 12 条，现共 495 条
2026-06-10 06:07:46,358 [INFO]   002415: 补数据 2026-05-23 ~ 2026-06-10
2026-06-10 06:07:51,476 [INFO]   ✓ 002415 [BaoStock] 12 条
2026-06-10 06:07:51,484 [INFO]   ✓ 002415: 补了 12 条，现共 495 条
2026-06-10 06:07:52,558 [INFO]   002453: 补数据 2026-05-23 ~ 2026-06-10
2026-06-10 06:07:57,972 [INFO]   ✓ 002453 [BaoStock] 12 条
2026-06-10 06:07:57,979 [INFO]   ✓ 002453: 补了 12 条，现共 495 条
2026-06-10 06:07:58,843 [INFO]   002475: 补数据 2026-05-23 ~ 2026-06-10
2026-06-10 06:08:02,726 [INFO]   ✓ 002475 [BaoStock] 12 条
2026-06-10 06:08:02,734 [INFO]   ✓ 002475: 补了 12 条，现共 495 条
2026-06-10 06:08:04,060 [INFO]   002594: 补数据 2026-05-23 ~ 2026-06-10
2026-06-10 06:08:07,841 [INFO]   ✓ 002594 [BaoStock] 12 条
2026-06-10 06:08:07,848 [INFO]   ✓ 002594: 补了 12 条，现共 495 条
2026-06-10 06:08:09,005 [INFO]   002906: 补数据 2026-05-23 ~ 2026-06-10
2026-06-10 06:08:15,568 [INFO]   ✓ 002906 [BaoStock] 12 条
2026-06-10 06:08:15,575 [INFO]   ✓ 002906: 补了 12 条，现共 495 条
2026-06-10 06:08:16,882 [INFO]   002920: 补数据 2026-05-23 ~ 2026-06-10
2026-06-10 06:08:20,874 [INFO]   ✓ 002920 [BaoStock] 12 条
2026-06-10 06:08:20,881 [INFO]   ✓ 002920: 补了 12 条，现共 495 条
2026-06-10 06:08:22,194 [INFO]   300059: 补数据 2026-05-23 ~ 2026-06-10
2026-06-10 06:08:22,387 [INFO]   ✓ 300059 [BaoStock] 12 条
2026-06-10 06:08:22,394 [INFO]   ✓ 300059: 补了 12 条，现共 495 条
2026-06-10 06:08:23,400 [INFO]   300124: 补数据 2026-05-23 ~ 2026-06-10
2026-06-10 06:08:24,472 [INFO]   ✓ 300124 [BaoStock] 12 条
2026-06-10 06:08:24,479 [INFO]   ✓ 300124: 补了 12 条，现共 495 条
2026-06-10 06:08:25,402 [INFO]   300750: 补数据 2026-05-23 ~ 2026-06-10
2026-06-10 06:08:30,200 [INFO]   ✓ 300750 [BaoStock] 12 条
2026-06-10 06:08:30,207 [INFO]   ✓ 300750: 补了 12 条，现共 495 条
2026-06-10 06:08:31,620 [INFO]   300760: 补数据 2026-05-23 ~ 2026-06-10
2026-06-10 06:08:35,288 [INFO]   ✓ 300760 [BaoStock] 12 条
2026-06-10 06:08:35,296 [INFO]   ✓ 300760: 补了 12 条，现共 495 条
2026-06-10 06:08:36,031 [INFO]   600036: 补数据 2026-05-23 ~ 2026-06-10
2026-06-10 06:08:40,748 [INFO]   ✓ 600036 [BaoStock] 12 条
2026-06-10 06:08:40,757 [INFO]   ✓ 600036: 补了 12 条，现共 495 条
2026-06-10 06:08:41,608 [INFO]   600130: 补数据 2026-05-23 ~ 2026-06-10
2026-06-10 06:08:45,016 [INFO]   ✓ 600130 [BaoStock] 12 条
2026-06-10 06:08:45,023 [INFO]   ✓ 600130: 补了 12 条，现共 495 条
2026-06-10 06:08:46,376 [INFO]   600276: 补数据 2026-05-23 ~ 2026-06-10
2026-06-10 06:08:50,920 [INFO]   ✓ 600276 [BaoStock] 12 条
2026-06-10 06:08:50,927 [INFO]   ✓ 600276: 补了 12 条，现共 495 条
2026-06-10 06:08:51,840 [INFO]   600310: 补数据 2026-05-23 ~ 2026-06-10
2026-06-10 06:08:52,008 [INFO]   ✓ 600310 [BaoStock] 12 条
2026-06-10 06:08:52,015 [INFO]   ✓ 600310: 补了 12 条，现共 495 条
2026-06-10 06:08:52,841 [INFO]   600330: 补数据 2026-05-23 ~ 2026-06-10
2026-06-10 06:08:57,690 [INFO]   ✓ 600330 [BaoStock] 12 条
2026-06-10 06:08:57,697 [INFO]   ✓ 600330: 补了 12 条，现共 495 条
2026-06-10 06:08:59,125 [INFO]   600519: 补数据 2026-05-23 ~ 2026-06-10
2026-06-10 06:09:02,108 [INFO]   ✓ 600519 [BaoStock] 12 条
2026-06-10 06:09:02,115 [INFO]   ✓ 600519: 补了 12 条，现共 495 条
2026-06-10 06:09:03,307 [INFO]   600563: 补数据 2026-05-23 ~ 2026-06-10
2026-06-10 06:09:06,226 [INFO]   ✓ 600563 [BaoStock] 12 条
2026-06-10 06:09:06,233 [INFO]   ✓ 600563: 补了 12 条，现共 495 条
2026-06-10 06:09:07,099 [INFO]   600703: 补数据 2026-05-23 ~ 2026-06-10
2026-06-10 06:09:11,064 [INFO]   ✓ 600703 [BaoStock] 12 条
2026-06-10 06:09:11,072 [INFO]   ✓ 600703: 补了 12 条，现共 495 条
2026-06-10 06:09:11,756 [INFO]   600887: 补数据 2026-05-23 ~ 2026-06-10
2026-06-10 06:09:15,850 [INFO]   ✓ 600887 [BaoStock] 12 条
2026-06-10 06:09:15,858 [INFO]   ✓ 600887: 补了 12 条，现共 495 条
2026-06-10 06:09:16,382 [INFO]   601012: 补数据 2026-05-23 ~ 2026-06-10
2026-06-10 06:09:17,311 [INFO]   ✓ 601012 [BaoStock] 12 条
2026-06-10 06:09:17,318 [INFO]   ✓ 601012: 补了 12 条，现共 495 条
2026-06-10 06:09:18,290 [INFO]   601318: 补数据 2026-05-23 ~ 2026-06-10
2026-06-10 06:09:22,743 [INFO]   ✓ 601318 [BaoStock] 12 条
2026-06-10 06:09:22,750 [INFO]   ✓ 601318: 补了 12 条，现共 495 条
2026-06-10 06:09:24,107 [INFO]   603013: 补数据 2026-05-23 ~ 2026-06-10
2026-06-10 06:09:26,372 [INFO]   ✓ 603013 [BaoStock] 12 条
2026-06-10 06:09:26,379 [INFO]   ✓ 603013: 补了 12 条，现共 495 条
2026-06-10 06:09:27,537 [INFO]   603260: 补数据 2026-05-23 ~ 2026-06-10
2026-06-10 06:09:32,052 [INFO]   ✓ 603260 [BaoStock] 12 条
2026-06-10 06:09:32,059 [INFO]   ✓ 603260: 补了 12 条，现共 495 条
2026-06-10 06:09:33,486 [INFO]   603290: 补数据 2026-05-23 ~ 2026-06-10
2026-06-10 06:09:40,379 [INFO]   ✓ 603290 [BaoStock] 12 条
2026-06-10 06:09:40,385 [INFO]   ✓ 603290: 补了 12 条，现共 495 条
2026-06-10 06:09:40,988 [INFO] 补数据完成: 成功=31, 失败=0
2026-06-12 19:36:11,415 [INFO] 开始补数据，共 31 只股票
2026-06-12 19:36:11,419 [INFO]   000301: 补数据 2026-06-10 ~ 2026-06-12
2026-06-12 19:36:18,375 [INFO]   ✓ 000301 [BaoStock] 3 条
2026-06-12 19:36:18,383 [INFO]   ✓ 000301: 补了 3 条，现共 498 条
2026-06-12 19:36:19,100 [INFO]   000333: 补数据 2026-06-10 ~ 2026-06-12
2026-06-12 19:36:22,870 [INFO]   ✓ 000333 [BaoStock] 3 条
2026-06-12 19:36:22,877 [INFO]   ✓ 000333: 补了 3 条，现共 498 条
2026-06-12 19:36:23,446 [INFO]   000708: 补数据 2026-06-10 ~ 2026-06-12
2026-06-12 19:36:32,325 [INFO]   ✓ 000708 [BaoStock] 3 条
2026-06-12 19:36:32,332 [INFO]   ✓ 000708: 补了 3 条，现共 498 条
2026-06-12 19:36:33,378 [INFO]   000858: 补数据 2026-06-10 ~ 2026-06-12
2026-06-12 19:36:42,372 [INFO]   ✓ 000858 [BaoStock] 3 条
2026-06-12 19:36:42,379 [INFO]   ✓ 000858: 补了 3 条，现共 498 条
2026-06-12 19:36:43,183 [INFO]   000967: 补数据 2026-06-10 ~ 2026-06-12
2026-06-12 19:36:49,778 [INFO]   ✓ 000967 [BaoStock] 3 条
2026-06-12 19:36:49,785 [INFO]   ✓ 000967: 补了 3 条，现共 498 条
2026-06-12 19:36:51,159 [INFO]   002256: 补数据 2026-06-10 ~ 2026-06-12
2026-06-12 19:37:01,367 [INFO]   ✓ 002256 [BaoStock] 3 条
2026-06-12 19:37:01,375 [INFO]   ✓ 002256: 补了 3 条，现共 498 条
2026-06-12 19:37:02,470 [INFO]   002405: 补数据 2026-06-10 ~ 2026-06-12
2026-06-12 19:37:07,047 [INFO]   ✓ 002405 [BaoStock] 3 条
2026-06-12 19:37:07,054 [INFO]   ✓ 002405: 补了 3 条，现共 498 条
2026-06-12 19:37:08,426 [INFO]   002415: 补数据 2026-06-10 ~ 2026-06-12
2026-06-12 19:37:16,476 [INFO]   ✓ 002415 [BaoStock] 3 条
2026-06-12 19:37:16,483 [INFO]   ✓ 002415: 补了 3 条，现共 498 条
2026-06-12 19:37:17,815 [INFO]   002453: 补数据 2026-06-10 ~ 2026-06-12
2026-06-12 19:37:25,216 [INFO]   ✓ 002453 [BaoStock] 3 条
2026-06-12 19:37:25,223 [INFO]   ✓ 002453: 补了 3 条，现共 498 条
2026-06-12 19:37:26,056 [INFO]   002475: 补数据 2026-06-10 ~ 2026-06-12
2026-06-12 19:37:31,168 [INFO]   ✓ 002475 [BaoStock] 3 条
2026-06-12 19:37:31,175 [INFO]   ✓ 002475: 补了 3 条，现共 498 条
2026-06-12 19:37:32,173 [INFO]   002594: 补数据 2026-06-10 ~ 2026-06-12
2026-06-12 19:37:43,122 [INFO]   ✓ 002594 [BaoStock] 3 条
2026-06-12 19:37:43,130 [INFO]   ✓ 002594: 补了 3 条，现共 498 条
2026-06-12 19:37:43,784 [INFO]   002906: 补数据 2026-06-10 ~ 2026-06-12
2026-06-12 19:37:51,331 [INFO]   ✓ 002906 [BaoStock] 3 条
2026-06-12 19:37:51,338 [INFO]   ✓ 002906: 补了 3 条，现共 498 条
2026-06-12 19:37:52,015 [INFO]   002920: 补数据 2026-06-10 ~ 2026-06-12
2026-06-12 19:37:58,220 [INFO]   ✓ 002920 [BaoStock] 3 条
2026-06-12 19:37:58,227 [INFO]   ✓ 002920: 补了 3 条，现共 498 条
2026-06-12 19:37:58,735 [INFO]   300059: 补数据 2026-06-10 ~ 2026-06-12
2026-06-12 19:38:05,091 [INFO]   ✓ 300059 [BaoStock] 3 条
2026-06-12 19:38:05,098 [INFO]   ✓ 300059: 补了 3 条，现共 498 条
2026-06-12 19:38:06,463 [INFO]   300124: 补数据 2026-06-10 ~ 2026-06-12
2026-06-12 19:38:12,129 [INFO]   ✓ 300124 [BaoStock] 3 条
2026-06-12 19:38:12,136 [INFO]   ✓ 300124: 补了 3 条，现共 498 条
2026-06-12 19:38:12,864 [INFO]   300750: 补数据 2026-06-10 ~ 2026-06-12
2026-06-12 19:38:18,089 [INFO]   ✓ 300750 [BaoStock] 3 条
2026-06-12 19:38:18,096 [INFO]   ✓ 300750: 补了 3 条，现共 498 条
2026-06-12 19:38:19,034 [INFO]   300760: 补数据 2026-06-10 ~ 2026-06-12
2026-06-12 19:38:28,748 [INFO]   ✓ 300760 [BaoStock] 3 条
2026-06-12 19:38:28,757 [INFO]   ✓ 300760: 补了 3 条，现共 498 条
2026-06-12 19:38:30,194 [INFO]   600036: 补数据 2026-06-10 ~ 2026-06-12
2026-06-12 19:38:37,310 [INFO]   ✓ 600036 [BaoStock] 3 条
2026-06-12 19:38:37,317 [INFO]   ✓ 600036: 补了 3 条，现共 498 条
2026-06-12 19:38:38,684 [INFO]   600130: 补数据 2026-06-10 ~ 2026-06-12
2026-06-12 19:38:44,723 [INFO]   ✓ 600130 [BaoStock] 3 条
2026-06-12 19:38:44,729 [INFO]   ✓ 600130: 补了 3 条，现共 498 条
2026-06-12 19:38:46,063 [INFO]   600276: 补数据 2026-06-10 ~ 2026-06-12
2026-06-12 19:38:52,568 [INFO]   ✓ 600276 [BaoStock] 3 条
2026-06-12 19:38:52,575 [INFO]   ✓ 600276: 补了 3 条，现共 498 条
2026-06-12 19:38:53,827 [INFO]   600310: 补数据 2026-06-10 ~ 2026-06-12
2026-06-12 19:39:01,129 [INFO]   ✓ 600310 [BaoStock] 3 条
2026-06-12 19:39:01,136 [INFO]   ✓ 600310: 补了 3 条，现共 498 条
2026-06-12 19:39:02,454 [INFO]   600330: 补数据 2026-06-10 ~ 2026-06-12
2026-06-12 19:39:10,055 [INFO]   ✓ 600330 [BaoStock] 3 条
2026-06-12 19:39:10,061 [INFO]   ✓ 600330: 补了 3 条，现共 498 条
2026-06-12 19:39:10,964 [INFO]   600519: 补数据 2026-06-10 ~ 2026-06-12
2026-06-12 19:39:20,396 [INFO]   ✓ 600519 [BaoStock] 3 条
2026-06-12 19:39:20,403 [INFO]   ✓ 600519: 补了 3 条，现共 498 条
2026-06-12 19:39:21,094 [INFO]   600563: 补数据 2026-06-10 ~ 2026-06-12
2026-06-12 19:39:28,112 [INFO]   ✓ 600563 [BaoStock] 3 条
2026-06-12 19:39:28,119 [INFO]   ✓ 600563: 补了 3 条，现共 498 条
2026-06-12 19:39:29,033 [INFO]   600703: 补数据 2026-06-10 ~ 2026-06-12
2026-06-12 19:39:36,207 [INFO]   ✓ 600703 [BaoStock] 3 条
2026-06-12 19:39:36,214 [INFO]   ✓ 600703: 补了 3 条，现共 498 条
2026-06-12 19:39:37,504 [INFO]   600887: 补数据 2026-06-10 ~ 2026-06-12
2026-06-12 19:39:45,610 [INFO]   ✓ 600887 [BaoStock] 3 条
2026-06-12 19:39:45,619 [INFO]   ✓ 600887: 补了 3 条，现共 498 条
2026-06-12 19:39:46,746 [INFO]   601012: 补数据 2026-06-10 ~ 2026-06-12
2026-06-12 19:39:55,879 [INFO]   ✓ 601012 [BaoStock] 3 条
2026-06-12 19:39:55,885 [INFO]   ✓ 601012: 补了 3 条，现共 498 条
2026-06-12 19:39:56,495 [INFO]   601318: 补数据 2026-06-10 ~ 2026-06-12
2026-06-12 19:40:02,047 [INFO]   ✓ 601318 [BaoStock] 3 条
2026-06-12 19:40:02,055 [INFO]   ✓ 601318: 补了 3 条，现共 498 条
2026-06-12 19:40:02,929 [INFO]   603013: 补数据 2026-06-10 ~ 2026-06-12
2026-06-12 19:40:12,546 [INFO]   ✓ 603013 [BaoStock] 3 条
2026-06-12 19:40:12,553 [INFO]   ✓ 603013: 补了 3 条，现共 498 条
2026-06-12 19:40:13,730 [INFO]   603260: 补数据 2026-06-10 ~ 2026-06-12
2026-06-12 19:40:18,346 [INFO]   ✓ 603260 [BaoStock] 3 条
2026-06-12 19:40:18,353 [INFO]   ✓ 603260: 补了 3 条，现共 498 条
2026-06-12 19:40:18,988 [INFO]   603290: 补数据 2026-06-10 ~ 2026-06-12
2026-06-12 19:40:25,212 [INFO]   ✓ 603290 [BaoStock] 3 条
2026-06-12 19:40:25,219 [INFO]   ✓ 603290: 补了 3 条，现共 498 条
2026-06-12 19:40:26,396 [INFO] 补数据完成: 成功=31, 失败=0
2026-06-15 18:36:03,219 [INFO]   ✓ 600519 [BaoStock] 4 条
2026-06-15 19:35:55,696 [INFO] 开始补数据，共 31 只股票
2026-06-15 19:35:55,701 [INFO]   000301: 补数据 2026-06-13 ~ 2026-06-15
2026-06-15 19:35:58,713 [INFO]   ✓ 000301 [BaoStock] 1 条
2026-06-15 19:35:58,721 [INFO]   ✓ 000301: 补了 1 条，现共 499 条
2026-06-15 19:35:59,357 [INFO]   000333: 补数据 2026-06-13 ~ 2026-06-15
2026-06-15 19:36:05,430 [INFO]   ✓ 000333 [BaoStock] 1 条
2026-06-15 19:36:05,437 [INFO]   ✓ 000333: 补了 1 条，现共 499 条
2026-06-15 19:36:06,835 [INFO]   000708: 补数据 2026-06-13 ~ 2026-06-15
2026-06-15 19:36:13,119 [INFO]   ✓ 000708 [BaoStock] 1 条
2026-06-15 19:36:13,125 [INFO]   ✓ 000708: 补了 1 条，现共 499 条
2026-06-15 19:36:13,941 [INFO]   000858: 补数据 2026-06-13 ~ 2026-06-15
2026-06-15 19:36:18,424 [INFO]   ✓ 000858 [BaoStock] 1 条
2026-06-15 19:36:18,430 [INFO]   ✓ 000858: 补了 1 条，现共 499 条
2026-06-15 19:36:19,648 [INFO]   000967: 补数据 2026-06-13 ~ 2026-06-15
2026-06-15 19:36:26,991 [INFO]   ✓ 000967 [BaoStock] 1 条
2026-06-15 19:36:26,998 [INFO]   ✓ 000967: 补了 1 条，现共 499 条
2026-06-15 19:36:27,839 [INFO]   002256: 补数据 2026-06-13 ~ 2026-06-15
2026-06-15 19:36:30,992 [INFO]   ✓ 002256 [BaoStock] 1 条
2026-06-15 19:36:30,998 [INFO]   ✓ 002256: 补了 1 条，现共 499 条
2026-06-15 19:36:32,178 [INFO]   002405: 补数据 2026-06-13 ~ 2026-06-15
2026-06-15 19:36:34,755 [INFO]   ✓ 002405 [BaoStock] 1 条
2026-06-15 19:36:34,760 [INFO]   ✓ 002405: 补了 1 条，现共 499 条
2026-06-15 19:36:35,797 [INFO]   002415: 补数据 2026-06-13 ~ 2026-06-15
2026-06-15 19:36:42,304 [INFO]   ✓ 002415 [BaoStock] 1 条
2026-06-15 19:36:42,311 [INFO]   ✓ 002415: 补了 1 条，现共 499 条
2026-06-15 19:36:43,703 [INFO]   002453: 补数据 2026-06-13 ~ 2026-06-15
2026-06-15 19:36:47,069 [INFO]   ✓ 002453 [BaoStock] 1 条
2026-06-15 19:36:47,075 [INFO]   ✓ 002453: 补了 1 条，现共 499 条
2026-06-15 19:36:48,110 [INFO]   002475: 补数据 2026-06-13 ~ 2026-06-15
2026-06-15 19:36:55,423 [INFO]   ✓ 002475 [BaoStock] 1 条
2026-06-15 19:36:55,430 [INFO]   ✓ 002475: 补了 1 条，现共 499 条
2026-06-15 19:36:56,773 [INFO]   002594: 补数据 2026-06-13 ~ 2026-06-15
2026-06-15 19:36:59,742 [INFO]   ✓ 002594 [BaoStock] 1 条
2026-06-15 19:36:59,748 [INFO]   ✓ 002594: 补了 1 条，现共 499 条
2026-06-15 19:37:01,069 [INFO]   002906: 补数据 2026-06-13 ~ 2026-06-15
2026-06-15 19:37:07,651 [INFO]   ✓ 002906 [BaoStock] 1 条
2026-06-15 19:37:07,659 [INFO]   ✓ 002906: 补了 1 条，现共 499 条
2026-06-15 19:37:08,254 [INFO]   002920: 补数据 2026-06-13 ~ 2026-06-15
2026-06-15 19:37:10,876 [INFO]   ✓ 002920 [BaoStock] 1 条
2026-06-15 19:37:10,883 [INFO]   ✓ 002920: 补了 1 条，现共 499 条
2026-06-15 19:37:11,697 [INFO]   300059: 补数据 2026-06-13 ~ 2026-06-15
2026-06-15 19:37:17,369 [INFO]   ✓ 300059 [BaoStock] 1 条
2026-06-15 19:37:17,378 [INFO]   ✓ 300059: 补了 1 条，现共 499 条
2026-06-15 19:37:18,209 [INFO]   300124: 补数据 2026-06-13 ~ 2026-06-15
2026-06-15 19:37:21,207 [INFO]   ✓ 300124 [BaoStock] 1 条
2026-06-15 19:37:21,213 [INFO]   ✓ 300124: 补了 1 条，现共 499 条
2026-06-15 19:37:22,157 [INFO]   300750: 补数据 2026-06-13 ~ 2026-06-15
2026-06-15 19:37:24,324 [INFO]   ✓ 300750 [BaoStock] 1 条
2026-06-15 19:37:24,331 [INFO]   ✓ 300750: 补了 1 条，现共 499 条
2026-06-15 19:37:25,145 [INFO]   300760: 补数据 2026-06-13 ~ 2026-06-15
2026-06-15 19:37:28,558 [INFO]   ✓ 300760 [BaoStock] 1 条
2026-06-15 19:37:28,565 [INFO]   ✓ 300760: 补了 1 条，现共 499 条
2026-06-15 19:37:29,512 [INFO]   600036: 补数据 2026-06-13 ~ 2026-06-15
2026-06-15 19:37:32,966 [INFO]   ✓ 600036 [BaoStock] 1 条
2026-06-15 19:37:32,973 [INFO]   ✓ 600036: 补了 1 条，现共 499 条
2026-06-15 19:37:33,866 [INFO]   600130: 补数据 2026-06-13 ~ 2026-06-15
2026-06-15 19:37:36,704 [INFO]   ✓ 600130 [BaoStock] 1 条
2026-06-15 19:37:36,710 [INFO]   ✓ 600130: 补了 1 条，现共 499 条
2026-06-15 19:37:38,197 [INFO]   600276: 补数据 2026-06-13 ~ 2026-06-15
2026-06-15 19:37:45,308 [INFO]   ✓ 600276 [BaoStock] 1 条
2026-06-15 19:37:45,315 [INFO]   ✓ 600276: 补了 1 条，现共 499 条
2026-06-15 19:37:45,902 [INFO]   600310: 补数据 2026-06-13 ~ 2026-06-15
2026-06-15 19:37:52,140 [INFO]   ✓ 600310 [BaoStock] 1 条
2026-06-15 19:37:52,147 [INFO]   ✓ 600310: 补了 1 条，现共 499 条
2026-06-15 19:37:53,086 [INFO]   600330: 补数据 2026-06-13 ~ 2026-06-15
2026-06-15 19:37:59,659 [INFO]   ✓ 600330 [BaoStock] 1 条
2026-06-15 19:37:59,666 [INFO]   ✓ 600330: 补了 1 条，现共 499 条
2026-06-15 19:38:00,439 [INFO]   600519: 补数据 2026-06-13 ~ 2026-06-15
2026-06-15 19:38:05,045 [INFO]   ✓ 600519 [BaoStock] 1 条
2026-06-15 19:38:05,052 [INFO]   ✓ 600519: 补了 1 条，现共 499 条
2026-06-15 19:38:05,836 [INFO]   600563: 补数据 2026-06-13 ~ 2026-06-15
2026-06-15 19:38:09,103 [INFO]   ✓ 600563 [BaoStock] 1 条
2026-06-15 19:38:09,109 [INFO]   ✓ 600563: 补了 1 条，现共 499 条
2026-06-15 19:38:10,493 [INFO]   600703: 补数据 2026-06-13 ~ 2026-06-15
2026-06-15 19:38:16,912 [INFO]   ✓ 600703 [BaoStock] 1 条
2026-06-15 19:38:16,918 [INFO]   ✓ 600703: 补了 1 条，现共 499 条
2026-06-15 19:38:17,664 [INFO]   600887: 补数据 2026-06-13 ~ 2026-06-15
2026-06-15 19:38:22,150 [INFO]   ✓ 600887 [BaoStock] 1 条
2026-06-15 19:38:22,157 [INFO]   ✓ 600887: 补了 1 条，现共 499 条
2026-06-15 19:38:22,817 [INFO]   601012: 补数据 2026-06-13 ~ 2026-06-15
2026-06-15 19:38:25,539 [INFO]   ✓ 601012 [BaoStock] 1 条
2026-06-15 19:38:25,545 [INFO]   ✓ 601012: 补了 1 条，现共 499 条
2026-06-15 19:38:27,031 [INFO]   601318: 补数据 2026-06-13 ~ 2026-06-15
2026-06-15 19:38:31,209 [INFO]   ✓ 601318 [BaoStock] 1 条
2026-06-15 19:38:31,217 [INFO]   ✓ 601318: 补了 1 条，现共 499 条
2026-06-15 19:38:31,927 [INFO]   603013: 补数据 2026-06-13 ~ 2026-06-15
2026-06-15 19:38:35,307 [INFO]   ✓ 603013 [BaoStock] 1 条
2026-06-15 19:38:35,314 [INFO]   ✓ 603013: 补了 1 条，现共 499 条
2026-06-15 19:38:35,977 [INFO]   603260: 补数据 2026-06-13 ~ 2026-06-15
2026-06-15 19:38:39,271 [INFO]   ✓ 603260 [BaoStock] 1 条
2026-06-15 19:38:39,278 [INFO]   ✓ 603260: 补了 1 条，现共 499 条
2026-06-15 19:38:40,414 [INFO]   603290: 补数据 2026-06-13 ~ 2026-06-15
2026-06-15 19:38:43,884 [INFO]   ✓ 603290 [BaoStock] 1 条
2026-06-15 19:38:43,891 [INFO]   ✓ 603290: 补了 1 条，现共 499 条
2026-06-15 19:38:44,885 [INFO] 补数据完成: 成功=31, 失败=0
