2026-06-16 20:21:23,496 [INFO] ============================================================
2026-06-16 20:21:23,497 [INFO] 止损执行链路修复脚本 v1.0
2026-06-16 20:21:23,497 [INFO] ============================================================
2026-06-16 20:21:23,497 [INFO] 数据库: C:\Users\Administrator\.openclaw\workspace\quant-learn\data\sim_live_mirror.db
2026-06-16 20:21:23,497 [INFO] 
2026-06-16 20:21:23,497 [INFO] ── Step 1: 修复 trailing_stop_price=0.0 ──
2026-06-16 20:21:23,500 [INFO] 发现 3 条 trailing_stop_price=0.0 的记录
2026-06-16 20:21:23,500 [INFO]   ✓ 修复 [600330] 天通股份: trailing_stop 0.0 → None (浮盈不足)
2026-06-16 20:21:23,501 [INFO]   ✓ 修复 [002453] 华软科技: trailing_stop 0.0 → None (浮盈不足)
2026-06-16 20:21:23,501 [INFO]   ✓ 修复 [603601] 再升科技: trailing_stop 0.0 → None (浮盈不足)
2026-06-16 20:21:23,502 [INFO]   修复 3 条记录
2026-06-16 20:21:23,502 [INFO] 
2026-06-16 20:21:23,502 [INFO] ── Step 2: 重新计算所有跟踪止损价 ──
2026-06-16 20:21:23,505 [INFO] 重新计算 9 个持仓的跟踪止损价...
2026-06-16 20:21:23,505 [INFO]   ✓ [603601] 再升科技: 0.0000 → 0.0000 (浮盈未超过5%，跟踪止损未启动)
2026-06-16 20:21:23,505 [INFO]   ✓ [603178] 圣龙股份: 0.0000 → 0.0000 (浮盈未超过5%，跟踪止损未启动)
2026-06-16 20:21:23,505 [INFO]   ✓ [001896] 豫能控股: 17.1300 → 21.8960 (浮盈>20%，跟踪止损=max(entry*1.10, high*0.92))
2026-06-16 20:21:23,505 [INFO]   ✓ [600130] 波导股份: 0.0000 → 0.0000 (浮盈未超过5%，跟踪止损未启动)
2026-06-16 20:21:23,506 [INFO]   更新 9 个持仓
2026-06-16 20:21:23,506 [INFO] 
2026-06-16 20:21:23,506 [INFO] ── Step 3: 执行 armed 卖出信号 ──
2026-06-16 20:21:23,509 [INFO] 发现 5 条 armed 卖出信号（有对应持仓）
2026-06-16 20:21:25,387 [INFO]   - 跳过 [600330] 天通股份: 现价 32.3900 > 止损价 28.0500 (规则 trend_break)
2026-06-16 20:21:25,388 [INFO]   ✅ 卖出 [603178] 圣龙股份: 100股 @ 17.0100 (止损价 18.4200, 规则 trend_break)
2026-06-16 20:21:25,389 [INFO]   ✅ 卖出 [002453] 华软科技: 300股 @ 5.2400 (止损价 5.9500, 规则 trend_break)
2026-06-16 20:21:25,389 [INFO]   ✅ 卖出 [600310] 广西能源: 200股 @ 4.8400 (止损价 5.1100, 规则 take_profit)
2026-06-16 20:21:25,389 [INFO]   - 跳过 [001896] 豫能控股: 现价 22.0600 > 止损价 17.1300 (规则 take_profit)
2026-06-16 20:21:25,390 [INFO]   执行 3, 跳过 2, 错误 0
2026-06-16 20:21:25,390 [INFO] 
2026-06-16 20:21:25,390 [INFO] ── Step 4: 检查严重浮亏持仓（固定止损 -8%%）──
2026-06-16 20:21:25,680 [INFO]   ✅ 止损卖出 [603601] 再升科技: 100股 @ 14.3400 (浮亏 -19.57%, 止损价 16.4036)
2026-06-16 20:21:25,680 [INFO]   ✅ 止损卖出 [603178] 圣龙股份: 100股 @ 17.0100 (浮亏 -15.03%, 止损价 18.4184)
2026-06-16 20:21:25,680 [INFO]   ✅ 止损卖出 [000899] 赣能股份: 100股 @ 12.5500 (浮亏 -3.39%, 止损价 13.2500)
2026-06-16 20:21:25,680 [INFO]   ✅ 止损卖出 [600310] 广西能源: 200股 @ 4.8400 (浮亏 -3.30%, 止损价 5.1100)
2026-06-16 20:21:25,680 [INFO]   ✅ 止损卖出 [600130] 波导股份: 100股 @ 4.7600 (浮亏 -9.16%, 止损价 4.8208)
2026-06-16 20:21:25,680 [INFO]   ✅ 止损卖出 [002453] 华软科技: 300股 @ 5.2400 (浮亏 -18.97%, 止损价 5.9496)
2026-06-16 20:21:25,680 [INFO]   ✅ 止损卖出 [603601] 再升科技: 100股 @ 14.3400 (浮亏 -19.57%, 止损价 16.4036)
2026-06-16 20:21:25,682 [INFO]   触发 7, 安全 2, 错误 0
2026-06-16 20:21:25,682 [INFO] 
2026-06-16 20:21:25,682 [INFO] ============================================================
2026-06-16 20:21:25,682 [INFO] 修复汇总
2026-06-16 20:21:25,682 [INFO] ============================================================
2026-06-16 20:21:25,682 [INFO]   trailing_stop_price=0.0 修复: 3 条
2026-06-16 20:21:25,682 [INFO]   跟踪止损价重新计算: 9 个持仓
2026-06-16 20:21:25,682 [INFO]   Armed 信号执行: 3 成功, 2 跳过, 0 错误
2026-06-16 20:21:25,682 [INFO]   严重浮亏检查: 7 触发, 2 安全, 0 错误
2026-06-16 20:21:25,682 [INFO] 
2026-06-16 20:21:25,684 [INFO] 详细报告已保存: C:\Users\Administrator\.openclaw\workspace\quant-learn\output\fix_stop_loss_report.json
2026-06-16 20:21:25,684 [INFO] 日志已保存: C:\Users\Administrator\.openclaw\workspace\quant-learn\output\fix_stop_loss.log
2026-06-16 20:27:04,650 [INFO] ============================================================
2026-06-16 20:27:04,650 [INFO] 止损执行链路修复脚本 v1.0
2026-06-16 20:27:04,650 [INFO] ============================================================
2026-06-16 20:27:04,650 [INFO] 数据库: C:\Users\Administrator\.openclaw\workspace\quant-learn\data\sim_live_mirror.db
2026-06-16 20:27:04,651 [INFO] 
2026-06-16 20:27:04,651 [INFO] ── Step 1: 修复 trailing_stop_price=0.0 ──
2026-06-16 20:27:04,654 [INFO] 发现 3 条 trailing_stop_price=0.0 的记录
2026-06-16 20:27:04,659 [INFO]   ✓ 修复 [600330] 天通股份: trailing_stop 0.0 → None (浮盈不足)
2026-06-16 20:27:04,660 [INFO]   ✓ 修复 [002453] 华软科技: trailing_stop 0.0 → None (浮盈不足)
2026-06-16 20:27:04,661 [INFO]   ✓ 修复 [603601] 再升科技: trailing_stop 0.0 → None (浮盈不足)
2026-06-16 20:27:04,663 [INFO]   修复 3 条记录
2026-06-16 20:27:04,664 [INFO] 
2026-06-16 20:27:04,664 [INFO] ── Step 2: 重新计算所有跟踪止损价 ──
2026-06-16 20:27:04,666 [INFO] 重新计算 9 个持仓的跟踪止损价...
2026-06-16 20:27:04,666 [INFO]   ✓ [603601] 再升科技: 0.0000 → 0.0000 (浮盈未超过5%，跟踪止损未启动)
2026-06-16 20:27:04,666 [INFO]   ✓ [603178] 圣龙股份: 0.0000 → 0.0000 (浮盈未超过5%，跟踪止损未启动)
2026-06-16 20:27:04,668 [INFO]   ✓ [001896] 豫能控股: 17.1300 → 21.8960 (浮盈>20%，跟踪止损=max(entry*1.10, high*0.92))
2026-06-16 20:27:04,668 [INFO]   ✓ [600130] 波导股份: 0.0000 → 0.0000 (浮盈未超过5%，跟踪止损未启动)
2026-06-16 20:27:04,668 [INFO]   ✓ [600330] 天通股份: 0.0000 → 0.0000 (浮盈未超过5%，跟踪止损未启动)
2026-06-16 20:27:04,669 [INFO]   ✓ [002453] 华软科技: 0.0000 → 0.0000 (浮盈未超过5%，跟踪止损未启动)
2026-06-16 20:27:04,669 [INFO]   ✓ [603601] 再升科技: 0.0000 → 0.0000 (浮盈未超过5%，跟踪止损未启动)
2026-06-16 20:27:04,671 [INFO]   更新 9 个持仓
2026-06-16 20:27:04,671 [INFO] 
2026-06-16 20:27:04,671 [INFO] ── Step 3: 执行 armed 卖出信号 ──
2026-06-16 20:27:04,673 [INFO] 发现 5 条 armed 卖出信号（有对应持仓）
2026-06-16 20:27:06,112 [INFO]   - 跳过 [600330] 天通股份: 现价 32.3900 > 止损价 28.0500 (规则 trend_break)
2026-06-16 20:27:06,119 [INFO]   ✅ 卖出 [603178] 圣龙股份: 100股 @ 17.0100 (止损价 18.4200, 规则 trend_break)
2026-06-16 20:27:06,123 [INFO]   ✅ 卖出 [002453] 华软科技: 300股 @ 5.2400 (止损价 5.9500, 规则 trend_break)
2026-06-16 20:27:06,127 [INFO]   ✅ 卖出 [600310] 广西能源: 200股 @ 4.8400 (止损价 5.1100, 规则 take_profit)
2026-06-16 20:27:06,127 [INFO]   - 跳过 [001896] 豫能控股: 现价 22.0600 > 止损价 21.8960 (规则 take_profit)
2026-06-16 20:27:06,131 [INFO]   执行 3, 跳过 2, 错误 0
2026-06-16 20:27:06,131 [INFO] 
2026-06-16 20:27:06,131 [INFO] ── Step 4: 检查严重浮亏持仓（固定止损 -8%%）──
2026-06-16 20:27:06,415 [INFO]   ✅ 止损卖出 [603601] 再升科技: 100股 @ 14.3400 (浮亏 -19.57%, 止损价 16.4036)
2026-06-16 20:27:06,419 [INFO]   ✅ 止损卖出 [000899] 赣能股份: 100股 @ 12.5500 (浮亏 -3.39%, 止损价 13.2500)
2026-06-16 20:27:06,423 [INFO]   ✅ 止损卖出 [600130] 波导股份: 100股 @ 4.7600 (浮亏 -9.16%, 止损价 4.8208)
2026-06-16 20:27:06,427 [INFO]   ✅ 止损卖出 [603601] 再升科技: 100股 @ 14.3400 (浮亏 -19.57%, 止损价 16.4036)
2026-06-16 20:27:06,430 [INFO]   触发 4, 安全 2, 错误 0
2026-06-16 20:27:06,430 [INFO] 
2026-06-16 20:27:06,430 [INFO] ============================================================
2026-06-16 20:27:06,430 [INFO] 修复汇总
2026-06-16 20:27:06,430 [INFO] ============================================================
2026-06-16 20:27:06,430 [INFO]   trailing_stop_price=0.0 修复: 3 条
2026-06-16 20:27:06,430 [INFO]   跟踪止损价重新计算: 9 个持仓
2026-06-16 20:27:06,430 [INFO]   Armed 信号执行: 3 成功, 2 跳过, 0 错误
2026-06-16 20:27:06,430 [INFO]   严重浮亏检查: 4 触发, 2 安全, 0 错误
2026-06-16 20:27:06,430 [INFO] 
2026-06-16 20:27:06,432 [INFO] 详细报告已保存: C:\Users\Administrator\.openclaw\workspace\quant-learn\output\fix_stop_loss_report.json
2026-06-16 20:27:06,432 [INFO] 日志已保存: C:\Users\Administrator\.openclaw\workspace\quant-learn\output\fix_stop_loss.log
