2026-06-16 20:23:33,392 [INFO] ============================================================
2026-06-16 20:23:33,392 [INFO] 修复 sim_live_mirror.db 数据写入链路
2026-06-16 20:23:33,392 [INFO] 数据库: C:\Users\Administrator\.openclaw\workspace\quant-learn\data\sim_live_mirror.db
2026-06-16 20:23:33,392 [INFO] 时间: 2026-06-16 20:23:33
2026-06-16 20:23:33,392 [INFO] ============================================================
2026-06-16 20:23:33,392 [INFO] 
2026-06-16 20:23:33,392 [INFO] >>> 修复 learn 账户 (account_id=1) <<<
2026-06-16 20:23:33,399 [INFO]   ✓ 已添加 sim_daily_nav.cash_jump_detected 列
2026-06-16 20:23:33,400 [INFO]   ✓ 已添加 sim_daily_nav.cash_jump_reason 列
2026-06-16 20:23:33,400 [INFO] 账户 1: learn, 现金 ¥13,872.39, 初始资金 ¥200,000.00
2026-06-16 20:23:33,400 [INFO] 已有净值记录: 5 条
2026-06-16 20:23:33,400 [INFO] 最后净值日: 2026-06-16, 总资产 ¥22,527.39
2026-06-16 20:23:33,401 [INFO] 持仓股票: 6 只: 603601, 603178, 001896, 000899, 600310, 600130
2026-06-16 20:23:33,401 [INFO] 正在获取实时行情...
2026-06-16 20:23:33,706 [INFO] 行情获取: 6/6 只成功
2026-06-16 20:23:33,961 [INFO]   ✓ 写入 2026-06-16: 总资产 ¥21,912.39, 现金 ¥13,872.39, 市值 ¥8,040.00, 日收益 -2.73%, 累计 -89.04%
2026-06-16 20:23:33,961 [INFO]     [实时] 再升科技(603601): 100股 × ¥14.34 = ¥1,434.00
2026-06-16 20:23:33,961 [INFO]     [实时] 圣龙股份(603178): 100股 × ¥17.01 = ¥1,701.00
2026-06-16 20:23:33,961 [INFO]     [实时] 豫能控股(001896): 100股 × ¥22.06 = ¥2,206.00
2026-06-16 20:23:33,961 [INFO]     [实时] 赣能股份(000899): 100股 × ¥12.55 = ¥1,255.00
2026-06-16 20:23:33,961 [INFO]     [实时] 广西能源(600310): 200股 × ¥4.84 = ¥968.00
2026-06-16 20:23:33,961 [INFO]     [实时] 波导股份(600130): 100股 × ¥4.76 = ¥476.00
2026-06-16 20:23:33,962 [INFO]   ✓ 已更新账户总资产为 ¥21,912.39
2026-06-16 20:23:33,966 [INFO] 
2026-06-16 20:23:33,966 [INFO] >>> 修复 real 账户 (account_id=2) <<<
2026-06-16 20:23:33,969 [INFO] 账户 2: real_portfolio, 现金 ¥9,635.41, 初始资金 ¥25,000.00
2026-06-16 20:23:33,969 [INFO] 已有净值记录: 0 条
2026-06-16 20:23:33,969 [INFO] 持仓股票: 3 只: 600330, 002453, 603601
2026-06-16 20:23:33,969 [INFO] 正在获取实时行情...
2026-06-16 20:23:34,260 [INFO] 行情获取: 3/3 只成功
2026-06-16 20:23:34,583 [INFO]   ✓ 写入 2026-06-16: 总资产 ¥25,597.41, 现金 ¥9,635.41, 市值 ¥15,962.00, 日收益 +2.39%, 累计 +2.39%
2026-06-16 20:23:34,583 [INFO]     [实时] 天通股份(600330): 400股 × ¥32.39 = ¥12,956.00
2026-06-16 20:23:34,583 [INFO]     [实时] 华软科技(002453): 300股 × ¥5.24 = ¥1,572.00
2026-06-16 20:23:34,583 [INFO]     [实时] 再升科技(603601): 100股 × ¥14.34 = ¥1,434.00
2026-06-16 20:23:34,584 [INFO]   ✓ 已更新账户总资产为 ¥25,597.41
2026-06-16 20:23:34,587 [INFO] 
2026-06-16 20:23:34,587 [INFO] >>> 验证 learn 账户 <<<
2026-06-16 20:23:34,588 [INFO] 
2026-06-16 20:23:34,588 [INFO] ============================================================
2026-06-16 20:23:34,588 [INFO] 验证结果
2026-06-16 20:23:34,588 [INFO] ============================================================
2026-06-16 20:23:34,590 [INFO] sim_daily_nav 记录数: 5
2026-06-16 20:23:34,590 [INFO]   2026-05-18: 总资产 ¥22,970.50 | 现金 ¥2,509.50 | 市值 ¥20,461.00 | 日收益 -811.7999999999981% | 累计 -811.80% | 回撤 -811.80%
2026-06-16 20:23:34,590 [INFO]   2026-05-19: 总资产 ¥22,407.75 | 现金 ¥3,997.75 | 市值 ¥18,410.00 | 日收益 -244.9868309353298% | 累计 -1036.90% | 回撤 -1036.90%
2026-06-16 20:23:34,590 [INFO]   2026-05-20: 总资产 ¥22,333.14 | 现金 ¥2,424.14 | 市值 ¥19,909.00 | 日收益 -33.2980732159982% | 累计 -1066.74% | 回撤 -1066.74%
2026-06-16 20:23:34,590 [INFO]   2026-05-21: 总资产 ¥22,338.14 | 现金 ¥3,723.14 | 市值 ¥18,615.00 | 日收益 -31.06670267206124% | 累计 -1064.74% | 回撤 -1064.74%
2026-06-16 20:23:34,590 [INFO]   2026-06-16: 总资产 ¥21,912.39 | 现金 ¥13,872.39 | 市值 ¥8,040.00 | 日收益 -2.730012220678892% | 累计  -89.04% | 回撤  +4.61%
2026-06-16 20:23:34,590 [INFO] ✓ 所有必需字段完整
2026-06-16 20:23:34,590 [INFO] 账户: learn, 总资产 ¥21,912.39, 现金 ¥13,872.39
2026-06-16 20:23:34,592 [INFO] 
2026-06-16 20:23:34,592 [INFO] >>> 验证 real 账户 <<<
2026-06-16 20:23:34,592 [INFO] 
2026-06-16 20:23:34,592 [INFO] ============================================================
2026-06-16 20:23:34,593 [INFO] 验证结果
2026-06-16 20:23:34,593 [INFO] ============================================================
2026-06-16 20:23:34,594 [INFO] sim_daily_nav 记录数: 1
2026-06-16 20:23:34,594 [INFO]   2026-06-16: 总资产 ¥25,597.41 | 现金 ¥9,635.41 | 市值 ¥15,962.00 | 日收益 +2.3896399999999995% | 累计   +2.39% | 回撤  +0.00%
2026-06-16 20:23:34,594 [INFO] ✓ 所有必需字段完整
2026-06-16 20:23:34,594 [INFO] 账户: real_portfolio, 总资产 ¥25,597.41, 现金 ¥9,635.41
2026-06-16 20:23:34,596 [INFO] 
2026-06-16 20:23:34,596 [INFO] ============================================================
2026-06-16 20:23:34,596 [INFO] 修复完成
2026-06-16 20:23:34,596 [INFO]   ✓ learn 账户 (account_id=1) 修复成功
2026-06-16 20:23:34,596 [INFO]   ✓ real 账户 (account_id=2) 修复成功
2026-06-16 20:23:34,596 [INFO] 日志已保存: C:\Users\Administrator\.openclaw\workspace\quant-learn\output\fix_sim_db_write.log
2026-06-16 20:23:34,596 [INFO] ============================================================
2026-06-16 20:26:41,425 [INFO] ============================================================
2026-06-16 20:26:41,425 [INFO] 修复 sim_live_mirror.db 数据写入链路
2026-06-16 20:26:41,425 [INFO] 数据库: C:\Users\Administrator\.openclaw\workspace\quant-learn\data\sim_live_mirror.db
2026-06-16 20:26:41,425 [INFO] 时间: 2026-06-16 20:26:41
2026-06-16 20:26:41,425 [INFO] ============================================================
2026-06-16 20:26:41,425 [INFO] 
2026-06-16 20:26:41,425 [INFO] >>> 同步账户 initial_cash (config → DB) <<<
2026-06-16 20:26:41,504 [INFO]   同步账户 1 (learn): initial_cash ¥200,000.00 → ¥100,000.00
2026-06-16 20:26:41,509 [INFO] 
2026-06-16 20:26:41,509 [INFO] >>> 规范化旧净值记录 <<<
2026-06-16 20:26:41,513 [INFO]   ~ 规范化 2026-05-18: dr=-8.11799999999998→-0.08117999999999981, cr=-8.11799999999998→-0.7703, mdd=-8.11799999999998→-0.08117999999999981
2026-06-16 20:26:41,514 [INFO]   ~ 规范化 2026-05-19: dr=-2.449868309353298→-0.02449868309353298, cr=-10.368987999999979→-0.7759, mdd=-10.368987999999979→-0.10368987999999979
2026-06-16 20:26:41,515 [INFO]   ~ 规范化 2026-05-20: dr=-0.33298073215998203→-0.33298073215998203, cr=-10.667441999999983→-0.7767, mdd=-10.667441999999983→-0.10667441999999984
2026-06-16 20:26:41,516 [INFO]   ~ 规范化 2026-05-21: dr=-0.3106670267206124→-0.3106670267206124, cr=-10.647441999999984→-0.7766, mdd=-10.647441999999984→-0.10647441999999983
2026-06-16 20:26:41,517 [INFO]   ~ 规范化 2026-06-16: dr=-0.02730012220678892→-0.02730012220678892, cr=-0.8904→-0.7809, mdd=0.0461→0.0461
2026-06-16 20:26:41,517 [INFO]   ✓ 已规范化 5 条旧净值记录
2026-06-16 20:26:41,519 [INFO] 
2026-06-16 20:26:41,519 [INFO] >>> 修复 learn 账户 (account_id=1) <<<
2026-06-16 20:26:41,522 [INFO] 账户 1: learn, 现金 ¥13,872.39, 初始资金 ¥100,000.00
2026-06-16 20:26:41,522 [INFO] 已有净值记录: 5 条
2026-06-16 20:26:41,522 [INFO] 最后净值日: 2026-06-16, 总资产 ¥21,912.39
2026-06-16 20:26:41,522 [INFO] 持仓股票: 6 只: 603601, 603178, 001896, 000899, 600310, 600130
2026-06-16 20:26:41,522 [INFO] 正在获取实时行情...
2026-06-16 20:26:41,794 [INFO] 行情获取: 6/6 只成功
2026-06-16 20:26:42,052 [INFO]   ✓ 写入 2026-06-16: 总资产 ¥21,912.39, 现金 ¥13,872.39, 市值 ¥8,040.00, 日收益 -0.00%, 累计 -78.09%
2026-06-16 20:26:42,052 [INFO]     [实时] 再升科技(603601): 100股 × ¥14.34 = ¥1,434.00
2026-06-16 20:26:42,052 [INFO]     [实时] 圣龙股份(603178): 100股 × ¥17.01 = ¥1,701.00
2026-06-16 20:26:42,052 [INFO]     [实时] 豫能控股(001896): 100股 × ¥22.06 = ¥2,206.00
2026-06-16 20:26:42,052 [INFO]     [实时] 赣能股份(000899): 100股 × ¥12.55 = ¥1,255.00
2026-06-16 20:26:42,052 [INFO]     [实时] 广西能源(600310): 200股 × ¥4.84 = ¥968.00
2026-06-16 20:26:42,052 [INFO]     [实时] 波导股份(600130): 100股 × ¥4.76 = ¥476.00
2026-06-16 20:26:42,053 [INFO]   ✓ 已更新账户总资产为 ¥21,912.39
2026-06-16 20:26:42,056 [INFO] 
2026-06-16 20:26:42,056 [INFO] >>> 修复 real 账户 (account_id=2) <<<
2026-06-16 20:26:42,058 [INFO] 账户 2: real_portfolio, 现金 ¥9,635.41, 初始资金 ¥25,000.00
2026-06-16 20:26:42,058 [INFO] 已有净值记录: 1 条
2026-06-16 20:26:42,058 [INFO] 最后净值日: 2026-06-16, 总资产 ¥25,597.41
2026-06-16 20:26:42,058 [INFO] 持仓股票: 3 只: 600330, 002453, 603601
2026-06-16 20:26:42,058 [INFO] 正在获取实时行情...
2026-06-16 20:26:42,318 [INFO] 行情获取: 3/3 只成功
2026-06-16 20:26:42,575 [INFO]   ✓ 写入 2026-06-16: 总资产 ¥25,597.41, 现金 ¥9,635.41, 市值 ¥15,962.00, 日收益 +0.00%, 累计 +2.39%
2026-06-16 20:26:42,576 [INFO]     [实时] 天通股份(600330): 400股 × ¥32.39 = ¥12,956.00
2026-06-16 20:26:42,576 [INFO]     [实时] 华软科技(002453): 300股 × ¥5.24 = ¥1,572.00
2026-06-16 20:26:42,576 [INFO]     [实时] 再升科技(603601): 100股 × ¥14.34 = ¥1,434.00
2026-06-16 20:26:42,577 [INFO]   ✓ 已更新账户总资产为 ¥25,597.41
2026-06-16 20:26:42,579 [INFO] 
2026-06-16 20:26:42,579 [INFO] >>> 验证 learn 账户 <<<
2026-06-16 20:26:42,580 [INFO] 
2026-06-16 20:26:42,580 [INFO] ============================================================
2026-06-16 20:26:42,580 [INFO] 验证结果
2026-06-16 20:26:42,580 [INFO] ============================================================
2026-06-16 20:26:42,582 [INFO] sim_daily_nav 记录数: 5
2026-06-16 20:26:42,582 [INFO]   2026-05-18: 总资产 ¥22,970.50 | 现金 ¥2,509.50 | 市值 ¥20,461.00 | 日收益 -8.11799999999998% | 累计  -77.03% | 回撤  -8.12%
2026-06-16 20:26:42,582 [INFO]   2026-05-19: 总资产 ¥22,407.75 | 现金 ¥3,997.75 | 市值 ¥18,410.00 | 日收益 -2.449868309353298% | 累计  -77.59% | 回撤 -10.37%
2026-06-16 20:26:42,582 [INFO]   2026-05-20: 总资产 ¥22,333.14 | 现金 ¥2,424.14 | 市值 ¥19,909.00 | 日收益 -33.2980732159982% | 累计  -77.67% | 回撤 -10.67%
2026-06-16 20:26:42,582 [INFO]   2026-05-21: 总资产 ¥22,338.14 | 现金 ¥3,723.14 | 市值 ¥18,615.00 | 日收益 -31.06670267206124% | 累计  -77.66% | 回撤 -10.65%
2026-06-16 20:26:42,582 [INFO]   2026-06-16: 总资产 ¥21,912.39 | 现金 ¥13,872.39 | 市值 ¥8,040.00 | 日收益 -2.2818140542628863e-06% | 累计  -78.09% | 回撤  +4.61%
2026-06-16 20:26:42,582 [INFO] ✓ 所有必需字段完整
2026-06-16 20:26:42,582 [INFO] 账户: learn, 总资产 ¥21,912.39, 现金 ¥13,872.39
2026-06-16 20:26:42,583 [INFO] 
2026-06-16 20:26:42,583 [INFO] >>> 验证 real 账户 <<<
2026-06-16 20:26:42,584 [INFO] 
2026-06-16 20:26:42,584 [INFO] ============================================================
2026-06-16 20:26:42,584 [INFO] 验证结果
2026-06-16 20:26:42,584 [INFO] ============================================================
2026-06-16 20:26:42,586 [INFO] sim_daily_nav 记录数: 1
2026-06-16 20:26:42,586 [INFO]   2026-06-16: 总资产 ¥25,597.41 | 现金 ¥9,635.41 | 市值 ¥15,962.00 | 日收益    +0.0% | 累计   +2.39% | 回撤  +0.00%
2026-06-16 20:26:42,586 [INFO] ✓ 所有必需字段完整
2026-06-16 20:26:42,586 [INFO] 账户: real_portfolio, 总资产 ¥25,597.41, 现金 ¥9,635.41
2026-06-16 20:26:42,587 [INFO] 
2026-06-16 20:26:42,587 [INFO] ============================================================
2026-06-16 20:26:42,587 [INFO] 修复完成
2026-06-16 20:26:42,587 [INFO]   ✓ learn 账户 (account_id=1) 修复成功
2026-06-16 20:26:42,587 [INFO]   ✓ real 账户 (account_id=2) 修复成功
2026-06-16 20:26:42,588 [INFO] 日志已保存: C:\Users\Administrator\.openclaw\workspace\quant-learn\output\fix_sim_db_write.log
2026-06-16 20:26:42,588 [INFO] ============================================================
2026-06-16 20:32:09,694 [INFO] ============================================================
2026-06-16 20:32:09,694 [INFO] 修复 sim_live_mirror.db 数据写入链路
2026-06-16 20:32:09,694 [INFO] 数据库: C:\Users\Administrator\.openclaw\workspace\quant-learn\data\sim_live_mirror.db
2026-06-16 20:32:09,694 [INFO] 时间: 2026-06-16 20:32:09
2026-06-16 20:32:09,694 [INFO] ============================================================
2026-06-16 20:32:09,695 [INFO] 
2026-06-16 20:32:09,695 [INFO] >>> 同步账户 initial_cash (config → DB) <<<
2026-06-16 20:32:09,788 [INFO] 
2026-06-16 20:32:09,788 [INFO] >>> 规范化旧净值记录 <<<
2026-06-16 20:32:09,792 [INFO]   ~ 规范化 2026-05-18: dr=-0.081180→-0.770295, cr=-0.770300→-0.770300, mdd=-0.081180→-0.081180
2026-06-16 20:32:09,792 [INFO]   ~ 规范化 2026-05-20: dr=-0.332981→-0.003330, cr=-0.776700→-0.776700, mdd=-0.106674→-0.106674
2026-06-16 20:32:09,793 [INFO]   ~ 规范化 2026-05-21: dr=-0.310667→-0.003107, cr=-0.776600→-0.776600, mdd=-0.106474→-0.106474
2026-06-16 20:32:09,793 [INFO]   ✓ 已规范化 3 条旧净值记录
2026-06-16 20:32:09,793 [INFO] 
2026-06-16 20:32:09,793 [INFO] >>> 修复 learn 账户 (account_id=1) <<<
2026-06-16 20:32:09,796 [INFO] 账户 1: learn, 现金 ¥19,675.55, 初始资金 ¥100,000.00
2026-06-16 20:32:09,796 [INFO] 已有净值记录: 5 条
2026-06-16 20:32:09,796 [INFO] 最后净值日: 2026-06-16, 总资产 ¥21,912.39
2026-06-16 20:32:09,796 [INFO] 持仓股票: 1 只: 001896
2026-06-16 20:32:09,796 [INFO] 正在获取实时行情...
2026-06-16 20:32:10,105 [INFO] 行情获取: 1/1 只成功
2026-06-16 20:32:10,398 [INFO]   ✓ 写入 2026-06-16: 总资产 ¥21,881.55, 现金 ¥19,675.55, 市值 ¥2,206.00, 日收益 -0.14%, 累计 -78.12%
2026-06-16 20:32:10,398 [INFO]     [实时] 豫能控股(001896): 100股 × ¥22.06 = ¥2,206.00
2026-06-16 20:32:10,398 [INFO]   ✓ 已更新账户总资产为 ¥21,881.55
2026-06-16 20:32:10,401 [INFO] 
2026-06-16 20:32:10,401 [INFO] >>> 修复 real 账户 (account_id=2) <<<
2026-06-16 20:32:10,404 [INFO] 账户 2: real_portfolio, 现金 ¥12,628.41, 初始资金 ¥25,000.00
2026-06-16 20:32:10,404 [INFO] 已有净值记录: 1 条
2026-06-16 20:32:10,404 [INFO] 最后净值日: 2026-06-16, 总资产 ¥25,597.41
2026-06-16 20:32:10,404 [INFO] 持仓股票: 1 只: 600330
2026-06-16 20:32:10,404 [INFO] 正在获取实时行情...
2026-06-16 20:32:10,662 [INFO] 行情获取: 1/1 只成功
2026-06-16 20:32:10,910 [INFO]   ✓ 写入 2026-06-16: 总资产 ¥25,584.41, 现金 ¥12,628.41, 市值 ¥12,956.00, 日收益 -0.05%, 累计 +2.34%
2026-06-16 20:32:10,910 [INFO]     [实时] 天通股份(600330): 400股 × ¥32.39 = ¥12,956.00
2026-06-16 20:32:10,911 [INFO]   ✓ 已更新账户总资产为 ¥25,584.41
2026-06-16 20:32:10,914 [INFO] 
2026-06-16 20:32:10,914 [INFO] >>> 验证 learn 账户 <<<
2026-06-16 20:32:10,914 [INFO] 
2026-06-16 20:32:10,914 [INFO] ============================================================
2026-06-16 20:32:10,914 [INFO] 验证结果
2026-06-16 20:32:10,914 [INFO] ============================================================
2026-06-16 20:32:10,916 [INFO] sim_daily_nav 记录数: 5
2026-06-16 20:32:10,916 [INFO]   2026-05-18: 总资产 ¥22,970.50 | 现金 ¥2,509.50 | 市值 ¥20,461.00 | 日收益  -77.03% | 累计  -77.03% | 回撤  -8.12%
2026-06-16 20:32:10,916 [INFO]   2026-05-19: 总资产 ¥22,407.75 | 现金 ¥3,997.75 | 市值 ¥18,410.00 | 日收益   -2.45% | 累计  -77.59% | 回撤 -10.37%
2026-06-16 20:32:10,916 [INFO]   2026-05-20: 总资产 ¥22,333.14 | 现金 ¥2,424.14 | 市值 ¥19,909.00 | 日收益   -0.33% | 累计  -77.67% | 回撤 -10.67%
2026-06-16 20:32:10,916 [INFO]   2026-05-21: 总资产 ¥22,338.14 | 现金 ¥3,723.14 | 市值 ¥18,615.00 | 日收益   -0.31% | 累计  -77.66% | 回撤 -10.65%
2026-06-16 20:32:10,917 [INFO]   2026-06-16: 总资产 ¥21,881.55 | 现金 ¥19,675.55 | 市值 ¥2,206.00 | 日收益   -0.14% | 累计  -78.12% | 回撤  +4.74%
2026-06-16 20:32:10,917 [INFO] ✓ 所有必需字段完整
2026-06-16 20:32:10,917 [INFO] 账户: learn, 总资产 ¥21,881.55, 现金 ¥19,675.55
2026-06-16 20:32:10,918 [INFO] 
2026-06-16 20:32:10,918 [INFO] >>> 验证 real 账户 <<<
2026-06-16 20:32:10,919 [INFO] 
2026-06-16 20:32:10,919 [INFO] ============================================================
2026-06-16 20:32:10,919 [INFO] 验证结果
2026-06-16 20:32:10,919 [INFO] ============================================================
2026-06-16 20:32:10,920 [INFO] sim_daily_nav 记录数: 1
2026-06-16 20:32:10,920 [INFO]   2026-06-16: 总资产 ¥25,584.41 | 现金 ¥12,628.41 | 市值 ¥12,956.00 | 日收益   -0.05% | 累计   +2.34% | 回撤  +0.05%
2026-06-16 20:32:10,920 [INFO] ✓ 所有必需字段完整
2026-06-16 20:32:10,920 [INFO] 账户: real_portfolio, 总资产 ¥25,584.41, 现金 ¥12,628.41
2026-06-16 20:32:10,921 [INFO] 
2026-06-16 20:32:10,922 [INFO] ============================================================
2026-06-16 20:32:10,922 [INFO] 修复完成
2026-06-16 20:32:10,922 [INFO]   ✓ learn 账户 (account_id=1) 修复成功
2026-06-16 20:32:10,922 [INFO]   ✓ real 账户 (account_id=2) 修复成功
2026-06-16 20:32:10,922 [INFO] 日志已保存: C:\Users\Administrator\.openclaw\workspace\quant-learn\output\fix_sim_db_write.log
2026-06-16 20:32:10,922 [INFO] ============================================================
