2026-06-16 20:41:31,353 [INFO] 数据库健康检查: threshold_state=26条, strategy_shadow_signals=3364条
2026-06-16 20:41:31,355 [INFO] ======================================================================
2026-06-16 20:41:31,355 [INFO] 买入信号执行链路修复 开始
2026-06-16 20:41:31,355 [INFO] 数据库: C:\Users\Administrator\.openclaw\workspace\quant-learn\data\sim_live_mirror.db
2026-06-16 20:41:31,355 [INFO] 账户ID: 1
2026-06-16 20:41:31,355 [INFO] ======================================================================
2026-06-16 20:41:31,358 [INFO] 
📊 账户状态: learn
2026-06-16 20:41:31,359 [INFO]    现金: ¥19,675.55
2026-06-16 20:41:31,359 [INFO]    总资产: ¥21,881.55
2026-06-16 20:41:31,362 [INFO] 
📊 当前持仓 (1 个):
2026-06-16 20:41:31,362 [INFO]    001896 豫能控股 100股 成本¥14.9300 现价¥22.06 盈亏¥713.00
2026-06-16 20:41:31,365 [INFO] 
🔍 发现 14 个已触发但未执行的买入信号:
2026-06-16 20:41:31,365 [INFO]    [5] 301179 泽宇智能 规则=buy_zone 阈值=¥24.8900 触发日期=2026-05-21 触发价=¥24.8900
2026-06-16 20:41:31,365 [INFO]    [13] 002067 景兴纸业 规则=buy_zone 阈值=¥5.0900 触发日期=2026-06-02 触发价=¥5.0100
2026-06-16 20:41:31,365 [INFO]    [14] 601728 中国电信 规则=buy_strong 阈值=¥6.2000 触发日期=2026-06-02 触发价=¥6.1000
2026-06-16 20:41:31,365 [INFO]    [15] 002290 禾盛新材 规则=buy_strong 阈值=¥89.0600 触发日期=2026-06-02 触发价=¥87.8200
2026-06-16 20:41:31,365 [INFO]    [16] 603693 江苏新能 规则=buy_zone 阈值=¥16.7800 触发日期=2026-06-02 触发价=¥16.4400
2026-06-16 20:41:31,365 [INFO]    [17] 603757 大元泵业 规则=buy_zone 阈值=¥61.8100 触发日期=2026-06-02 触发价=¥57.5000
2026-06-16 20:41:31,365 [INFO]    [18] 002067 景兴纸业 规则=buy_strong 阈值=¥4.9800 触发日期=2026-06-02 触发价=¥4.9800
2026-06-16 20:41:31,365 [INFO]    [19] 603757 大元泵业 规则=buy_strong 阈值=¥56.8500 触发日期=2026-06-02 触发价=¥56.7800
2026-06-16 20:41:31,365 [INFO]    [20] 301179 泽宇智能 规则=buy_strong 阈值=¥25.2100 触发日期=2026-06-02 触发价=¥22.1000
2026-06-16 20:41:31,365 [INFO]    [22] 002709 天赐材料 规则=buy_strong 阈值=¥57.0500 触发日期=2026-06-02 触发价=¥51.3800
2026-06-16 20:41:31,365 [INFO]    [23] 600186 莲花控股 规则=buy_strong 阈值=¥10.4200 触发日期=2026-06-02 触发价=¥9.1900
2026-06-16 20:41:31,365 [INFO]    [24] 002149 西部材料 规则=buy_strong 阈值=¥67.7000 触发日期=2026-06-02 触发价=¥55.0700
2026-06-16 20:41:31,365 [INFO]    [25] 002654 万润科技 规则=buy_strong 阈值=¥16.0100 触发日期=2026-06-02 触发价=¥14.6600
2026-06-16 20:41:31,365 [INFO]    [28] 002290 禾盛新材 规则=buy_zone 阈值=¥95.5800 触发日期=2026-06-02 触发价=¥89.2400
2026-06-16 20:41:31,365 [INFO] 
──────────────────────────────────────────────────
2026-06-16 20:41:31,365 [INFO] 处理: 301179 泽宇智能 (buy_zone)
2026-06-16 20:41:33,165 [INFO]   📡 新浪实时: 301179 = ¥21.1400 (昨收 ¥20.7900)
2026-06-16 20:41:33,165 [INFO]   💰 当前价格: ¥21.1400 (来源: sina)
2026-06-16 20:41:33,274 [INFO]   📋 执行结果: {"success": true, "msg": "买入 泽宇智能 200股 @ 21.1400", "amount": 4228.0, "commission": 5.0}
2026-06-16 20:41:33,279 [INFO]   📝 写入 sim_orders: FIX-301179-20260616204133
2026-06-16 20:41:33,285 [INFO]   📝 写入 sim_fills: 301179 200股 @ ¥21.1400
2026-06-16 20:41:33,291 [INFO]   📝 更新 threshold_state id=5 notes
2026-06-16 20:41:33,294 [INFO]   ✅ 301179 修复成功: 买入 泽宇智能 200股 @ 21.1400
2026-06-16 20:41:33,294 [INFO] 
──────────────────────────────────────────────────
2026-06-16 20:41:33,294 [INFO] 处理: 002067 景兴纸业 (buy_zone)
2026-06-16 20:41:33,555 [INFO]   📡 新浪实时: 002067 = ¥4.1800 (昨收 ¥4.2500)
2026-06-16 20:41:33,556 [INFO]   💰 当前价格: ¥4.1800 (来源: sina)
2026-06-16 20:41:33,588 [INFO]   📋 执行结果: {"success": true, "msg": "买入 景兴纸业 1100股 @ 4.1800", "amount": 4598.0, "commission": 5.0}
2026-06-16 20:41:33,592 [INFO]   📝 写入 sim_orders: FIX-002067-20260616204133
2026-06-16 20:41:33,600 [INFO]   📝 写入 sim_fills: 002067 1100股 @ ¥4.1800
2026-06-16 20:41:33,606 [INFO]   📝 更新 threshold_state id=13 notes
2026-06-16 20:41:33,609 [INFO]   ✅ 002067 修复成功: 买入 景兴纸业 1100股 @ 4.1800
2026-06-16 20:41:33,609 [INFO] 
──────────────────────────────────────────────────
2026-06-16 20:41:33,609 [INFO] 处理: 601728 中国电信 (buy_strong)
2026-06-16 20:41:33,868 [INFO]   📡 新浪实时: 601728 = ¥5.9600 (昨收 ¥6.0500)
2026-06-16 20:41:33,868 [INFO]   💰 当前价格: ¥5.9600 (来源: sina)
2026-06-16 20:41:33,905 [INFO]   📋 执行结果: {"success": true, "msg": "买入 中国电信 900股 @ 5.9600", "amount": 5364.0, "commission": 5.0}
2026-06-16 20:41:33,911 [INFO]   📝 写入 sim_orders: FIX-601728-20260616204133
2026-06-16 20:41:33,918 [INFO]   📝 写入 sim_fills: 601728 900股 @ ¥5.9600
2026-06-16 20:41:33,927 [INFO]   📝 更新 threshold_state id=14 notes
2026-06-16 20:41:33,929 [INFO]   ✅ 601728 修复成功: 买入 中国电信 900股 @ 5.9600
2026-06-16 20:41:33,929 [INFO] 
──────────────────────────────────────────────────
2026-06-16 20:41:33,929 [INFO] 处理: 002290 禾盛新材 (buy_strong)
2026-06-16 20:41:34,206 [INFO]   📡 新浪实时: 002290 = ¥82.4700 (昨收 ¥82.5800)
2026-06-16 20:41:34,207 [INFO]   💰 当前价格: ¥82.4700 (来源: sina)
2026-06-16 20:41:34,211 [INFO]   📋 执行结果: {"success": false, "msg": "计算买入数量失败: budget=2735, price=82.47"}
2026-06-16 20:41:34,211 [WARNING]   ❌ 002290 修复失败: 计算买入数量失败: budget=2735, price=82.47
2026-06-16 20:41:34,211 [INFO] 
──────────────────────────────────────────────────
2026-06-16 20:41:34,211 [INFO] 处理: 603693 江苏新能 (buy_zone)
2026-06-16 20:41:34,484 [INFO]   📡 新浪实时: 603693 = ¥14.7400 (昨收 ¥14.5200)
2026-06-16 20:41:34,484 [INFO]   💰 当前价格: ¥14.7400 (来源: sina)
2026-06-16 20:41:34,500 [INFO]   📋 执行结果: {"success": false, "msg": "今日新建仓位已达上限 3，无法新建 603693"}
2026-06-16 20:41:34,500 [WARNING]   ❌ 603693 修复失败: 今日新建仓位已达上限 3，无法新建 603693
2026-06-16 20:41:34,500 [INFO] 
──────────────────────────────────────────────────
2026-06-16 20:41:34,500 [INFO] 处理: 603757 大元泵业 (buy_zone)
2026-06-16 20:41:34,764 [INFO]   📡 新浪实时: 603757 = ¥54.6700 (昨收 ¥50.4900)
2026-06-16 20:41:34,765 [INFO]   💰 当前价格: ¥54.6700 (来源: sina)
2026-06-16 20:41:34,768 [INFO]   📋 执行结果: {"success": false, "msg": "计算买入数量失败: budget=1641, price=54.67"}
2026-06-16 20:41:34,769 [WARNING]   ❌ 603757 修复失败: 计算买入数量失败: budget=1641, price=54.67
2026-06-16 20:41:34,769 [INFO] 
──────────────────────────────────────────────────
2026-06-16 20:41:34,769 [INFO] 处理: 002067 景兴纸业 (buy_strong)
2026-06-16 20:41:35,018 [INFO]   📡 新浪实时: 002067 = ¥4.1800 (昨收 ¥4.2500)
2026-06-16 20:41:35,018 [INFO]   💰 当前价格: ¥4.1800 (来源: sina)
2026-06-16 20:41:35,028 [INFO]   📋 执行结果: {"success": false, "msg": "REQ-051: 002067 今日已有买入成交，拒绝重复买入"}
2026-06-16 20:41:35,029 [WARNING]   ❌ 002067 修复失败: REQ-051: 002067 今日已有买入成交，拒绝重复买入
2026-06-16 20:41:35,029 [INFO] 
──────────────────────────────────────────────────
2026-06-16 20:41:35,029 [INFO] 处理: 603757 大元泵业 (buy_strong)
2026-06-16 20:41:35,289 [INFO]   📡 新浪实时: 603757 = ¥54.6700 (昨收 ¥50.4900)
2026-06-16 20:41:35,289 [INFO]   💰 当前价格: ¥54.6700 (来源: sina)
2026-06-16 20:41:35,292 [INFO]   📋 执行结果: {"success": false, "msg": "计算买入数量失败: budget=2735, price=54.67"}
2026-06-16 20:41:35,292 [WARNING]   ❌ 603757 修复失败: 计算买入数量失败: budget=2735, price=54.67
2026-06-16 20:41:35,293 [INFO] 
──────────────────────────────────────────────────
2026-06-16 20:41:35,293 [INFO] 处理: 301179 泽宇智能 (buy_strong)
2026-06-16 20:41:35,562 [INFO]   📡 新浪实时: 301179 = ¥21.1400 (昨收 ¥20.7900)
2026-06-16 20:41:35,562 [INFO]   💰 当前价格: ¥21.1400 (来源: sina)
2026-06-16 20:41:35,574 [INFO]   📋 执行结果: {"success": false, "msg": "REQ-051: 301179 今日已有买入成交，拒绝重复买入"}
2026-06-16 20:41:35,574 [WARNING]   ❌ 301179 修复失败: REQ-051: 301179 今日已有买入成交，拒绝重复买入
2026-06-16 20:41:35,574 [INFO] 
──────────────────────────────────────────────────
2026-06-16 20:41:35,574 [INFO] 处理: 002709 天赐材料 (buy_strong)
2026-06-16 20:41:35,846 [INFO]   📡 新浪实时: 002709 = ¥52.2800 (昨收 ¥49.0200)
2026-06-16 20:41:35,846 [INFO]   💰 当前价格: ¥52.2800 (来源: sina)
2026-06-16 20:41:35,850 [INFO]   📋 执行结果: {"success": false, "msg": "计算买入数量失败: budget=2735, price=52.28"}
2026-06-16 20:41:35,850 [WARNING]   ❌ 002709 修复失败: 计算买入数量失败: budget=2735, price=52.28
2026-06-16 20:41:35,850 [INFO] 
──────────────────────────────────────────────────
2026-06-16 20:41:35,850 [INFO] 处理: 600186 莲花控股 (buy_strong)
2026-06-16 20:41:36,108 [INFO]   📡 新浪实时: 600186 = ¥13.3300 (昨收 ¥12.1200)
2026-06-16 20:41:36,108 [INFO]   💰 当前价格: ¥13.3300 (来源: sina)
2026-06-16 20:41:36,108 [WARNING]   ⚠ 价格 ¥13.33 接近涨停 (昨收 ¥12.12 +10% = ¥13.27)，跳过
2026-06-16 20:41:36,108 [INFO] 
──────────────────────────────────────────────────
2026-06-16 20:41:36,108 [INFO] 处理: 002149 西部材料 (buy_strong)
2026-06-16 20:41:36,366 [INFO]   📡 新浪实时: 002149 = ¥58.8300 (昨收 ¥59.8000)
2026-06-16 20:41:36,366 [INFO]   💰 当前价格: ¥58.8300 (来源: sina)
2026-06-16 20:41:36,370 [INFO]   📋 执行结果: {"success": false, "msg": "计算买入数量失败: budget=2735, price=58.83"}
2026-06-16 20:41:36,370 [WARNING]   ❌ 002149 修复失败: 计算买入数量失败: budget=2735, price=58.83
2026-06-16 20:41:36,371 [INFO] 
──────────────────────────────────────────────────
2026-06-16 20:41:36,371 [INFO] 处理: 002654 万润科技 (buy_strong)
2026-06-16 20:41:36,627 [INFO]   📡 新浪实时: 002654 = ¥16.8800 (昨收 ¥16.6200)
2026-06-16 20:41:36,627 [INFO]   💰 当前价格: ¥16.8800 (来源: sina)
2026-06-16 20:41:36,643 [INFO]   📋 执行结果: {"success": false, "msg": "今日新建仓位已达上限 3，无法新建 002654"}
2026-06-16 20:41:36,643 [WARNING]   ❌ 002654 修复失败: 今日新建仓位已达上限 3，无法新建 002654
2026-06-16 20:41:36,643 [INFO] 
──────────────────────────────────────────────────
2026-06-16 20:41:36,643 [INFO] 处理: 002290 禾盛新材 (buy_zone)
2026-06-16 20:41:36,904 [INFO]   📡 新浪实时: 002290 = ¥82.4700 (昨收 ¥82.5800)
2026-06-16 20:41:36,904 [INFO]   💰 当前价格: ¥82.4700 (来源: sina)
2026-06-16 20:41:36,907 [INFO]   📋 执行结果: {"success": false, "msg": "计算买入数量失败: budget=1641, price=82.47"}
2026-06-16 20:41:36,907 [WARNING]   ❌ 002290 修复失败: 计算买入数量失败: budget=1641, price=82.47
2026-06-16 20:41:36,907 [INFO] 
======================================================================
2026-06-16 20:41:36,907 [INFO] 修复完成: 成功=3, 失败=10, 跳过=1
2026-06-16 20:41:36,907 [INFO] 详细日志: C:\Users\Administrator\.openclaw\workspace\quant-learn\output\fix_signal_exec.log
2026-06-16 20:41:36,910 [INFO] 
📊 修复后账户状态:
2026-06-16 20:41:36,910 [INFO]    现金: ¥5,470.55
2026-06-16 20:41:36,910 [INFO]    总资产: ¥21,881.55
2026-06-16 20:41:36,913 [INFO] 
📊 修复后持仓 (4 个):
2026-06-16 20:41:36,913 [INFO]    001896 豫能控股 100股 成本¥14.9300 现价¥22.06
2026-06-16 20:41:36,913 [INFO]    301179 泽宇智能 200股 成本¥21.1400 现价¥21.14
2026-06-16 20:41:36,913 [INFO]    002067 景兴纸业 1100股 成本¥4.1800 现价¥4.18
2026-06-16 20:41:36,913 [INFO]    601728 中国电信 900股 成本¥5.9600 现价¥5.96
2026-06-16 20:41:36,913 [INFO] 
======================================================================
