
===== [START at 2026-05-22 14:01:44] =====

2026-05-22 14:01:45,562 [INFO] === 天通 600330 卖出监控启动 (剩余 200 股, 成本 32.818) ===
2026-05-22 14:01:46,002 [INFO] 推送 成功: {"errcode":0,"errmsg":"ok"}
2026-05-22 14:01:46,224 [INFO] 现价 29.24 (+6.33%) 高 29.88 低 27.90 @ 14:01:43
2026-05-22 14:02:16,454 [INFO] 现价 29.22 (+6.25%) 高 29.88 低 27.90 @ 14:02:13
2026-05-22 14:02:46,721 [INFO] 现价 29.21 (+6.22%) 高 29.88 低 27.90 @ 14:02:43
2026-05-22 14:03:17,002 [INFO] 现价 29.16 (+6.04%) 高 29.88 低 27.90 @ 14:03:13
2026-05-22 14:03:47,246 [INFO] 现价 29.14 (+5.96%) 高 29.88 低 27.90 @ 14:03:43
2026-05-22 14:04:17,484 [INFO] 现价 29.16 (+6.04%) 高 29.88 低 27.90 @ 14:04:13
2026-05-22 14:04:47,721 [INFO] 现价 29.16 (+6.04%) 高 29.88 低 27.90 @ 14:04:46
2026-05-22 14:05:17,969 [INFO] 现价 29.18 (+6.11%) 高 29.88 低 27.90 @ 14:05:16
2026-05-22 14:05:48,231 [INFO] 现价 29.22 (+6.25%) 高 29.88 低 27.90 @ 14:05:46
2026-05-22 14:06:18,475 [INFO] 现价 29.26 (+6.40%) 高 29.88 低 27.90 @ 14:06:16
2026-05-22 14:06:48,723 [INFO] 现价 29.28 (+6.47%) 高 29.88 低 27.90 @ 14:06:46
2026-05-22 14:07:18,980 [INFO] 现价 29.26 (+6.40%) 高 29.88 低 27.90 @ 14:07:16
2026-05-22 14:07:49,252 [INFO] 现价 29.26 (+6.40%) 高 29.88 低 27.90 @ 14:07:46
2026-05-22 14:08:19,535 [INFO] 现价 29.21 (+6.22%) 高 29.88 低 27.90 @ 14:08:16
2026-05-22 14:08:49,769 [INFO] 现价 29.21 (+6.22%) 高 29.88 低 27.90 @ 14:08:46
2026-05-22 14:09:20,002 [INFO] 现价 29.21 (+6.22%) 高 29.88 低 27.90 @ 14:09:19
2026-05-22 14:09:50,267 [INFO] 现价 29.24 (+6.33%) 高 29.88 低 27.90 @ 14:09:46
2026-05-22 14:10:20,517 [INFO] 现价 29.20 (+6.18%) 高 29.88 低 27.90 @ 14:10:19
2026-05-22 14:10:50,777 [INFO] 现价 29.23 (+6.29%) 高 29.88 低 27.90 @ 14:10:49
2026-05-22 14:11:21,052 [INFO] 现价 29.19 (+6.15%) 高 29.88 低 27.90 @ 14:11:19
2026-05-22 14:11:51,292 [INFO] 现价 29.23 (+6.29%) 高 29.88 低 27.90 @ 14:11:49
2026-05-22 14:12:21,513 [INFO] 现价 29.31 (+6.58%) 高 29.88 低 27.90 @ 14:12:19
2026-05-22 14:12:51,744 [INFO] 现价 29.30 (+6.55%) 高 29.88 低 27.90 @ 14:12:49
2026-05-22 14:13:21,977 [INFO] 现价 29.27 (+6.44%) 高 29.88 低 27.90 @ 14:13:19
2026-05-22 14:13:52,219 [INFO] 现价 29.20 (+6.18%) 高 29.88 低 27.90 @ 14:13:49
2026-05-22 14:14:22,465 [INFO] 现价 29.20 (+6.18%) 高 29.88 低 27.90 @ 14:14:19
2026-05-22 14:14:52,751 [INFO] 现价 29.19 (+6.15%) 高 29.88 低 27.90 @ 14:14:49
2026-05-22 14:15:22,997 [INFO] 现价 29.22 (+6.25%) 高 29.88 低 27.90 @ 14:15:19
2026-05-22 14:15:53,261 [INFO] 现价 29.20 (+6.18%) 高 29.88 低 27.90 @ 14:15:49
2026-05-22 14:16:23,499 [INFO] 现价 29.19 (+6.15%) 高 29.88 低 27.90 @ 14:16:22
2026-05-22 14:16:53,740 [INFO] 现价 29.21 (+6.22%) 高 29.88 低 27.90 @ 14:16:52
2026-05-22 14:17:23,983 [INFO] 现价 29.15 (+6.00%) 高 29.88 低 27.90 @ 14:17:22
2026-05-22 14:17:54,233 [INFO] 现价 29.10 (+5.82%) 高 29.88 低 27.90 @ 14:17:52
2026-05-22 14:18:24,472 [INFO] 现价 29.10 (+5.82%) 高 29.88 低 27.90 @ 14:18:22
2026-05-22 14:18:54,767 [INFO] 现价 29.06 (+5.67%) 高 29.88 低 27.90 @ 14:18:52
2026-05-22 14:19:25,000 [INFO] 现价 29.14 (+5.96%) 高 29.88 低 27.90 @ 14:19:22
2026-05-22 14:19:55,244 [INFO] 现价 29.14 (+5.96%) 高 29.88 低 27.90 @ 14:19:52
2026-05-22 14:20:25,483 [INFO] 现价 29.21 (+6.22%) 高 29.88 低 27.90 @ 14:20:22
2026-05-22 14:20:55,758 [INFO] 现价 29.21 (+6.22%) 高 29.88 低 27.90 @ 14:20:52
2026-05-22 14:21:25,997 [INFO] 现价 29.16 (+6.04%) 高 29.88 低 27.90 @ 14:21:22
2026-05-22 14:21:56,227 [INFO] 现价 29.16 (+6.04%) 高 29.88 低 27.90 @ 14:21:55
2026-05-22 14:22:26,458 [INFO] 现价 29.17 (+6.07%) 高 29.88 低 27.90 @ 14:22:22
2026-05-22 14:22:56,677 [INFO] 现价 29.20 (+6.18%) 高 29.88 低 27.90 @ 14:22:55
2026-05-22 14:23:26,897 [INFO] 现价 29.20 (+6.18%) 高 29.88 低 27.90 @ 14:23:25
2026-05-22 14:23:57,150 [INFO] 现价 29.22 (+6.25%) 高 29.88 低 27.90 @ 14:23:55
2026-05-22 14:24:27,375 [INFO] 现价 29.23 (+6.29%) 高 29.88 低 27.90 @ 14:24:25
2026-05-22 14:24:57,607 [INFO] 现价 29.25 (+6.36%) 高 29.88 低 27.90 @ 14:24:55
2026-05-22 14:25:27,837 [INFO] 现价 29.23 (+6.29%) 高 29.88 低 27.90 @ 14:25:25
2026-05-22 14:25:58,070 [INFO] 现价 29.25 (+6.36%) 高 29.88 低 27.90 @ 14:25:55
2026-05-22 14:26:28,311 [INFO] 现价 29.26 (+6.40%) 高 29.88 低 27.90 @ 14:26:25
2026-05-22 14:26:58,552 [INFO] 现价 29.27 (+6.44%) 高 29.88 低 27.90 @ 14:26:55
2026-05-22 14:27:28,793 [INFO] 现价 29.24 (+6.33%) 高 29.88 低 27.90 @ 14:27:25
2026-05-22 14:27:59,038 [INFO] 现价 29.24 (+6.33%) 高 29.88 低 27.90 @ 14:27:55
2026-05-22 14:28:29,280 [INFO] 现价 29.16 (+6.04%) 高 29.88 低 27.90 @ 14:28:25
2026-05-22 14:28:59,513 [INFO] 现价 29.11 (+5.85%) 高 29.88 低 27.90 @ 14:28:58
2026-05-22 14:29:29,764 [INFO] 现价 29.18 (+6.11%) 高 29.88 低 27.90 @ 14:29:28
2026-05-22 14:30:00,012 [INFO] 现价 29.16 (+6.04%) 高 29.88 低 27.90 @ 14:29:55
2026-05-22 14:30:30,262 [INFO] 现价 29.19 (+6.15%) 高 29.88 低 27.90 @ 14:30:28
2026-05-22 14:31:00,522 [INFO] 现价 29.18 (+6.11%) 高 29.88 低 27.90 @ 14:30:58
2026-05-22 14:31:30,752 [INFO] 现价 29.12 (+5.89%) 高 29.88 低 27.90 @ 14:31:25
2026-05-22 14:32:00,981 [INFO] 现价 29.12 (+5.89%) 高 29.88 低 27.90 @ 14:31:58
2026-05-22 14:32:31,211 [INFO] 现价 29.13 (+5.93%) 高 29.88 低 27.90 @ 14:32:28
2026-05-22 14:33:01,433 [INFO] 现价 29.15 (+6.00%) 高 29.88 低 27.90 @ 14:32:58
2026-05-22 14:33:31,667 [INFO] 现价 29.08 (+5.75%) 高 29.88 低 27.90 @ 14:33:28
2026-05-22 14:34:01,919 [INFO] 现价 29.10 (+5.82%) 高 29.88 低 27.90 @ 14:33:58
2026-05-22 14:34:32,154 [INFO] 现价 29.11 (+5.85%) 高 29.88 低 27.90 @ 14:34:28
2026-05-22 14:35:02,388 [INFO] 现价 29.13 (+5.93%) 高 29.88 低 27.90 @ 14:35:01
2026-05-22 14:35:32,616 [INFO] 现价 29.12 (+5.89%) 高 29.88 低 27.90 @ 14:35:28
2026-05-22 14:36:02,855 [INFO] 现价 29.15 (+6.00%) 高 29.88 低 27.90 @ 14:36:01
2026-05-22 14:36:33,087 [INFO] 现价 29.15 (+6.00%) 高 29.88 低 27.90 @ 14:36:31
2026-05-22 14:37:03,318 [INFO] 现价 29.15 (+6.00%) 高 29.88 低 27.90 @ 14:37:01
2026-05-22 14:37:33,542 [INFO] 现价 29.17 (+6.07%) 高 29.88 低 27.90 @ 14:37:31
2026-05-22 14:38:03,776 [INFO] 现价 29.17 (+6.07%) 高 29.88 低 27.90 @ 14:38:01
2026-05-22 14:38:34,003 [INFO] 现价 29.17 (+6.07%) 高 29.88 低 27.90 @ 14:38:31
2026-05-22 14:39:04,235 [INFO] 现价 29.17 (+6.07%) 高 29.88 低 27.90 @ 14:39:01
2026-05-22 14:39:34,458 [INFO] 现价 29.17 (+6.07%) 高 29.88 低 27.90 @ 14:39:31
2026-05-22 14:40:04,717 [INFO] 现价 29.16 (+6.04%) 高 29.88 低 27.90 @ 14:40:01
2026-05-22 14:40:34,963 [INFO] 现价 29.16 (+6.04%) 高 29.88 低 27.90 @ 14:40:31
2026-05-22 14:41:05,259 [INFO] 现价 29.17 (+6.07%) 高 29.88 低 27.90 @ 14:41:04
2026-05-22 14:41:35,488 [INFO] 现价 29.18 (+6.11%) 高 29.88 低 27.90 @ 14:41:34
2026-05-22 14:42:05,720 [INFO] 现价 29.19 (+6.15%) 高 29.88 低 27.90 @ 14:42:04
2026-05-22 14:42:35,968 [INFO] 现价 29.20 (+6.18%) 高 29.88 低 27.90 @ 14:42:34
2026-05-22 14:43:06,226 [INFO] 现价 29.21 (+6.22%) 高 29.88 低 27.90 @ 14:43:04
2026-05-22 14:43:36,458 [INFO] 现价 29.22 (+6.25%) 高 29.88 低 27.90 @ 14:43:34
2026-05-22 14:44:06,700 [INFO] 现价 29.22 (+6.25%) 高 29.88 低 27.90 @ 14:44:04
2026-05-22 14:44:36,925 [INFO] 现价 29.22 (+6.25%) 高 29.88 低 27.90 @ 14:44:34
2026-05-22 14:45:07,203 [INFO] 现价 29.22 (+6.25%) 高 29.88 低 27.90 @ 14:45:04
2026-05-22 14:45:07,649 [INFO] 推送 成功: {"errcode":0,"errmsg":"ok"}
2026-05-22 14:45:07,650 [INFO] 🔔 触发 tail_45_55_high: 现价 29.22
2026-05-22 14:45:37,877 [INFO] 现价 29.22 (+6.25%) 高 29.88 低 27.90 @ 14:45:34
2026-05-22 14:46:08,105 [INFO] 现价 29.21 (+6.22%) 高 29.88 低 27.90 @ 14:46:04
2026-05-22 14:46:38,362 [INFO] 现价 29.20 (+6.18%) 高 29.88 低 27.90 @ 14:46:37
2026-05-22 14:47:08,593 [INFO] 现价 29.22 (+6.25%) 高 29.88 低 27.90 @ 14:47:04
2026-05-22 14:47:38,828 [INFO] 现价 29.22 (+6.25%) 高 29.88 低 27.90 @ 14:47:37
2026-05-22 14:48:09,060 [INFO] 现价 29.22 (+6.25%) 高 29.88 低 27.90 @ 14:48:07
2026-05-22 14:48:39,303 [INFO] 现价 29.22 (+6.25%) 高 29.88 低 27.90 @ 14:48:37
2026-05-22 14:49:09,538 [INFO] 现价 29.22 (+6.25%) 高 29.88 低 27.90 @ 14:49:07
2026-05-22 14:49:39,781 [INFO] 现价 29.23 (+6.29%) 高 29.88 低 27.90 @ 14:49:37
2026-05-22 14:50:10,034 [INFO] 现价 29.27 (+6.44%) 高 29.88 低 27.90 @ 14:50:07
2026-05-22 14:50:40,264 [INFO] 现价 29.24 (+6.33%) 高 29.88 低 27.90 @ 14:50:37
2026-05-22 14:51:10,491 [INFO] 现价 29.24 (+6.33%) 高 29.88 低 27.90 @ 14:51:07
2026-05-22 14:51:40,725 [INFO] 现价 29.25 (+6.36%) 高 29.88 低 27.90 @ 14:51:37
