2026-06-24 08:00:02 ============================================================
2026-06-24 08:00:02 运维 Agent 每日巡检开始
2026-06-24 08:00:02   ✅ pm_service: PM 服务正常 (端口 8080)
[WinError 10054] 远程主机强迫关闭了一个现有的连接。
接收数据异常，请稍后再试。
2026-06-24 08:00:09   ❌ datasource: baostock 登录失败: 网络接收错误。
2026-06-24 08:00:09   ✅ account: 账户正常: 现金¥100,000, 总资产¥100,000
2026-06-24 08:00:13   ✅ scheduled_tasks: 所有 8 个关键计划任务正常
2026-06-24 08:00:13   ✅ disk_space: 磁盘空间正常 (C盘剩余 71.0GB/100GB)
2026-06-24 08:00:13 巡检完成: ❌ 存在异常
2026-06-24 08:00:13 已推送异常告警到企微
2026-06-25 08:00:02 ============================================================
2026-06-25 08:00:02 运维 Agent 每日巡检开始
2026-06-25 08:00:02   ✅ pm_service: PM 服务正常 (端口 8080)
[WinError 10054] 远程主机强迫关闭了一个现有的连接。
接收数据异常，请稍后再试。
2026-06-25 08:00:09   ❌ datasource: baostock 登录失败: 网络接收错误。
2026-06-25 08:00:09   ✅ account: 账户正常: 现金¥100,000, 总资产¥100,000
2026-06-25 08:00:13   ✅ scheduled_tasks: 所有 8 个关键计划任务正常
2026-06-25 08:00:13   ✅ disk_space: 磁盘空间正常 (C盘剩余 71.0GB/100GB)
2026-06-25 08:00:13 巡检完成: ❌ 存在异常
2026-06-25 08:00:14 已推送异常告警到企微
2026-06-27 08:00:02 ============================================================
2026-06-27 08:00:02 运维 Agent 每日巡检开始
2026-06-27 08:00:02   ✅ pm_service: PM 服务正常 (端口 8080)
2026-07-14 08:00:02 ============================================================
2026-07-14 08:00:02 运维 Agent 每日巡检开始
2026-07-14 08:00:03   ✅ pm_service: PM 服务正常 (端口 8080)
login failed!
2026-07-14 08:00:04   ❌ datasource: baostock 登录失败: 黑名单用户，请与管理员联系
2026-07-14 08:00:04   ✅ account: 账户正常: 现金¥170,373, 总资产¥217,679
2026-07-14 08:00:08   ✅ scheduled_tasks: 所有 8 个关键计划任务正常
2026-07-14 08:00:10   ✅ disk_space: 磁盘空间正常 (C盘剩余 1024.0GB/1024GB)
2026-07-14 08:00:10 巡检完成: ❌ 存在异常
2026-07-14 08:00:11 已推送异常告警到企微
2026-07-15 08:00:02 ============================================================
2026-07-15 08:00:02 运维 Agent 每日巡检开始
2026-07-15 08:00:02   ✅ pm_service: PM 服务正常 (端口 8080)
login failed!
2026-07-15 08:00:03   ❌ datasource: baostock 登录失败: 黑名单用户，请与管理员联系
2026-07-15 08:00:03   ✅ account: 账户正常: 现金¥141,175, 总资产¥218,862
2026-07-15 08:00:07   ✅ scheduled_tasks: 所有 8 个关键计划任务正常
2026-07-15 08:00:07   ✅ disk_space: 磁盘空间正常 (C盘剩余 1024.0GB/1024GB)
2026-07-15 08:00:07 巡检完成: ❌ 存在异常
2026-07-15 08:00:08 已推送异常告警到企微
2026-07-16 08:00:02 ============================================================
2026-07-16 08:00:02 运维 Agent 每日巡检开始
2026-07-16 08:00:02   ✅ pm_service: PM 服务正常 (端口 8080)
login failed!
2026-07-16 08:00:04   ❌ datasource: baostock 登录失败: 黑名单用户，请与管理员联系
2026-07-16 08:00:04   ✅ account: 账户正常: 现金¥121,992, 总资产¥219,479
2026-07-16 08:00:08   ✅ scheduled_tasks: 所有 8 个关键计划任务正常
2026-07-16 08:00:08   ✅ disk_space: 磁盘空间正常 (C盘剩余 1024.0GB/1024GB)
2026-07-16 08:00:08 巡检完成: ❌ 存在异常
2026-07-16 08:00:08 已推送异常告警到企微
2026-07-17 08:00:02 ============================================================
2026-07-17 08:00:02 运维 Agent 每日巡检开始
2026-07-17 08:00:02   ✅ pm_service: PM 服务正常 (端口 8080)
login failed!
2026-07-17 08:00:03   ❌ datasource: baostock 登录失败: 黑名单用户，请与管理员联系
2026-07-17 08:00:03   ✅ account: 账户正常: 现金¥119,926, 总资产¥217,923
2026-07-17 08:00:07   ✅ scheduled_tasks: 所有 8 个关键计划任务正常
2026-07-17 08:00:08   ✅ disk_space: 磁盘空间正常 (C盘剩余 1024.0GB/1024GB)
2026-07-17 08:00:08 巡检完成: ❌ 存在异常
2026-07-17 08:00:08 已推送异常告警到企微
