2026-06-24 00:37:11 ============================================================
2026-06-24 00:37:11 运维 Agent 每日巡检开始
2026-06-24 00:37:13   ❌ pm_service: PM 服务无响应 (端口 8080)
2026-06-24 00:37:20   ❌ datasource: baostock 登录失败: 网络接收错误。
2026-06-24 00:37:20   ✅ account: 账户正常: 现金¥100,000, 总资产¥100,000
2026-06-24 00:37:25   ❌ scheduled_tasks: QuantLearn_AdvisorIntraday 已禁用; QuantLearn_AdvisorReview 已禁用; QuantLearn_PM_Watchdog 已禁用; QuantLearn_DailyPM_Workflow 已禁用; QuantLearnDashboard 已禁用
2026-06-24 00:37:25   ✅ disk_space: 磁盘空间正常 (C盘剩余 71.0GB/100GB)
2026-06-24 00:37:25 巡检完成: ❌ 存在异常
2026-06-24 00:37:25 已推送异常告警到企微
2026-06-24 01:04:59 ============================================================
2026-06-24 01:04:59 运维 Agent 每日巡检开始
2026-06-24 01:04:59   ✅ pm_service: PM 服务正常 (端口 8080)
2026-06-24 01:05:06   ❌ datasource: baostock 登录失败: 网络接收错误。
2026-06-24 01:05:06   ✅ account: 账户正常: 现金¥100,000, 总资产¥100,000
2026-06-24 01:05:10   ✅ scheduled_tasks: 所有 8 个关键计划任务正常
2026-06-24 01:05:10   ✅ disk_space: 磁盘空间正常 (C盘剩余 71.0GB/100GB)
2026-06-24 01:05:10 巡检完成: ❌ 存在异常
2026-06-24 01:05:10 已推送异常告警到企微
2026-06-24 08:00:02 ============================================================
2026-06-24 08:00:02 运维 Agent 每日巡检开始
2026-06-24 08:00:02   ✅ pm_service: PM 服务正常 (端口 8080)
2026-06-24 08:00:09   ❌ datasource: baostock 登录失败: 网络接收错误。
2026-06-24 08:00:09   ✅ account: 账户正常: 现金¥100,000, 总资产¥100,000
2026-06-24 08:00:13   ✅ scheduled_tasks: 所有 8 个关键计划任务正常
2026-06-24 08:00:13   ✅ disk_space: 磁盘空间正常 (C盘剩余 71.0GB/100GB)
2026-06-24 08:00:13 巡检完成: ❌ 存在异常
2026-06-24 08:00:13 已推送异常告警到企微
2026-06-25 08:00:02 ============================================================
2026-06-25 08:00:02 运维 Agent 每日巡检开始
2026-06-25 08:00:02   ✅ pm_service: PM 服务正常 (端口 8080)
2026-06-25 08:00:09   ❌ datasource: baostock 登录失败: 网络接收错误。
2026-06-25 08:00:09   ✅ account: 账户正常: 现金¥100,000, 总资产¥100,000
2026-06-25 08:00:13   ✅ scheduled_tasks: 所有 8 个关键计划任务正常
2026-06-25 08:00:13   ✅ disk_space: 磁盘空间正常 (C盘剩余 71.0GB/100GB)
2026-06-25 08:00:13 巡检完成: ❌ 存在异常
2026-06-25 08:00:14 已推送异常告警到企微
