Using pip 24.0 from C:\Users\Administrator\.openclaw\workspace\quant-learn\.venv\Lib\site-packages\pip (python 3.11)
Collecting vnpy
  Obtaining dependency information for vnpy from https://files.pythonhosted.org/packages/4e/0c/3e0aa53b039d6c8a7437a094ba92c44db57d51bce9d920732c33d2ec0bc5/vnpy-4.4.0-py3-none-any.whl.metadata
  Using cached vnpy-4.4.0-py3-none-any.whl.metadata (22 kB)
Collecting deap>=1.4.2 (from vnpy)
  Obtaining dependency information for deap>=1.4.2 from https://files.pythonhosted.org/packages/7d/6e/4ba2e2e45fde8483b67e7bee7401a7f132e02c4058d31b6db301f546089a/deap-1.4.4-py3-none-any.whl.metadata
  Using cached deap-1.4.4-py3-none-any.whl.metadata (13 kB)
Collecting loguru>=0.7.3 (from vnpy)
  Obtaining dependency information for loguru>=0.7.3 from https://files.pythonhosted.org/packages/0c/29/0348de65b8cc732daa3e33e67806420b2ae89bdce2b04af740289c5c6c8c/loguru-0.7.3-py3-none-any.whl.metadata
  Using cached loguru-0.7.3-py3-none-any.whl.metadata (22 kB)
Collecting nbformat>=5.10.4 (from vnpy)
  Obtaining dependency information for nbformat>=5.10.4 from https://files.pythonhosted.org/packages/a9/82/0340caa499416c78e5d8f5f05947ae4bc3cba53c9f038ab6e9ed964e22f1/nbformat-5.10.4-py3-none-any.whl.metadata
  Using cached nbformat-5.10.4-py3-none-any.whl.metadata (3.6 kB)
Requirement already satisfied: numpy>=2.2.3 in c:\users\administrator\.openclaw\workspace\quant-learn\.venv\lib\site-packages (from vnpy) (2.4.5)
Requirement already satisfied: pandas>=2.2.3 in c:\users\administrator\.openclaw\workspace\quant-learn\.venv\lib\site-packages (from vnpy) (3.0.3)
Collecting plotly>=6.0.0 (from vnpy)
  Obtaining dependency information for plotly>=6.0.0 from https://files.pythonhosted.org/packages/90/ad/cba91b3bcf04073e4d1655a5c1710ef3f457f56f7d1b79dcc3d72f4dd912/plotly-6.7.0-py3-none-any.whl.metadata
  Using cached plotly-6.7.0-py3-none-any.whl.metadata (8.6 kB)
Collecting pyqtgraph>=0.13.7 (from vnpy)
  Obtaining dependency information for pyqtgraph>=0.13.7 from https://files.pythonhosted.org/packages/32/36/4c242f81fdcbfa4fb62a5645f6af79191f4097a0577bd5460c24f19cc4ef/pyqtgraph-0.14.0-py3-none-any.whl.metadata
  Using cached pyqtgraph-0.14.0-py3-none-any.whl.metadata (1.5 kB)
  Link requires a different Python (3.11.9 not in: '<3.11,>=3.6'): https://files.pythonhosted.org/packages/6f/46/58294881d2cf6a485cf0534a4eb22c19faad72da47e198e8afc8b4d9a506/PySide6-6.3.0-cp36-abi3-win_amd64.whl (from https://pypi.org/simple/pyside6/) (requires-python:<3.11,>=3.6)
  Link requires a different Python (3.11.9 not in: '<3.11,>=3.6'): https://files.pythonhosted.org/packages/af/fa/233b09b5952c83896ce54987f709ec83050ba1555dd4af54b114bceb2a1f/PySide6-6.3.1-cp36-abi3-win_amd64.whl (from https://pypi.org/simple/pyside6/) (requires-python:<3.11,>=3.6)
  Link requires a different Python (3.11.9 not in: '<3.11,>=3.6'): https://files.pythonhosted.org/packages/c1/cd/7f2ca33127cfa3bb16a14dfd9302878f434f1ffc3ddaa505d9ef01c833dd/PySide6-6.3.2-cp36-abi3-win_amd64.whl (from https://pypi.org/simple/pyside6/) (requires-python:<3.11,>=3.6)
Collecting pyside6==6.8.2.1 (from vnpy)
  Obtaining dependency information for pyside6==6.8.2.1 from https://files.pythonhosted.org/packages/fb/3d/3e626e1953408cb8977a050ce54b1f1adff9a4c06bb519f6d56ebaf9310c/PySide6-6.8.2.1-cp39-abi3-win_amd64.whl.metadata
  Using cached PySide6-6.8.2.1-cp39-abi3-win_amd64.whl.metadata (5.5 kB)
Collecting pyzmq>=26.3.0 (from vnpy)
  Obtaining dependency information for pyzmq>=26.3.0 from https://files.pythonhosted.org/packages/23/6d/d8d92a0eb270a925c9b4dd039c0b4dc10abc2fcbc48331788824ef113935/pyzmq-27.1.0-cp311-cp311-win_amd64.whl.metadata
  Using cached pyzmq-27.1.0-cp311-cp311-win_amd64.whl.metadata (6.0 kB)
Collecting qdarkstyle>=3.2.3 (from vnpy)
  Obtaining dependency information for qdarkstyle>=3.2.3 from https://files.pythonhosted.org/packages/93/7d/c3c10498430dadcea4def5faddf71cd199e577d20a125e7ef1e9d7bdbbfa/QDarkStyle-3.2.3-py2.py3-none-any.whl.metadata
  Using cached QDarkStyle-3.2.3-py2.py3-none-any.whl.metadata (3.2 kB)
Collecting qrcode>=7.4.2 (from vnpy)
  Obtaining dependency information for qrcode>=7.4.2 from https://files.pythonhosted.org/packages/dd/b8/d2d6d731733f51684bbf76bf34dab3b70a9148e8f2cef2bb544fccec681a/qrcode-8.2-py3-none-any.whl.metadata
  Using cached qrcode-8.2-py3-none-any.whl.metadata (17 kB)
Requirement already satisfied: requests>=2.32.0 in c:\users\administrator\.openclaw\workspace\quant-learn\.venv\lib\site-packages (from vnpy) (2.34.2)
Collecting ta-lib>=0.6.4 (from vnpy)
  Obtaining dependency information for ta-lib>=0.6.4 from https://files.pythonhosted.org/packages/2f/83/dcd76d7253a2d159d5e58821aea917fb7b4671eb07a71d0d3c770d7077d3/ta_lib-0.6.8-cp311-cp311-win_amd64.whl.metadata
  Using cached ta_lib-0.6.8-cp311-cp311-win_amd64.whl.metadata (24 kB)
Requirement already satisfied: tqdm>=4.67.1 in c:\users\administrator\.openclaw\workspace\quant-learn\.venv\lib\site-packages (from vnpy) (4.67.3)
Collecting tzlocal>=5.3.1 (from vnpy)
  Obtaining dependency information for tzlocal>=5.3.1 from https://files.pythonhosted.org/packages/c2/14/e2a54fabd4f08cd7af1c07030603c3356b74da07f7cc056e600436edfa17/tzlocal-5.3.1-py3-none-any.whl.metadata
  Using cached tzlocal-5.3.1-py3-none-any.whl.metadata (7.6 kB)
  Link requires a different Python (3.11.9 not in: '<3.11,>=3.6'): https://files.pythonhosted.org/packages/b4/dc/06688a7340802c923d769dd3885642ce1e86a63af98fd3b099b583294bc2/shiboken6-6.3.0-cp36-abi3-win_amd64.whl (from https://pypi.org/simple/shiboken6/) (requires-python:<3.11,>=3.6)
  Link requires a different Python (3.11.9 not in: '<3.11,>=3.6'): https://files.pythonhosted.org/packages/c0/23/3ce3122a30da4fa8477368627f03ac470daadbd95123b29e7dede83cbb15/shiboken6-6.3.1-cp36-abi3-win_amd64.whl (from https://pypi.org/simple/shiboken6/) (requires-python:<3.11,>=3.6)
  Link requires a different Python (3.11.9 not in: '<3.11,>=3.6'): https://files.pythonhosted.org/packages/fa/65/7f57e1013c61b2f88362e293b4926b4f9a7c28493618012d39073f4558ed/shiboken6-6.3.2-cp36-abi3-win_amd64.whl (from https://pypi.org/simple/shiboken6/) (requires-python:<3.11,>=3.6)
Collecting shiboken6==6.8.2.1 (from pyside6==6.8.2.1->vnpy)
  Obtaining dependency information for shiboken6==6.8.2.1 from https://files.pythonhosted.org/packages/ae/88/b56bdb38a11066e4eecd1da6be4205bb406398b733b392b11c5aaf9547f7/shiboken6-6.8.2.1-cp39-abi3-win_amd64.whl.metadata
  Using cached shiboken6-6.8.2.1-cp39-abi3-win_amd64.whl.metadata (2.6 kB)
  Link requires a different Python (3.11.9 not in: '<3.11,>=3.6'): https://files.pythonhosted.org/packages/55/e0/ccbf260a6545460d1da255810320d4f0cc8aee7fe4127eec07cfa6297228/PySide6_Essentials-6.3.0-cp36-abi3-win_amd64.whl (from https://pypi.org/simple/pyside6-essentials/) (requires-python:<3.11,>=3.6)
  Link requires a different Python (3.11.9 not in: '<3.11,>=3.6'): https://files.pythonhosted.org/packages/37/4c/dd461414d4ac9716df049f7ab56107eae16b3768049d1feedc3f51550e28/PySide6_Essentials-6.3.1-cp36-abi3-win_amd64.whl (from https://pypi.org/simple/pyside6-essentials/) (requires-python:<3.11,>=3.6)
  Link requires a different Python (3.11.9 not in: '<3.11,>=3.6'): https://files.pythonhosted.org/packages/f9/8c/7f61f2e82a279ba9e030afff8be4d0d0b220c46b1d1e426bf20801fbdb13/PySide6_Essentials-6.3.2-cp36-abi3-win_amd64.whl (from https://pypi.org/simple/pyside6-essentials/) (requires-python:<3.11,>=3.6)
Collecting PySide6-Essentials==6.8.2.1 (from pyside6==6.8.2.1->vnpy)
  Obtaining dependency information for PySide6-Essentials==6.8.2.1 from https://files.pythonhosted.org/packages/5b/54/28a8b03f327e2c1d27d4a1ccf1a44997afc73c00ad07125d889640367194/PySide6_Essentials-6.8.2.1-cp39-abi3-win_amd64.whl.metadata
  Using cached PySide6_Essentials-6.8.2.1-cp39-abi3-win_amd64.whl.metadata (3.9 kB)
  Link requires a different Python (3.11.9 not in: '<3.11,>=3.6'): https://files.pythonhosted.org/packages/36/53/046f2906216abe38b1485abdd45c9420118fa7bafdb24c2179c81757333f/PySide6_Addons-6.3.0-cp36-abi3-win_amd64.whl (from https://pypi.org/simple/pyside6-addons/) (requires-python:<3.11,>=3.6)
  Link requires a different Python (3.11.9 not in: '<3.11,>=3.6'): https://files.pythonhosted.org/packages/da/d2/eacfcd9a61dc0e04ce83197bfdff9be45be1882d0625df7d2bf1c13c014f/PySide6_Addons-6.3.1-cp36-abi3-win_amd64.whl (from https://pypi.org/simple/pyside6-addons/) (requires-python:<3.11,>=3.6)
  Link requires a different Python (3.11.9 not in: '<3.11,>=3.6'): https://files.pythonhosted.org/packages/9d/aa/4d09e79375a5234d1bf97f425d9b6ef276508135418a40004fcc361dad6d/PySide6_Addons-6.3.2-cp36-abi3-win_amd64.whl (from https://pypi.org/simple/pyside6-addons/) (requires-python:<3.11,>=3.6)
Collecting PySide6-Addons==6.8.2.1 (from pyside6==6.8.2.1->vnpy)
  Obtaining dependency information for PySide6-Addons==6.8.2.1 from https://files.pythonhosted.org/packages/0a/f8/98f85194f85a1fcff44ad98cd80cf6e856f7edee9e744fba81dec48b0ae9/PySide6_Addons-6.8.2.1-cp39-abi3-win_amd64.whl.metadata
  Using cached PySide6_Addons-6.8.2.1-cp39-abi3-win_amd64.whl.metadata (4.2 kB)
Collecting moocore (from deap>=1.4.2->vnpy)
  Obtaining dependency information for moocore from https://files.pythonhosted.org/packages/09/93/a21b67ddaddb89843869b78e7691d20eab5c5b869a2908cda86fd0d8f663/moocore-0.3.1-cp310-abi3-win_amd64.whl.metadata
  Using cached moocore-0.3.1-cp310-abi3-win_amd64.whl.metadata (6.7 kB)
Requirement already satisfied: colorama>=0.3.4 in c:\users\administrator\.openclaw\workspace\quant-learn\.venv\lib\site-packages (from loguru>=0.7.3->vnpy) (0.4.6)
Collecting win32-setctime>=1.0.0 (from loguru>=0.7.3->vnpy)
  Obtaining dependency information for win32-setctime>=1.0.0 from https://files.pythonhosted.org/packages/e1/07/c6fe3ad3e685340704d314d765b7912993bcb8dc198f0e7a89382d37974b/win32_setctime-1.2.0-py3-none-any.whl.metadata
  Using cached win32_setctime-1.2.0-py3-none-any.whl.metadata (2.4 kB)
Collecting fastjsonschema>=2.15 (from nbformat>=5.10.4->vnpy)
  Obtaining dependency information for fastjsonschema>=2.15 from https://files.pythonhosted.org/packages/cb/a8/20d0723294217e47de6d9e2e40fd4a9d2f7c4b6ef974babd482a59743694/fastjsonschema-2.21.2-py3-none-any.whl.metadata
  Using cached fastjsonschema-2.21.2-py3-none-any.whl.metadata (2.3 kB)
Collecting jsonschema>=2.6 (from nbformat>=5.10.4->vnpy)
  Obtaining dependency information for jsonschema>=2.6 from https://files.pythonhosted.org/packages/69/90/f63fb5873511e014207a475e2bb4e8b2e570d655b00ac19a9a0ca0a385ee/jsonschema-4.26.0-py3-none-any.whl.metadata
  Using cached jsonschema-4.26.0-py3-none-any.whl.metadata (7.6 kB)
Collecting jupyter-core!=5.0.*,>=4.12 (from nbformat>=5.10.4->vnpy)
  Obtaining dependency information for jupyter-core!=5.0.*,>=4.12 from https://files.pythonhosted.org/packages/e7/e7/80988e32bf6f73919a113473a604f5a8f09094de312b9d52b79c2df7612b/jupyter_core-5.9.1-py3-none-any.whl.metadata
  Using cached jupyter_core-5.9.1-py3-none-any.whl.metadata (1.5 kB)
Collecting traitlets>=5.1 (from nbformat>=5.10.4->vnpy)
  Obtaining dependency information for traitlets>=5.1 from https://files.pythonhosted.org/packages/da/98/a9937a969d018a23badfea0b381f66783649d48e0ea6c41923265c3cbeb3/traitlets-5.15.0-py3-none-any.whl.metadata
  Using cached traitlets-5.15.0-py3-none-any.whl.metadata (10 kB)
Requirement already satisfied: python-dateutil>=2.8.2 in c:\users\administrator\.openclaw\workspace\quant-learn\.venv\lib\site-packages (from pandas>=2.2.3->vnpy) (2.9.0.post0)
Requirement already satisfied: tzdata in c:\users\administrator\.openclaw\workspace\quant-learn\.venv\lib\site-packages (from pandas>=2.2.3->vnpy) (2026.2)
Collecting narwhals>=1.15.1 (from plotly>=6.0.0->vnpy)
  Obtaining dependency information for narwhals>=1.15.1 from https://files.pythonhosted.org/packages/1d/77/928ea2e70641ca177a11140062cc5840d421795f2e82749d408d0cce900a/narwhals-2.21.2-py3-none-any.whl.metadata
  Using cached narwhals-2.21.2-py3-none-any.whl.metadata (16 kB)
Requirement already satisfied: packaging in c:\users\administrator\.openclaw\workspace\quant-learn\.venv\lib\site-packages (from plotly>=6.0.0->vnpy) (26.2)
Collecting qtpy>=2 (from qdarkstyle>=3.2.3->vnpy)
  Obtaining dependency information for qtpy>=2 from https://files.pythonhosted.org/packages/69/76/37c0ccd5ab968a6a438f9c623aeecc84c202ab2fabc6a8fd927580c15b5a/QtPy-2.4.3-py3-none-any.whl.metadata
  Using cached QtPy-2.4.3-py3-none-any.whl.metadata (12 kB)
Requirement already satisfied: charset_normalizer<4,>=2 in c:\users\administrator\.openclaw\workspace\quant-learn\.venv\lib\site-packages (from requests>=2.32.0->vnpy) (3.4.7)
Requirement already satisfied: idna<4,>=2.5 in c:\users\administrator\.openclaw\workspace\quant-learn\.venv\lib\site-packages (from requests>=2.32.0->vnpy) (3.15)
Requirement already satisfied: urllib3<3,>=1.26 in c:\users\administrator\.openclaw\workspace\quant-learn\.venv\lib\site-packages (from requests>=2.32.0->vnpy) (2.7.0)
Requirement already satisfied: certifi>=2023.5.7 in c:\users\administrator\.openclaw\workspace\quant-learn\.venv\lib\site-packages (from requests>=2.32.0->vnpy) (2026.4.22)
Collecting build (from ta-lib>=0.6.4->vnpy)
  Obtaining dependency information for build from https://files.pythonhosted.org/packages/0d/fe/6bea5c9162869c5beba5d9c8abbed835ec85bf1ec1fba05a3822325c45f3/build-1.5.0-py3-none-any.whl.metadata
  Using cached build-1.5.0-py3-none-any.whl.metadata (5.7 kB)
Collecting attrs>=22.2.0 (from jsonschema>=2.6->nbformat>=5.10.4->vnpy)
  Obtaining dependency information for attrs>=22.2.0 from https://files.pythonhosted.org/packages/64/b4/17d4b0b2a2dc85a6df63d1157e028ed19f90d4cd97c36717afef2bc2f395/attrs-26.1.0-py3-none-any.whl.metadata
  Using cached attrs-26.1.0-py3-none-any.whl.metadata (8.8 kB)
Collecting jsonschema-specifications>=2023.03.6 (from jsonschema>=2.6->nbformat>=5.10.4->vnpy)
  Obtaining dependency information for jsonschema-specifications>=2023.03.6 from https://files.pythonhosted.org/packages/41/45/1a4ed80516f02155c51f51e8cedb3c1902296743db0bbc66608a0db2814f/jsonschema_specifications-2025.9.1-py3-none-any.whl.metadata
  Using cached jsonschema_specifications-2025.9.1-py3-none-any.whl.metadata (2.9 kB)
Collecting referencing>=0.28.4 (from jsonschema>=2.6->nbformat>=5.10.4->vnpy)
  Obtaining dependency information for referencing>=0.28.4 from https://files.pythonhosted.org/packages/2c/58/ca301544e1fa93ed4f80d724bf5b194f6e4b945841c5bfd555878eea9fcb/referencing-0.37.0-py3-none-any.whl.metadata
  Using cached referencing-0.37.0-py3-none-any.whl.metadata (2.8 kB)
Collecting rpds-py>=0.25.0 (from jsonschema>=2.6->nbformat>=5.10.4->vnpy)
  Obtaining dependency information for rpds-py>=0.25.0 from https://files.pythonhosted.org/packages/fa/5b/e7b7aa136f28462b344e652ee010d4de26ee9fd16f1bfd5811f5153ccf89/rpds_py-0.30.0-cp311-cp311-win_amd64.whl.metadata
  Using cached rpds_py-0.30.0-cp311-cp311-win_amd64.whl.metadata (4.2 kB)
Collecting platformdirs>=2.5 (from jupyter-core!=5.0.*,>=4.12->nbformat>=5.10.4->vnpy)
  Obtaining dependency information for platformdirs>=2.5 from https://files.pythonhosted.org/packages/75/a6/a0a304dc33b49145b21f4808d763822111e67d1c3a32b524a1baf947b6e1/platformdirs-4.9.6-py3-none-any.whl.metadata
  Using cached platformdirs-4.9.6-py3-none-any.whl.metadata (4.7 kB)
Requirement already satisfied: six>=1.5 in c:\users\administrator\.openclaw\workspace\quant-learn\.venv\lib\site-packages (from python-dateutil>=2.8.2->pandas>=2.2.3->vnpy) (1.17.0)
Collecting pyproject_hooks (from build->ta-lib>=0.6.4->vnpy)
  Obtaining dependency information for pyproject_hooks from https://files.pythonhosted.org/packages/bd/24/12818598c362d7f300f18e74db45963dbcb85150324092410c8b49405e42/pyproject_hooks-1.2.0-py3-none-any.whl.metadata
  Using cached pyproject_hooks-1.2.0-py3-none-any.whl.metadata (1.3 kB)
Requirement already satisfied: cffi>=1.17.1 in c:\users\administrator\.openclaw\workspace\quant-learn\.venv\lib\site-packages (from moocore->deap>=1.4.2->vnpy) (2.0.0)
Requirement already satisfied: pycparser in c:\users\administrator\.openclaw\workspace\quant-learn\.venv\lib\site-packages (from cffi>=1.17.1->moocore->deap>=1.4.2->vnpy) (3.0)
Requirement already satisfied: typing-extensions>=4.4.0 in c:\users\administrator\.openclaw\workspace\quant-learn\.venv\lib\site-packages (from referencing>=0.28.4->jsonschema>=2.6->nbformat>=5.10.4->vnpy) (4.15.0)
Using cached vnpy-4.4.0-py3-none-any.whl (201 kB)
Using cached PySide6-6.8.2.1-cp39-abi3-win_amd64.whl (556 kB)
Using cached PySide6_Addons-6.8.2.1-cp39-abi3-win_amd64.whl (128.0 MB)
Using cached PySide6_Essentials-6.8.2.1-cp39-abi3-win_amd64.whl (72.5 MB)
Using cached shiboken6-6.8.2.1-cp39-abi3-win_amd64.whl (1.2 MB)
Using cached deap-1.4.4-py3-none-any.whl (93 kB)
Using cached loguru-0.7.3-py3-none-any.whl (61 kB)
Using cached nbformat-5.10.4-py3-none-any.whl (78 kB)
Using cached plotly-6.7.0-py3-none-any.whl (9.9 MB)
Downloading pyqtgraph-0.14.0-py3-none-any.whl (1.9 MB)
Downloading pyzmq-27.1.0-cp311-cp311-win_amd64.whl (633 kB)
Downloading QDarkStyle-3.2.3-py2.py3-none-any.whl (871 kB)
Downloading qrcode-8.2-py3-none-any.whl (45 kB)
Downloading ta_lib-0.6.8-cp311-cp311-win_amd64.whl (920 kB)
Downloading tzlocal-5.3.1-py3-none-any.whl (18 kB)
Downloading fastjsonschema-2.21.2-py3-none-any.whl (24 kB)
Downloading jsonschema-4.26.0-py3-none-any.whl (90 kB)
Downloading jupyter_core-5.9.1-py3-none-any.whl (29 kB)
Downloading narwhals-2.21.2-py3-none-any.whl (451 kB)
Downloading QtPy-2.4.3-py3-none-any.whl (95 kB)
Downloading traitlets-5.15.0-py3-none-any.whl (85 kB)
Downloading win32_setctime-1.2.0-py3-none-any.whl (4.1 kB)
Downloading build-1.5.0-py3-none-any.whl (26 kB)
Downloading moocore-0.3.1-cp310-abi3-win_amd64.whl (517 kB)
Downloading attrs-26.1.0-py3-none-any.whl (67 kB)
Downloading jsonschema_specifications-2025.9.1-py3-none-any.whl (18 kB)
Downloading platformdirs-4.9.6-py3-none-any.whl (21 kB)
Downloading referencing-0.37.0-py3-none-any.whl (26 kB)
Downloading rpds_py-0.30.0-cp311-cp311-win_amd64.whl (236 kB)
Downloading pyproject_hooks-1.2.0-py3-none-any.whl (10 kB)
Installing collected packages: fastjsonschema, win32-setctime, tzlocal, traitlets, shiboken6, rpds-py, qtpy, qrcode, pyzmq, pyqtgraph, pyproject_hooks, platformdirs, narwhals, attrs, referencing, qdarkstyle, PySide6-Essentials, plotly, moocore, loguru, jupyter-core, build, ta-lib, PySide6-Addons, jsonschema-specifications, deap, pyside6, jsonschema, nbformat, vnpy
Successfully installed PySide6-Addons-6.8.2.1 PySide6-Essentials-6.8.2.1 attrs-26.1.0 build-1.5.0 deap-1.4.4 fastjsonschema-2.21.2 jsonschema-4.26.0 jsonschema-specifications-2025.9.1 jupyter-core-5.9.1 loguru-0.7.3 moocore-0.3.1 narwhals-2.21.2 nbformat-5.10.4 platformdirs-4.9.6 plotly-6.7.0 pyproject_hooks-1.2.0 pyqtgraph-0.14.0 pyside6-6.8.2.1 pyzmq-27.1.0 qdarkstyle-3.2.3 qrcode-8.2 qtpy-2.4.3 referencing-0.37.0 rpds-py-0.30.0 shiboken6-6.8.2.1 ta-lib-0.6.8 traitlets-5.15.0 tzlocal-5.3.1 vnpy-4.4.0 win32-setctime-1.2.0

[notice] A new release of pip is available: 24.0 -> 26.1.1
[notice] To update, run: C:\Users\Administrator\.openclaw\workspace\quant-learn\.venv\Scripts\python.exe -m pip install --upgrade pip
