2026-06-24 00:32:42 [WATCHDOG] 看门狗检查开始...
2026-06-24 00:32:44 [WATCHDOG] PM 服务无响应，尝试重启...
2026-06-24 00:32:53 [WATCHDOG] PM 服务启动后仍未响应 (PID=25860)
2026-06-24 00:32:53 [WATCHDOG] PM 服务重启失败
2026-06-24 00:35:03 [WATCHDOG] 看门狗检查开始...
2026-06-24 00:35:04 [WATCHDOG] PM 服务运行正常
2026-06-24 00:40:03 [WATCHDOG] 看门狗检查开始...
2026-06-24 00:40:05 [WATCHDOG] PM 服务无响应，尝试重启...
2026-06-24 00:40:21 [WATCHDOG] PM 服务启动后仍未响应 (PID=9128)
2026-06-24 00:40:21 [WATCHDOG] PM 服务重启失败
2026-06-24 00:45:02 [WATCHDOG] 看门狗检查开始...
2026-06-24 00:45:05 [WATCHDOG] PM 服务无响应，尝试重启...
2026-06-24 00:45:21 [WATCHDOG] PM 服务启动后仍未响应 (PID=18576)
2026-06-24 00:45:21 [WATCHDOG] PM 服务重启失败
2026-06-24 00:50:03 [WATCHDOG] 看门狗检查开始...
2026-06-24 00:50:05 [WATCHDOG] PM 服务无响应，尝试重启...
2026-06-24 00:50:21 [WATCHDOG] PM 服务启动后仍未响应 (PID=12256)
2026-06-24 00:50:21 [WATCHDOG] PM 服务重启失败
2026-06-24 00:55:03 [WATCHDOG] 看门狗检查开始...
2026-06-24 00:55:05 [WATCHDOG] PM 服务无响应，尝试重启...
2026-06-24 00:55:21 [WATCHDOG] PM 服务启动后仍未响应 (PID=2412)
2026-06-24 00:55:21 [WATCHDOG] PM 服务重启失败
2026-06-24 01:00:02 [WATCHDOG] 看门狗检查开始...
2026-06-24 01:00:05 [WATCHDOG] PM 服务无响应，尝试重启...
2026-06-24 01:00:21 [WATCHDOG] PM 服务启动后仍未响应 (PID=13112)
2026-06-24 01:00:21 [WATCHDOG] PM 服务重启失败
2026-06-24 01:04:13 [WATCHDOG] 看门狗检查开始...
2026-06-24 01:04:13 [WATCHDOG] PM 服务运行正常
2026-06-24 01:05:03 [WATCHDOG] --- 看门狗检查开始 ---
2026-06-24 01:05:03 [WATCHDOG] PM 服务运行正常 (status=200, pid=12464)
2026-06-24 01:05:09 [WATCHDOG] --- 看门狗检查开始 ---
2026-06-24 01:05:11 [WATCHDOG] PM 服务无响应 (<urlopen error [WinError 10061] 由于目标计算机积极拒绝，无法连接。>)，尝试重启...
2026-06-24 01:05:11 [WATCHDOG] 启动 PM 服务: python C:\Users\Administrator\.openclaw\workspace\quant-learn\web\app.py
2026-06-24 01:05:11 [WATCHDOG] PM 服务已启动 (PID=10480)
2026-06-24 01:05:14 [WATCHDOG] 健康检查通过（第1次）: status=200, pid=10480
2026-06-24 01:05:14 [WATCHDOG] PM 服务重启成功
2026-06-24 01:09:02 [WATCHDOG] --- 看门狗检查开始 ---
2026-06-24 01:09:03 [WATCHDOG] PM 服务运行正常 (status=200, pid=10480)
2026-06-24 01:10:03 [WATCHDOG] --- 看门狗检查开始 ---
2026-06-24 01:10:03 [WATCHDOG] PM 服务运行正常 (status=200, pid=10480)
2026-06-24 01:14:03 [WATCHDOG] --- 看门狗检查开始 ---
2026-06-24 01:14:03 [WATCHDOG] PM 服务运行正常 (status=200, pid=10480)
2026-06-24 01:15:02 [WATCHDOG] --- 看门狗检查开始 ---
2026-06-24 01:15:02 [WATCHDOG] PM 服务运行正常 (status=200, pid=10480)
2026-06-24 01:19:02 [WATCHDOG] --- 看门狗检查开始 ---
2026-06-24 01:19:03 [WATCHDOG] PM 服务运行正常 (status=200, pid=10480)
2026-06-24 01:20:02 [WATCHDOG] --- 看门狗检查开始 ---
2026-06-24 01:20:02 [WATCHDOG] PM 服务运行正常 (status=200, pid=10480)
2026-06-24 01:24:02 [WATCHDOG] --- 看门狗检查开始 ---
2026-06-24 01:24:02 [WATCHDOG] PM 服务运行正常 (status=200, pid=10480)
2026-06-24 01:25:03 [WATCHDOG] --- 看门狗检查开始 ---
2026-06-24 01:25:03 [WATCHDOG] PM 服务运行正常 (status=200, pid=10480)
2026-06-24 01:29:02 [WATCHDOG] --- 看门狗检查开始 ---
2026-06-24 01:29:03 [WATCHDOG] PM 服务运行正常 (status=200, pid=10480)
2026-06-24 01:30:03 [WATCHDOG] --- 看门狗检查开始 ---
2026-06-24 01:30:03 [WATCHDOG] PM 服务运行正常 (status=200, pid=10480)
2026-06-24 01:34:02 [WATCHDOG] --- 看门狗检查开始 ---
2026-06-24 01:34:03 [WATCHDOG] PM 服务运行正常 (status=200, pid=10480)
2026-06-24 01:35:02 [WATCHDOG] --- 看门狗检查开始 ---
2026-06-24 01:35:02 [WATCHDOG] PM 服务运行正常 (status=200, pid=10480)
2026-06-24 01:39:02 [WATCHDOG] --- 看门狗检查开始 ---
2026-06-24 01:39:03 [WATCHDOG] PM 服务运行正常 (status=200, pid=10480)
2026-06-24 01:40:02 [WATCHDOG] --- 看门狗检查开始 ---
2026-06-24 01:40:02 [WATCHDOG] PM 服务运行正常 (status=200, pid=10480)
2026-06-24 01:44:02 [WATCHDOG] --- 看门狗检查开始 ---
2026-06-24 01:44:03 [WATCHDOG] PM 服务运行正常 (status=200, pid=10480)
2026-06-24 01:45:03 [WATCHDOG] --- 看门狗检查开始 ---
2026-06-24 01:45:03 [WATCHDOG] PM 服务运行正常 (status=200, pid=10480)
2026-06-24 01:49:02 [WATCHDOG] --- 看门狗检查开始 ---
2026-06-24 01:49:03 [WATCHDOG] PM 服务运行正常 (status=200, pid=10480)
2026-06-24 01:50:02 [WATCHDOG] --- 看门狗检查开始 ---
2026-06-24 01:50:02 [WATCHDOG] PM 服务运行正常 (status=200, pid=10480)
2026-06-24 01:54:02 [WATCHDOG] --- 看门狗检查开始 ---
2026-06-24 01:54:03 [WATCHDOG] PM 服务运行正常 (status=200, pid=10480)
2026-06-24 01:55:02 [WATCHDOG] --- 看门狗检查开始 ---
2026-06-24 01:55:02 [WATCHDOG] PM 服务运行正常 (status=200, pid=10480)
2026-06-24 01:59:02 [WATCHDOG] --- 看门狗检查开始 ---
2026-06-24 01:59:02 [WATCHDOG] PM 服务运行正常 (status=200, pid=10480)
2026-06-24 02:00:02 [WATCHDOG] --- 看门狗检查开始 ---
2026-06-24 02:00:02 [WATCHDOG] PM 服务运行正常 (status=200, pid=10480)
2026-06-24 02:04:03 [WATCHDOG] --- 看门狗检查开始 ---
2026-06-24 02:04:03 [WATCHDOG] PM 服务运行正常 (status=200, pid=10480)
2026-06-24 02:05:03 [WATCHDOG] --- 看门狗检查开始 ---
2026-06-24 02:05:03 [WATCHDOG] PM 服务运行正常 (status=200, pid=10480)
2026-06-24 02:09:02 [WATCHDOG] --- 看门狗检查开始 ---
2026-06-24 02:09:03 [WATCHDOG] PM 服务运行正常 (status=200, pid=10480)
2026-06-24 02:10:03 [WATCHDOG] --- 看门狗检查开始 ---
2026-06-24 02:10:03 [WATCHDOG] PM 服务运行正常 (status=200, pid=10480)
2026-06-24 02:14:03 [WATCHDOG] --- 看门狗检查开始 ---
2026-06-24 02:14:03 [WATCHDOG] PM 服务运行正常 (status=200, pid=10480)
2026-06-24 02:15:02 [WATCHDOG] --- 看门狗检查开始 ---
2026-06-24 02:15:02 [WATCHDOG] PM 服务运行正常 (status=200, pid=10480)
2026-06-24 02:19:02 [WATCHDOG] --- 看门狗检查开始 ---
2026-06-24 02:19:03 [WATCHDOG] PM 服务运行正常 (status=200, pid=10480)
2026-06-24 02:20:03 [WATCHDOG] --- 看门狗检查开始 ---
2026-06-24 02:20:03 [WATCHDOG] PM 服务运行正常 (status=200, pid=10480)
2026-06-24 02:24:02 [WATCHDOG] --- 看门狗检查开始 ---
2026-06-24 02:24:03 [WATCHDOG] PM 服务运行正常 (status=200, pid=10480)
2026-06-24 02:25:03 [WATCHDOG] --- 看门狗检查开始 ---
2026-06-24 02:25:03 [WATCHDOG] PM 服务运行正常 (status=200, pid=10480)
2026-06-24 02:29:02 [WATCHDOG] --- 看门狗检查开始 ---
2026-06-24 02:29:03 [WATCHDOG] PM 服务运行正常 (status=200, pid=10480)
2026-06-24 02:30:02 [WATCHDOG] --- 看门狗检查开始 ---
2026-06-24 02:30:02 [WATCHDOG] PM 服务运行正常 (status=200, pid=10480)
2026-06-24 02:34:02 [WATCHDOG] --- 看门狗检查开始 ---
2026-06-24 02:34:03 [WATCHDOG] PM 服务运行正常 (status=200, pid=10480)
2026-06-24 02:35:03 [WATCHDOG] --- 看门狗检查开始 ---
2026-06-24 02:35:03 [WATCHDOG] PM 服务运行正常 (status=200, pid=10480)
2026-06-24 02:39:02 [WATCHDOG] --- 看门狗检查开始 ---
2026-06-24 02:39:03 [WATCHDOG] PM 服务运行正常 (status=200, pid=10480)
2026-06-24 02:40:02 [WATCHDOG] --- 看门狗检查开始 ---
2026-06-24 02:40:02 [WATCHDOG] PM 服务运行正常 (status=200, pid=10480)
2026-06-24 02:44:03 [WATCHDOG] --- 看门狗检查开始 ---
2026-06-24 02:44:03 [WATCHDOG] PM 服务运行正常 (status=200, pid=10480)
2026-06-24 02:45:02 [WATCHDOG] --- 看门狗检查开始 ---
2026-06-24 02:45:02 [WATCHDOG] PM 服务运行正常 (status=200, pid=10480)
2026-06-24 02:49:03 [WATCHDOG] --- 看门狗检查开始 ---
2026-06-24 02:49:03 [WATCHDOG] PM 服务运行正常 (status=200, pid=10480)
2026-06-24 02:50:02 [WATCHDOG] --- 看门狗检查开始 ---
2026-06-24 02:50:02 [WATCHDOG] PM 服务运行正常 (status=200, pid=10480)
2026-06-24 02:54:03 [WATCHDOG] --- 看门狗检查开始 ---
2026-06-24 02:54:03 [WATCHDOG] PM 服务运行正常 (status=200, pid=10480)
2026-06-24 02:55:02 [WATCHDOG] --- 看门狗检查开始 ---
2026-06-24 02:55:02 [WATCHDOG] PM 服务运行正常 (status=200, pid=10480)
2026-06-24 02:59:03 [WATCHDOG] --- 看门狗检查开始 ---
2026-06-24 02:59:03 [WATCHDOG] PM 服务运行正常 (status=200, pid=10480)
2026-06-24 03:00:02 [WATCHDOG] --- 看门狗检查开始 ---
2026-06-24 03:00:02 [WATCHDOG] PM 服务运行正常 (status=200, pid=10480)
2026-06-24 03:04:02 [WATCHDOG] --- 看门狗检查开始 ---
2026-06-24 03:04:03 [WATCHDOG] PM 服务运行正常 (status=200, pid=10480)
2026-06-24 03:05:02 [WATCHDOG] --- 看门狗检查开始 ---
2026-06-24 03:05:02 [WATCHDOG] PM 服务运行正常 (status=200, pid=10480)
2026-06-24 03:09:02 [WATCHDOG] --- 看门狗检查开始 ---
2026-06-24 03:09:03 [WATCHDOG] PM 服务运行正常 (status=200, pid=10480)
2026-06-24 03:10:02 [WATCHDOG] --- 看门狗检查开始 ---
2026-06-24 03:10:02 [WATCHDOG] PM 服务运行正常 (status=200, pid=10480)
2026-06-24 03:14:03 [WATCHDOG] --- 看门狗检查开始 ---
2026-06-24 03:14:03 [WATCHDOG] PM 服务运行正常 (status=200, pid=10480)
2026-06-24 03:15:02 [WATCHDOG] --- 看门狗检查开始 ---
2026-06-24 03:15:02 [WATCHDOG] PM 服务运行正常 (status=200, pid=10480)
2026-06-24 03:19:02 [WATCHDOG] --- 看门狗检查开始 ---
2026-06-24 03:19:03 [WATCHDOG] PM 服务运行正常 (status=200, pid=10480)
2026-06-24 03:20:02 [WATCHDOG] --- 看门狗检查开始 ---
2026-06-24 03:20:02 [WATCHDOG] PM 服务运行正常 (status=200, pid=10480)
2026-06-24 03:24:03 [WATCHDOG] --- 看门狗检查开始 ---
2026-06-24 03:24:03 [WATCHDOG] PM 服务运行正常 (status=200, pid=10480)
2026-06-24 03:25:03 [WATCHDOG] --- 看门狗检查开始 ---
2026-06-24 03:25:03 [WATCHDOG] PM 服务运行正常 (status=200, pid=10480)
2026-06-24 03:29:03 [WATCHDOG] --- 看门狗检查开始 ---
2026-06-24 03:29:03 [WATCHDOG] PM 服务运行正常 (status=200, pid=10480)
2026-06-24 03:30:03 [WATCHDOG] --- 看门狗检查开始 ---
2026-06-24 03:30:03 [WATCHDOG] PM 服务运行正常 (status=200, pid=10480)
2026-06-24 03:34:03 [WATCHDOG] --- 看门狗检查开始 ---
2026-06-24 03:34:03 [WATCHDOG] PM 服务运行正常 (status=200, pid=10480)
2026-06-24 03:35:03 [WATCHDOG] --- 看门狗检查开始 ---
2026-06-24 03:35:03 [WATCHDOG] PM 服务运行正常 (status=200, pid=10480)
2026-06-24 03:39:03 [WATCHDOG] --- 看门狗检查开始 ---
2026-06-24 03:39:03 [WATCHDOG] PM 服务运行正常 (status=200, pid=10480)
2026-06-24 03:40:02 [WATCHDOG] --- 看门狗检查开始 ---
2026-06-24 03:40:02 [WATCHDOG] PM 服务运行正常 (status=200, pid=10480)
2026-06-24 03:44:03 [WATCHDOG] --- 看门狗检查开始 ---
2026-06-24 03:44:03 [WATCHDOG] PM 服务运行正常 (status=200, pid=10480)
2026-06-24 03:45:02 [WATCHDOG] --- 看门狗检查开始 ---
2026-06-24 03:45:02 [WATCHDOG] PM 服务运行正常 (status=200, pid=10480)
2026-06-24 03:49:03 [WATCHDOG] --- 看门狗检查开始 ---
2026-06-24 03:49:03 [WATCHDOG] PM 服务运行正常 (status=200, pid=10480)
2026-06-24 03:50:02 [WATCHDOG] --- 看门狗检查开始 ---
2026-06-24 03:50:02 [WATCHDOG] PM 服务运行正常 (status=200, pid=10480)
2026-06-24 03:54:03 [WATCHDOG] --- 看门狗检查开始 ---
2026-06-24 03:54:03 [WATCHDOG] PM 服务运行正常 (status=200, pid=10480)
2026-06-24 03:55:02 [WATCHDOG] --- 看门狗检查开始 ---
2026-06-24 03:55:02 [WATCHDOG] PM 服务运行正常 (status=200, pid=10480)
2026-06-24 03:59:03 [WATCHDOG] --- 看门狗检查开始 ---
2026-06-24 03:59:03 [WATCHDOG] PM 服务运行正常 (status=200, pid=10480)
2026-06-24 04:00:03 [WATCHDOG] --- 看门狗检查开始 ---
2026-06-24 04:00:03 [WATCHDOG] PM 服务运行正常 (status=200, pid=10480)
2026-06-24 04:04:03 [WATCHDOG] --- 看门狗检查开始 ---
2026-06-24 04:04:03 [WATCHDOG] PM 服务运行正常 (status=200, pid=10480)
2026-06-24 04:05:03 [WATCHDOG] --- 看门狗检查开始 ---
2026-06-24 04:05:03 [WATCHDOG] PM 服务运行正常 (status=200, pid=10480)
2026-06-24 04:09:03 [WATCHDOG] --- 看门狗检查开始 ---
2026-06-24 04:09:03 [WATCHDOG] PM 服务运行正常 (status=200, pid=10480)
2026-06-24 04:10:03 [WATCHDOG] --- 看门狗检查开始 ---
2026-06-24 04:10:03 [WATCHDOG] PM 服务运行正常 (status=200, pid=10480)
2026-06-24 04:14:03 [WATCHDOG] --- 看门狗检查开始 ---
2026-06-24 04:14:03 [WATCHDOG] PM 服务运行正常 (status=200, pid=10480)
2026-06-24 04:15:03 [WATCHDOG] --- 看门狗检查开始 ---
2026-06-24 04:15:03 [WATCHDOG] PM 服务运行正常 (status=200, pid=10480)
2026-06-24 04:19:03 [WATCHDOG] --- 看门狗检查开始 ---
2026-06-24 04:19:03 [WATCHDOG] PM 服务运行正常 (status=200, pid=10480)
2026-06-24 04:20:03 [WATCHDOG] --- 看门狗检查开始 ---
2026-06-24 04:20:03 [WATCHDOG] PM 服务运行正常 (status=200, pid=10480)
2026-06-24 04:24:03 [WATCHDOG] --- 看门狗检查开始 ---
2026-06-24 04:24:03 [WATCHDOG] PM 服务运行正常 (status=200, pid=10480)
2026-06-24 04:25:03 [WATCHDOG] --- 看门狗检查开始 ---
2026-06-24 04:25:03 [WATCHDOG] PM 服务运行正常 (status=200, pid=10480)
2026-06-24 04:29:03 [WATCHDOG] --- 看门狗检查开始 ---
2026-06-24 04:29:03 [WATCHDOG] PM 服务运行正常 (status=200, pid=10480)
2026-06-24 04:30:03 [WATCHDOG] --- 看门狗检查开始 ---
2026-06-24 04:30:03 [WATCHDOG] PM 服务运行正常 (status=200, pid=10480)
2026-06-24 04:34:03 [WATCHDOG] --- 看门狗检查开始 ---
2026-06-24 04:34:03 [WATCHDOG] PM 服务运行正常 (status=200, pid=10480)
2026-06-24 04:35:02 [WATCHDOG] --- 看门狗检查开始 ---
2026-06-24 04:35:02 [WATCHDOG] PM 服务运行正常 (status=200, pid=10480)
2026-06-24 04:39:03 [WATCHDOG] --- 看门狗检查开始 ---
2026-06-24 04:39:03 [WATCHDOG] PM 服务运行正常 (status=200, pid=10480)
2026-06-24 04:40:02 [WATCHDOG] --- 看门狗检查开始 ---
2026-06-24 04:40:02 [WATCHDOG] PM 服务运行正常 (status=200, pid=10480)
2026-06-24 04:44:03 [WATCHDOG] --- 看门狗检查开始 ---
2026-06-24 04:44:03 [WATCHDOG] PM 服务运行正常 (status=200, pid=10480)
2026-06-24 04:45:02 [WATCHDOG] --- 看门狗检查开始 ---
2026-06-24 04:45:02 [WATCHDOG] PM 服务运行正常 (status=200, pid=10480)
2026-06-24 04:49:03 [WATCHDOG] --- 看门狗检查开始 ---
2026-06-24 04:49:03 [WATCHDOG] PM 服务运行正常 (status=200, pid=10480)
2026-06-24 04:50:02 [WATCHDOG] --- 看门狗检查开始 ---
2026-06-24 04:50:02 [WATCHDOG] PM 服务运行正常 (status=200, pid=10480)
2026-06-24 04:54:03 [WATCHDOG] --- 看门狗检查开始 ---
2026-06-24 04:54:03 [WATCHDOG] PM 服务运行正常 (status=200, pid=10480)
2026-06-24 04:55:02 [WATCHDOG] --- 看门狗检查开始 ---
2026-06-24 04:55:02 [WATCHDOG] PM 服务运行正常 (status=200, pid=10480)
2026-06-24 04:59:03 [WATCHDOG] --- 看门狗检查开始 ---
2026-06-24 04:59:03 [WATCHDOG] PM 服务运行正常 (status=200, pid=10480)
2026-06-24 05:00:02 [WATCHDOG] --- 看门狗检查开始 ---
2026-06-24 05:00:02 [WATCHDOG] PM 服务运行正常 (status=200, pid=10480)
2026-06-24 05:04:03 [WATCHDOG] --- 看门狗检查开始 ---
2026-06-24 05:04:03 [WATCHDOG] PM 服务运行正常 (status=200, pid=10480)
2026-06-24 05:05:02 [WATCHDOG] --- 看门狗检查开始 ---
2026-06-24 05:05:03 [WATCHDOG] PM 服务运行正常 (status=200, pid=10480)
2026-06-24 05:09:03 [WATCHDOG] --- 看门狗检查开始 ---
2026-06-24 05:09:03 [WATCHDOG] PM 服务运行正常 (status=200, pid=10480)
2026-06-24 05:10:02 [WATCHDOG] --- 看门狗检查开始 ---
2026-06-24 05:10:02 [WATCHDOG] PM 服务运行正常 (status=200, pid=10480)
2026-06-24 05:14:03 [WATCHDOG] --- 看门狗检查开始 ---
2026-06-24 05:14:03 [WATCHDOG] PM 服务运行正常 (status=200, pid=10480)
2026-06-24 05:15:03 [WATCHDOG] --- 看门狗检查开始 ---
2026-06-24 05:15:03 [WATCHDOG] PM 服务运行正常 (status=200, pid=10480)
2026-06-24 05:19:03 [WATCHDOG] --- 看门狗检查开始 ---
2026-06-24 05:19:03 [WATCHDOG] PM 服务运行正常 (status=200, pid=10480)
2026-06-24 05:20:02 [WATCHDOG] --- 看门狗检查开始 ---
2026-06-24 05:20:03 [WATCHDOG] PM 服务运行正常 (status=200, pid=10480)
2026-06-24 05:24:03 [WATCHDOG] --- 看门狗检查开始 ---
2026-06-24 05:24:03 [WATCHDOG] PM 服务运行正常 (status=200, pid=10480)
2026-06-24 05:25:03 [WATCHDOG] --- 看门狗检查开始 ---
2026-06-24 05:25:03 [WATCHDOG] PM 服务运行正常 (status=200, pid=10480)
2026-06-24 05:29:03 [WATCHDOG] --- 看门狗检查开始 ---
2026-06-24 05:29:03 [WATCHDOG] PM 服务运行正常 (status=200, pid=10480)
2026-06-24 05:30:03 [WATCHDOG] --- 看门狗检查开始 ---
2026-06-24 05:30:03 [WATCHDOG] PM 服务运行正常 (status=200, pid=10480)
2026-06-24 05:34:03 [WATCHDOG] --- 看门狗检查开始 ---
2026-06-24 05:34:03 [WATCHDOG] PM 服务运行正常 (status=200, pid=10480)
2026-06-24 05:35:02 [WATCHDOG] --- 看门狗检查开始 ---
2026-06-24 05:35:03 [WATCHDOG] PM 服务运行正常 (status=200, pid=10480)
2026-06-24 05:39:03 [WATCHDOG] --- 看门狗检查开始 ---
2026-06-24 05:39:03 [WATCHDOG] PM 服务运行正常 (status=200, pid=10480)
2026-06-24 05:40:02 [WATCHDOG] --- 看门狗检查开始 ---
2026-06-24 05:40:02 [WATCHDOG] PM 服务运行正常 (status=200, pid=10480)
2026-06-24 05:44:03 [WATCHDOG] --- 看门狗检查开始 ---
2026-06-24 05:44:03 [WATCHDOG] PM 服务运行正常 (status=200, pid=10480)
2026-06-24 05:45:02 [WATCHDOG] --- 看门狗检查开始 ---
2026-06-24 05:45:02 [WATCHDOG] PM 服务运行正常 (status=200, pid=10480)
2026-06-24 05:49:03 [WATCHDOG] --- 看门狗检查开始 ---
2026-06-24 05:49:03 [WATCHDOG] PM 服务运行正常 (status=200, pid=10480)
2026-06-24 05:50:03 [WATCHDOG] --- 看门狗检查开始 ---
2026-06-24 05:50:03 [WATCHDOG] PM 服务运行正常 (status=200, pid=10480)
2026-06-24 05:54:03 [WATCHDOG] --- 看门狗检查开始 ---
2026-06-24 05:54:03 [WATCHDOG] PM 服务运行正常 (status=200, pid=10480)
2026-06-24 05:55:02 [WATCHDOG] --- 看门狗检查开始 ---
2026-06-24 05:55:02 [WATCHDOG] PM 服务运行正常 (status=200, pid=10480)
2026-06-24 05:59:03 [WATCHDOG] --- 看门狗检查开始 ---
2026-06-24 05:59:03 [WATCHDOG] PM 服务运行正常 (status=200, pid=10480)
2026-06-24 06:00:02 [WATCHDOG] --- 看门狗检查开始 ---
2026-06-24 06:00:03 [WATCHDOG] PM 服务运行正常 (status=200, pid=10480)
2026-06-24 06:04:03 [WATCHDOG] --- 看门狗检查开始 ---
2026-06-24 06:04:03 [WATCHDOG] PM 服务运行正常 (status=200, pid=10480)
2026-06-24 06:05:03 [WATCHDOG] --- 看门狗检查开始 ---
2026-06-24 06:05:03 [WATCHDOG] PM 服务运行正常 (status=200, pid=10480)
2026-06-24 06:09:03 [WATCHDOG] --- 看门狗检查开始 ---
2026-06-24 06:09:03 [WATCHDOG] PM 服务运行正常 (status=200, pid=10480)
2026-06-24 06:10:02 [WATCHDOG] --- 看门狗检查开始 ---
2026-06-24 06:10:03 [WATCHDOG] PM 服务运行正常 (status=200, pid=10480)
2026-06-24 06:14:03 [WATCHDOG] --- 看门狗检查开始 ---
2026-06-24 06:14:03 [WATCHDOG] PM 服务运行正常 (status=200, pid=10480)
2026-06-24 06:15:02 [WATCHDOG] --- 看门狗检查开始 ---
2026-06-24 06:15:02 [WATCHDOG] PM 服务运行正常 (status=200, pid=10480)
2026-06-24 06:19:03 [WATCHDOG] --- 看门狗检查开始 ---
2026-06-24 06:19:03 [WATCHDOG] PM 服务运行正常 (status=200, pid=10480)
2026-06-24 06:20:03 [WATCHDOG] --- 看门狗检查开始 ---
2026-06-24 06:20:03 [WATCHDOG] PM 服务运行正常 (status=200, pid=10480)
2026-06-24 06:24:03 [WATCHDOG] --- 看门狗检查开始 ---
2026-06-24 06:24:03 [WATCHDOG] PM 服务运行正常 (status=200, pid=10480)
2026-06-24 06:25:03 [WATCHDOG] --- 看门狗检查开始 ---
2026-06-24 06:25:03 [WATCHDOG] PM 服务运行正常 (status=200, pid=10480)
2026-06-24 06:29:03 [WATCHDOG] --- 看门狗检查开始 ---
2026-06-24 06:29:03 [WATCHDOG] PM 服务运行正常 (status=200, pid=10480)
2026-06-24 06:30:02 [WATCHDOG] --- 看门狗检查开始 ---
2026-06-24 06:30:02 [WATCHDOG] PM 服务运行正常 (status=200, pid=10480)
2026-06-24 06:34:03 [WATCHDOG] --- 看门狗检查开始 ---
2026-06-24 06:34:03 [WATCHDOG] PM 服务运行正常 (status=200, pid=10480)
2026-06-24 06:35:03 [WATCHDOG] --- 看门狗检查开始 ---
2026-06-24 06:35:03 [WATCHDOG] PM 服务运行正常 (status=200, pid=10480)
2026-06-24 06:39:03 [WATCHDOG] --- 看门狗检查开始 ---
2026-06-24 06:39:03 [WATCHDOG] PM 服务运行正常 (status=200, pid=10480)
2026-06-24 06:40:02 [WATCHDOG] --- 看门狗检查开始 ---
2026-06-24 06:40:02 [WATCHDOG] PM 服务运行正常 (status=200, pid=10480)
2026-06-24 06:44:03 [WATCHDOG] --- 看门狗检查开始 ---
2026-06-24 06:44:03 [WATCHDOG] PM 服务运行正常 (status=200, pid=10480)
2026-06-24 06:45:02 [WATCHDOG] --- 看门狗检查开始 ---
2026-06-24 06:45:03 [WATCHDOG] PM 服务运行正常 (status=200, pid=10480)
2026-06-24 06:49:03 [WATCHDOG] --- 看门狗检查开始 ---
2026-06-24 06:49:03 [WATCHDOG] PM 服务运行正常 (status=200, pid=10480)
2026-06-24 06:50:03 [WATCHDOG] --- 看门狗检查开始 ---
2026-06-24 06:50:03 [WATCHDOG] PM 服务运行正常 (status=200, pid=10480)
2026-06-24 06:54:02 [WATCHDOG] --- 看门狗检查开始 ---
2026-06-24 06:54:03 [WATCHDOG] PM 服务运行正常 (status=200, pid=10480)
2026-06-24 06:55:03 [WATCHDOG] --- 看门狗检查开始 ---
2026-06-24 06:55:03 [WATCHDOG] PM 服务运行正常 (status=200, pid=10480)
2026-06-24 06:59:03 [WATCHDOG] --- 看门狗检查开始 ---
2026-06-24 06:59:03 [WATCHDOG] PM 服务运行正常 (status=200, pid=10480)
2026-06-24 07:00:03 [WATCHDOG] --- 看门狗检查开始 ---
2026-06-24 07:00:03 [WATCHDOG] PM 服务运行正常 (status=200, pid=10480)
2026-06-24 07:04:03 [WATCHDOG] --- 看门狗检查开始 ---
2026-06-24 07:04:03 [WATCHDOG] PM 服务运行正常 (status=200, pid=10480)
2026-06-24 07:05:03 [WATCHDOG] --- 看门狗检查开始 ---
2026-06-24 07:05:03 [WATCHDOG] PM 服务运行正常 (status=200, pid=10480)
2026-06-24 07:09:03 [WATCHDOG] --- 看门狗检查开始 ---
2026-06-24 07:09:03 [WATCHDOG] PM 服务运行正常 (status=200, pid=10480)
2026-06-24 07:10:03 [WATCHDOG] --- 看门狗检查开始 ---
2026-06-24 07:10:03 [WATCHDOG] PM 服务运行正常 (status=200, pid=10480)
2026-06-24 07:14:03 [WATCHDOG] --- 看门狗检查开始 ---
2026-06-24 07:14:03 [WATCHDOG] PM 服务运行正常 (status=200, pid=10480)
2026-06-24 07:15:03 [WATCHDOG] --- 看门狗检查开始 ---
2026-06-24 07:15:03 [WATCHDOG] PM 服务运行正常 (status=200, pid=10480)
2026-06-24 07:19:03 [WATCHDOG] --- 看门狗检查开始 ---
2026-06-24 07:19:03 [WATCHDOG] PM 服务运行正常 (status=200, pid=10480)
2026-06-24 07:20:03 [WATCHDOG] --- 看门狗检查开始 ---
2026-06-24 07:20:03 [WATCHDOG] PM 服务运行正常 (status=200, pid=10480)
2026-06-24 07:24:03 [WATCHDOG] --- 看门狗检查开始 ---
2026-06-24 07:24:03 [WATCHDOG] PM 服务运行正常 (status=200, pid=10480)
2026-06-24 07:25:03 [WATCHDOG] --- 看门狗检查开始 ---
2026-06-24 07:25:03 [WATCHDOG] PM 服务运行正常 (status=200, pid=10480)
2026-06-24 07:29:03 [WATCHDOG] --- 看门狗检查开始 ---
2026-06-24 07:29:03 [WATCHDOG] PM 服务运行正常 (status=200, pid=10480)
2026-06-24 07:30:03 [WATCHDOG] --- 看门狗检查开始 ---
2026-06-24 07:30:03 [WATCHDOG] PM 服务运行正常 (status=200, pid=10480)
2026-06-24 07:34:03 [WATCHDOG] --- 看门狗检查开始 ---
2026-06-24 07:34:03 [WATCHDOG] PM 服务运行正常 (status=200, pid=10480)
2026-06-24 07:35:03 [WATCHDOG] --- 看门狗检查开始 ---
2026-06-24 07:35:03 [WATCHDOG] PM 服务运行正常 (status=200, pid=10480)
2026-06-24 07:39:03 [WATCHDOG] --- 看门狗检查开始 ---
2026-06-24 07:39:03 [WATCHDOG] PM 服务运行正常 (status=200, pid=10480)
2026-06-24 07:40:03 [WATCHDOG] --- 看门狗检查开始 ---
2026-06-24 07:40:03 [WATCHDOG] PM 服务运行正常 (status=200, pid=10480)
2026-06-24 07:44:03 [WATCHDOG] --- 看门狗检查开始 ---
2026-06-24 07:44:03 [WATCHDOG] PM 服务运行正常 (status=200, pid=10480)
2026-06-24 07:45:03 [WATCHDOG] --- 看门狗检查开始 ---
2026-06-24 07:45:03 [WATCHDOG] PM 服务运行正常 (status=200, pid=10480)
2026-06-24 07:49:03 [WATCHDOG] --- 看门狗检查开始 ---
2026-06-24 07:49:03 [WATCHDOG] PM 服务运行正常 (status=200, pid=10480)
2026-06-24 07:50:02 [WATCHDOG] --- 看门狗检查开始 ---
2026-06-24 07:50:02 [WATCHDOG] PM 服务运行正常 (status=200, pid=10480)
2026-06-24 07:54:03 [WATCHDOG] --- 看门狗检查开始 ---
2026-06-24 07:54:03 [WATCHDOG] PM 服务运行正常 (status=200, pid=10480)
2026-06-24 07:55:03 [WATCHDOG] --- 看门狗检查开始 ---
2026-06-24 07:55:03 [WATCHDOG] PM 服务运行正常 (status=200, pid=10480)
2026-06-24 07:59:03 [WATCHDOG] --- 看门狗检查开始 ---
2026-06-24 07:59:03 [WATCHDOG] PM 服务运行正常 (status=200, pid=10480)
2026-06-24 08:00:02 [WATCHDOG] --- 看门狗检查开始 ---
2026-06-24 08:00:02 [WATCHDOG] PM 服务运行正常 (status=200, pid=10480)
2026-06-24 08:04:03 [WATCHDOG] --- 看门狗检查开始 ---
2026-06-24 08:04:03 [WATCHDOG] PM 服务运行正常 (status=200, pid=10480)
2026-06-24 08:05:03 [WATCHDOG] --- 看门狗检查开始 ---
2026-06-24 08:05:03 [WATCHDOG] PM 服务运行正常 (status=200, pid=10480)
2026-06-24 08:09:03 [WATCHDOG] --- 看门狗检查开始 ---
2026-06-24 08:09:03 [WATCHDOG] PM 服务运行正常 (status=200, pid=10480)
2026-06-24 08:10:03 [WATCHDOG] --- 看门狗检查开始 ---
2026-06-24 08:10:03 [WATCHDOG] PM 服务运行正常 (status=200, pid=10480)
2026-06-24 08:14:03 [WATCHDOG] --- 看门狗检查开始 ---
2026-06-24 08:14:03 [WATCHDOG] PM 服务运行正常 (status=200, pid=10480)
2026-06-24 08:15:03 [WATCHDOG] --- 看门狗检查开始 ---
2026-06-24 08:15:03 [WATCHDOG] PM 服务运行正常 (status=200, pid=10480)
2026-06-24 08:19:03 [WATCHDOG] --- 看门狗检查开始 ---
2026-06-24 08:19:03 [WATCHDOG] PM 服务运行正常 (status=200, pid=10480)
2026-06-24 08:20:02 [WATCHDOG] --- 看门狗检查开始 ---
2026-06-24 08:20:02 [WATCHDOG] PM 服务运行正常 (status=200, pid=10480)
2026-06-24 08:24:03 [WATCHDOG] --- 看门狗检查开始 ---
2026-06-24 08:24:03 [WATCHDOG] PM 服务运行正常 (status=200, pid=10480)
2026-06-24 08:25:03 [WATCHDOG] --- 看门狗检查开始 ---
2026-06-24 08:25:03 [WATCHDOG] PM 服务运行正常 (status=200, pid=10480)
2026-06-24 08:29:03 [WATCHDOG] --- 看门狗检查开始 ---
2026-06-24 08:29:03 [WATCHDOG] PM 服务运行正常 (status=200, pid=10480)
2026-06-24 08:30:03 [WATCHDOG] --- 看门狗检查开始 ---
2026-06-24 08:30:03 [WATCHDOG] PM 服务运行正常 (status=200, pid=10480)
2026-06-24 08:34:03 [WATCHDOG] --- 看门狗检查开始 ---
2026-06-24 08:34:03 [WATCHDOG] PM 服务运行正常 (status=200, pid=10480)
2026-06-24 08:35:02 [WATCHDOG] --- 看门狗检查开始 ---
2026-06-24 08:35:02 [WATCHDOG] PM 服务运行正常 (status=200, pid=10480)
2026-06-24 08:39:03 [WATCHDOG] --- 看门狗检查开始 ---
2026-06-24 08:39:03 [WATCHDOG] PM 服务运行正常 (status=200, pid=10480)
2026-06-24 08:40:02 [WATCHDOG] --- 看门狗检查开始 ---
2026-06-24 08:40:02 [WATCHDOG] PM 服务运行正常 (status=200, pid=10480)
2026-06-24 08:44:03 [WATCHDOG] --- 看门狗检查开始 ---
2026-06-24 08:44:03 [WATCHDOG] PM 服务运行正常 (status=200, pid=10480)
2026-06-24 08:45:02 [WATCHDOG] --- 看门狗检查开始 ---
2026-06-24 08:45:03 [WATCHDOG] PM 服务运行正常 (status=200, pid=10480)
2026-06-24 08:49:03 [WATCHDOG] --- 看门狗检查开始 ---
2026-06-24 08:49:03 [WATCHDOG] PM 服务运行正常 (status=200, pid=10480)
2026-06-24 08:50:02 [WATCHDOG] --- 看门狗检查开始 ---
2026-06-24 08:50:02 [WATCHDOG] PM 服务运行正常 (status=200, pid=10480)
2026-06-24 08:54:03 [WATCHDOG] --- 看门狗检查开始 ---
2026-06-24 08:54:03 [WATCHDOG] PM 服务运行正常 (status=200, pid=10480)
2026-06-24 08:55:02 [WATCHDOG] --- 看门狗检查开始 ---
2026-06-24 08:55:02 [WATCHDOG] PM 服务运行正常 (status=200, pid=10480)
2026-06-24 08:59:03 [WATCHDOG] --- 看门狗检查开始 ---
2026-06-24 08:59:03 [WATCHDOG] PM 服务运行正常 (status=200, pid=10480)
2026-06-24 09:00:02 [WATCHDOG] --- 看门狗检查开始 ---
2026-06-24 09:00:02 [WATCHDOG] PM 服务运行正常 (status=200, pid=10480)
2026-06-24 09:04:03 [WATCHDOG] --- 看门狗检查开始 ---
2026-06-24 09:04:03 [WATCHDOG] PM 服务运行正常 (status=200, pid=10480)
2026-06-24 09:05:02 [WATCHDOG] --- 看门狗检查开始 ---
2026-06-24 09:05:02 [WATCHDOG] PM 服务运行正常 (status=200, pid=10480)
2026-06-24 09:09:03 [WATCHDOG] --- 看门狗检查开始 ---
2026-06-24 09:09:03 [WATCHDOG] PM 服务运行正常 (status=200, pid=10480)
2026-06-24 09:10:02 [WATCHDOG] --- 看门狗检查开始 ---
2026-06-24 09:10:02 [WATCHDOG] PM 服务运行正常 (status=200, pid=10480)
2026-06-24 09:14:03 [WATCHDOG] --- 看门狗检查开始 ---
2026-06-24 09:14:04 [WATCHDOG] PM 服务运行正常 (status=200, pid=10480)
2026-06-24 09:15:02 [WATCHDOG] --- 看门狗检查开始 ---
2026-06-24 09:15:03 [WATCHDOG] PM 服务运行正常 (status=200, pid=10480)
2026-06-24 09:19:03 [WATCHDOG] --- 看门狗检查开始 ---
2026-06-24 09:19:03 [WATCHDOG] PM 服务运行正常 (status=200, pid=10480)
2026-06-24 09:20:02 [WATCHDOG] --- 看门狗检查开始 ---
2026-06-24 09:20:02 [WATCHDOG] PM 服务运行正常 (status=200, pid=10480)
2026-06-24 09:24:03 [WATCHDOG] --- 看门狗检查开始 ---
2026-06-24 09:24:03 [WATCHDOG] PM 服务运行正常 (status=200, pid=10480)
2026-06-24 09:25:02 [WATCHDOG] --- 看门狗检查开始 ---
2026-06-24 09:25:03 [WATCHDOG] PM 服务运行正常 (status=200, pid=10480)
2026-06-24 09:29:03 [WATCHDOG] --- 看门狗检查开始 ---
2026-06-24 09:29:03 [WATCHDOG] PM 服务运行正常 (status=200, pid=10480)
2026-06-24 09:30:02 [WATCHDOG] --- 看门狗检查开始 ---
2026-06-24 09:30:02 [WATCHDOG] PM 服务运行正常 (status=200, pid=10480)
2026-06-24 09:34:03 [WATCHDOG] --- 看门狗检查开始 ---
2026-06-24 09:34:03 [WATCHDOG] PM 服务运行正常 (status=200, pid=10480)
2026-06-24 09:35:02 [WATCHDOG] --- 看门狗检查开始 ---
2026-06-24 09:35:03 [WATCHDOG] PM 服务运行正常 (status=200, pid=10480)
2026-06-24 09:39:03 [WATCHDOG] --- 看门狗检查开始 ---
2026-06-24 09:39:03 [WATCHDOG] PM 服务运行正常 (status=200, pid=10480)
2026-06-24 09:40:02 [WATCHDOG] --- 看门狗检查开始 ---
2026-06-24 09:40:02 [WATCHDOG] PM 服务运行正常 (status=200, pid=10480)
2026-06-24 09:44:03 [WATCHDOG] --- 看门狗检查开始 ---
2026-06-24 09:44:03 [WATCHDOG] PM 服务运行正常 (status=200, pid=10480)
2026-06-24 09:45:02 [WATCHDOG] --- 看门狗检查开始 ---
2026-06-24 09:45:02 [WATCHDOG] PM 服务运行正常 (status=200, pid=10480)
2026-06-24 09:49:03 [WATCHDOG] --- 看门狗检查开始 ---
2026-06-24 09:49:03 [WATCHDOG] PM 服务运行正常 (status=200, pid=10480)
2026-06-24 09:50:03 [WATCHDOG] --- 看门狗检查开始 ---
2026-06-24 09:50:03 [WATCHDOG] PM 服务运行正常 (status=200, pid=10480)
2026-06-24 09:54:03 [WATCHDOG] --- 看门狗检查开始 ---
2026-06-24 09:54:03 [WATCHDOG] PM 服务运行正常 (status=200, pid=10480)
2026-06-24 09:55:02 [WATCHDOG] --- 看门狗检查开始 ---
2026-06-24 09:55:03 [WATCHDOG] PM 服务运行正常 (status=200, pid=10480)
2026-06-24 09:59:03 [WATCHDOG] --- 看门狗检查开始 ---
2026-06-24 09:59:03 [WATCHDOG] PM 服务运行正常 (status=200, pid=10480)
2026-06-24 10:00:03 [WATCHDOG] --- 看门狗检查开始 ---
2026-06-24 10:00:03 [WATCHDOG] PM 服务运行正常 (status=200, pid=10480)
2026-06-24 10:04:03 [WATCHDOG] --- 看门狗检查开始 ---
2026-06-24 10:04:03 [WATCHDOG] PM 服务运行正常 (status=200, pid=10480)
2026-06-24 10:05:03 [WATCHDOG] --- 看门狗检查开始 ---
2026-06-24 10:05:03 [WATCHDOG] PM 服务运行正常 (status=200, pid=10480)
2026-06-24 10:09:03 [WATCHDOG] --- 看门狗检查开始 ---
2026-06-24 10:09:03 [WATCHDOG] PM 服务运行正常 (status=200, pid=10480)
2026-06-24 10:10:02 [WATCHDOG] --- 看门狗检查开始 ---
2026-06-24 10:10:03 [WATCHDOG] PM 服务运行正常 (status=200, pid=10480)
2026-06-24 10:14:03 [WATCHDOG] --- 看门狗检查开始 ---
2026-06-24 10:14:03 [WATCHDOG] PM 服务运行正常 (status=200, pid=10480)
2026-06-24 10:15:03 [WATCHDOG] --- 看门狗检查开始 ---
2026-06-24 10:15:03 [WATCHDOG] PM 服务运行正常 (status=200, pid=10480)
2026-06-24 10:19:03 [WATCHDOG] --- 看门狗检查开始 ---
2026-06-24 10:19:03 [WATCHDOG] PM 服务运行正常 (status=200, pid=10480)
2026-06-24 10:20:02 [WATCHDOG] --- 看门狗检查开始 ---
2026-06-24 10:20:02 [WATCHDOG] PM 服务运行正常 (status=200, pid=10480)
2026-06-24 10:24:03 [WATCHDOG] --- 看门狗检查开始 ---
2026-06-24 10:24:03 [WATCHDOG] PM 服务运行正常 (status=200, pid=10480)
2026-06-24 10:25:02 [WATCHDOG] --- 看门狗检查开始 ---
2026-06-24 10:25:03 [WATCHDOG] PM 服务运行正常 (status=200, pid=10480)
2026-06-24 10:29:03 [WATCHDOG] --- 看门狗检查开始 ---
2026-06-24 10:29:03 [WATCHDOG] PM 服务运行正常 (status=200, pid=10480)
2026-06-24 10:30:02 [WATCHDOG] --- 看门狗检查开始 ---
2026-06-24 10:30:02 [WATCHDOG] PM 服务运行正常 (status=200, pid=10480)
2026-06-24 10:34:04 [WATCHDOG] --- 看门狗检查开始 ---
2026-06-24 10:34:04 [WATCHDOG] PM 服务运行正常 (status=200, pid=10480)
2026-06-24 10:35:02 [WATCHDOG] --- 看门狗检查开始 ---
2026-06-24 10:35:03 [WATCHDOG] PM 服务运行正常 (status=200, pid=10480)
2026-06-24 10:39:03 [WATCHDOG] --- 看门狗检查开始 ---
2026-06-24 10:39:03 [WATCHDOG] PM 服务运行正常 (status=200, pid=10480)
2026-06-24 10:40:02 [WATCHDOG] --- 看门狗检查开始 ---
2026-06-24 10:40:02 [WATCHDOG] PM 服务运行正常 (status=200, pid=10480)
2026-06-24 10:44:03 [WATCHDOG] --- 看门狗检查开始 ---
2026-06-24 10:44:03 [WATCHDOG] PM 服务运行正常 (status=200, pid=10480)
2026-06-24 10:45:02 [WATCHDOG] --- 看门狗检查开始 ---
2026-06-24 10:45:02 [WATCHDOG] PM 服务运行正常 (status=200, pid=10480)
2026-06-24 10:49:03 [WATCHDOG] --- 看门狗检查开始 ---
2026-06-24 10:49:03 [WATCHDOG] PM 服务运行正常 (status=200, pid=10480)
2026-06-24 10:50:02 [WATCHDOG] --- 看门狗检查开始 ---
2026-06-24 10:50:02 [WATCHDOG] PM 服务运行正常 (status=200, pid=10480)
2026-06-24 10:54:03 [WATCHDOG] --- 看门狗检查开始 ---
2026-06-24 10:54:03 [WATCHDOG] PM 服务运行正常 (status=200, pid=10480)
2026-06-24 10:55:03 [WATCHDOG] --- 看门狗检查开始 ---
2026-06-24 10:55:03 [WATCHDOG] PM 服务运行正常 (status=200, pid=10480)
2026-06-24 10:59:03 [WATCHDOG] --- 看门狗检查开始 ---
2026-06-24 10:59:03 [WATCHDOG] PM 服务运行正常 (status=200, pid=10480)
2026-06-24 11:00:02 [WATCHDOG] --- 看门狗检查开始 ---
2026-06-24 11:00:03 [WATCHDOG] PM 服务运行正常 (status=200, pid=10480)
2026-06-24 11:04:04 [WATCHDOG] --- 看门狗检查开始 ---
2026-06-24 11:04:04 [WATCHDOG] PM 服务运行正常 (status=200, pid=10480)
2026-06-24 11:05:02 [WATCHDOG] --- 看门狗检查开始 ---
2026-06-24 11:05:03 [WATCHDOG] PM 服务运行正常 (status=200, pid=10480)
2026-06-24 11:09:03 [WATCHDOG] --- 看门狗检查开始 ---
2026-06-24 11:09:03 [WATCHDOG] PM 服务运行正常 (status=200, pid=10480)
2026-06-24 11:10:02 [WATCHDOG] --- 看门狗检查开始 ---
2026-06-24 11:10:03 [WATCHDOG] PM 服务运行正常 (status=200, pid=10480)
2026-06-24 11:14:02 [WATCHDOG] --- 看门狗检查开始 ---
2026-06-24 11:14:02 [WATCHDOG] PM 服务运行正常 (status=200, pid=10480)
2026-06-24 11:15:03 [WATCHDOG] --- 看门狗检查开始 ---
2026-06-24 11:15:03 [WATCHDOG] PM 服务运行正常 (status=200, pid=10480)
2026-06-24 11:19:02 [WATCHDOG] --- 看门狗检查开始 ---
2026-06-24 11:19:02 [WATCHDOG] PM 服务运行正常 (status=200, pid=10480)
2026-06-24 11:20:03 [WATCHDOG] --- 看门狗检查开始 ---
2026-06-24 11:20:03 [WATCHDOG] PM 服务运行正常 (status=200, pid=10480)
2026-06-24 11:24:02 [WATCHDOG] --- 看门狗检查开始 ---
2026-06-24 11:24:03 [WATCHDOG] PM 服务运行正常 (status=200, pid=10480)
2026-06-24 11:25:03 [WATCHDOG] --- 看门狗检查开始 ---
2026-06-24 11:25:03 [WATCHDOG] PM 服务运行正常 (status=200, pid=10480)
2026-06-24 11:29:02 [WATCHDOG] --- 看门狗检查开始 ---
2026-06-24 11:29:02 [WATCHDOG] PM 服务运行正常 (status=200, pid=10480)
2026-06-24 11:30:02 [WATCHDOG] --- 看门狗检查开始 ---
2026-06-24 11:30:03 [WATCHDOG] PM 服务运行正常 (status=200, pid=10480)
2026-06-24 11:34:02 [WATCHDOG] --- 看门狗检查开始 ---
2026-06-24 11:34:03 [WATCHDOG] PM 服务运行正常 (status=200, pid=10480)
2026-06-24 11:35:02 [WATCHDOG] --- 看门狗检查开始 ---
2026-06-24 11:35:03 [WATCHDOG] PM 服务运行正常 (status=200, pid=10480)
2026-06-24 11:39:02 [WATCHDOG] --- 看门狗检查开始 ---
2026-06-24 11:39:02 [WATCHDOG] PM 服务运行正常 (status=200, pid=10480)
2026-06-24 11:40:02 [WATCHDOG] --- 看门狗检查开始 ---
2026-06-24 11:40:02 [WATCHDOG] PM 服务运行正常 (status=200, pid=10480)
2026-06-24 11:44:02 [WATCHDOG] --- 看门狗检查开始 ---
2026-06-24 11:44:02 [WATCHDOG] PM 服务运行正常 (status=200, pid=10480)
2026-06-24 11:45:02 [WATCHDOG] --- 看门狗检查开始 ---
2026-06-24 11:45:02 [WATCHDOG] PM 服务运行正常 (status=200, pid=10480)
2026-06-24 11:49:02 [WATCHDOG] --- 看门狗检查开始 ---
2026-06-24 11:49:02 [WATCHDOG] PM 服务运行正常 (status=200, pid=10480)
2026-06-24 11:50:03 [WATCHDOG] --- 看门狗检查开始 ---
2026-06-24 11:50:03 [WATCHDOG] PM 服务运行正常 (status=200, pid=10480)
2026-06-24 11:54:02 [WATCHDOG] --- 看门狗检查开始 ---
2026-06-24 11:54:02 [WATCHDOG] PM 服务运行正常 (status=200, pid=10480)
2026-06-24 11:55:03 [WATCHDOG] --- 看门狗检查开始 ---
2026-06-24 11:55:03 [WATCHDOG] PM 服务运行正常 (status=200, pid=10480)
2026-06-24 11:59:02 [WATCHDOG] --- 看门狗检查开始 ---
2026-06-24 11:59:03 [WATCHDOG] PM 服务运行正常 (status=200, pid=10480)
2026-06-24 12:00:03 [WATCHDOG] --- 看门狗检查开始 ---
2026-06-24 12:00:03 [WATCHDOG] PM 服务运行正常 (status=200, pid=10480)
2026-06-24 12:04:02 [WATCHDOG] --- 看门狗检查开始 ---
2026-06-24 12:04:02 [WATCHDOG] PM 服务运行正常 (status=200, pid=10480)
2026-06-24 12:05:03 [WATCHDOG] --- 看门狗检查开始 ---
2026-06-24 12:05:03 [WATCHDOG] PM 服务运行正常 (status=200, pid=10480)
2026-06-24 12:09:02 [WATCHDOG] --- 看门狗检查开始 ---
2026-06-24 12:09:02 [WATCHDOG] PM 服务运行正常 (status=200, pid=10480)
2026-06-24 12:10:02 [WATCHDOG] --- 看门狗检查开始 ---
2026-06-24 12:10:02 [WATCHDOG] PM 服务运行正常 (status=200, pid=10480)
2026-06-24 12:14:02 [WATCHDOG] --- 看门狗检查开始 ---
2026-06-24 12:14:02 [WATCHDOG] PM 服务运行正常 (status=200, pid=10480)
2026-06-24 12:15:02 [WATCHDOG] --- 看门狗检查开始 ---
2026-06-24 12:15:02 [WATCHDOG] PM 服务运行正常 (status=200, pid=10480)
2026-06-24 12:19:02 [WATCHDOG] --- 看门狗检查开始 ---
2026-06-24 12:19:03 [WATCHDOG] PM 服务运行正常 (status=200, pid=10480)
2026-06-24 12:20:03 [WATCHDOG] --- 看门狗检查开始 ---
2026-06-24 12:20:03 [WATCHDOG] PM 服务运行正常 (status=200, pid=10480)
2026-06-24 12:24:02 [WATCHDOG] --- 看门狗检查开始 ---
2026-06-24 12:24:02 [WATCHDOG] PM 服务运行正常 (status=200, pid=10480)
2026-06-24 12:25:03 [WATCHDOG] --- 看门狗检查开始 ---
2026-06-24 12:25:03 [WATCHDOG] PM 服务运行正常 (status=200, pid=10480)
2026-06-24 12:29:02 [WATCHDOG] --- 看门狗检查开始 ---
2026-06-24 12:29:03 [WATCHDOG] PM 服务运行正常 (status=200, pid=10480)
2026-06-24 12:30:03 [WATCHDOG] --- 看门狗检查开始 ---
2026-06-24 12:30:03 [WATCHDOG] PM 服务运行正常 (status=200, pid=10480)
2026-06-24 12:34:02 [WATCHDOG] --- 看门狗检查开始 ---
2026-06-24 12:34:02 [WATCHDOG] PM 服务运行正常 (status=200, pid=10480)
2026-06-24 12:35:02 [WATCHDOG] --- 看门狗检查开始 ---
2026-06-24 12:35:03 [WATCHDOG] PM 服务运行正常 (status=200, pid=10480)
2026-06-24 12:39:02 [WATCHDOG] --- 看门狗检查开始 ---
2026-06-24 12:39:03 [WATCHDOG] PM 服务运行正常 (status=200, pid=10480)
2026-06-24 12:40:02 [WATCHDOG] --- 看门狗检查开始 ---
2026-06-24 12:40:03 [WATCHDOG] PM 服务运行正常 (status=200, pid=10480)
2026-06-24 12:44:02 [WATCHDOG] --- 看门狗检查开始 ---
2026-06-24 12:44:02 [WATCHDOG] PM 服务运行正常 (status=200, pid=10480)
2026-06-24 12:45:03 [WATCHDOG] --- 看门狗检查开始 ---
2026-06-24 12:45:03 [WATCHDOG] PM 服务运行正常 (status=200, pid=10480)
2026-06-24 12:49:02 [WATCHDOG] --- 看门狗检查开始 ---
2026-06-24 12:49:02 [WATCHDOG] PM 服务运行正常 (status=200, pid=10480)
2026-06-24 12:50:02 [WATCHDOG] --- 看门狗检查开始 ---
2026-06-24 12:50:02 [WATCHDOG] PM 服务运行正常 (status=200, pid=10480)
2026-06-24 12:54:02 [WATCHDOG] --- 看门狗检查开始 ---
2026-06-24 12:54:02 [WATCHDOG] PM 服务运行正常 (status=200, pid=10480)
2026-06-24 12:55:02 [WATCHDOG] --- 看门狗检查开始 ---
2026-06-24 12:55:02 [WATCHDOG] PM 服务运行正常 (status=200, pid=10480)
2026-06-24 12:59:03 [WATCHDOG] --- 看门狗检查开始 ---
2026-06-24 12:59:03 [WATCHDOG] PM 服务运行正常 (status=200, pid=10480)
2026-06-24 13:00:02 [WATCHDOG] --- 看门狗检查开始 ---
2026-06-24 13:00:02 [WATCHDOG] PM 服务运行正常 (status=200, pid=10480)
2026-06-24 13:04:02 [WATCHDOG] --- 看门狗检查开始 ---
2026-06-24 13:04:02 [WATCHDOG] PM 服务运行正常 (status=200, pid=10480)
2026-06-24 13:05:02 [WATCHDOG] --- 看门狗检查开始 ---
2026-06-24 13:05:02 [WATCHDOG] PM 服务运行正常 (status=200, pid=10480)
2026-06-24 13:09:02 [WATCHDOG] --- 看门狗检查开始 ---
2026-06-24 13:09:03 [WATCHDOG] PM 服务运行正常 (status=200, pid=10480)
2026-06-24 13:10:03 [WATCHDOG] --- 看门狗检查开始 ---
2026-06-24 13:10:03 [WATCHDOG] PM 服务运行正常 (status=200, pid=10480)
2026-06-24 13:14:02 [WATCHDOG] --- 看门狗检查开始 ---
2026-06-24 13:14:03 [WATCHDOG] PM 服务运行正常 (status=200, pid=10480)
2026-06-24 13:15:02 [WATCHDOG] --- 看门狗检查开始 ---
2026-06-24 13:15:02 [WATCHDOG] PM 服务运行正常 (status=200, pid=10480)
2026-06-24 13:19:02 [WATCHDOG] --- 看门狗检查开始 ---
2026-06-24 13:19:03 [WATCHDOG] PM 服务运行正常 (status=200, pid=10480)
2026-06-24 13:20:03 [WATCHDOG] --- 看门狗检查开始 ---
2026-06-24 13:20:03 [WATCHDOG] PM 服务运行正常 (status=200, pid=10480)
2026-06-24 13:24:03 [WATCHDOG] --- 看门狗检查开始 ---
2026-06-24 13:24:03 [WATCHDOG] PM 服务运行正常 (status=200, pid=10480)
2026-06-24 13:25:03 [WATCHDOG] --- 看门狗检查开始 ---
2026-06-24 13:25:03 [WATCHDOG] PM 服务运行正常 (status=200, pid=10480)
2026-06-24 13:29:03 [WATCHDOG] --- 看门狗检查开始 ---
2026-06-24 13:29:03 [WATCHDOG] PM 服务运行正常 (status=200, pid=10480)
2026-06-24 13:30:03 [WATCHDOG] --- 看门狗检查开始 ---
2026-06-24 13:30:03 [WATCHDOG] PM 服务运行正常 (status=200, pid=10480)
2026-06-24 13:34:02 [WATCHDOG] --- 看门狗检查开始 ---
2026-06-24 13:34:03 [WATCHDOG] PM 服务运行正常 (status=200, pid=10480)
2026-06-24 13:35:03 [WATCHDOG] --- 看门狗检查开始 ---
2026-06-24 13:35:03 [WATCHDOG] PM 服务运行正常 (status=200, pid=10480)
2026-06-24 13:39:02 [WATCHDOG] --- 看门狗检查开始 ---
2026-06-24 13:39:03 [WATCHDOG] PM 服务运行正常 (status=200, pid=10480)
2026-06-24 13:40:02 [WATCHDOG] --- 看门狗检查开始 ---
2026-06-24 13:40:02 [WATCHDOG] PM 服务运行正常 (status=200, pid=10480)
2026-06-24 13:44:03 [WATCHDOG] --- 看门狗检查开始 ---
2026-06-24 13:44:03 [WATCHDOG] PM 服务运行正常 (status=200, pid=10480)
2026-06-24 13:45:03 [WATCHDOG] --- 看门狗检查开始 ---
2026-06-24 13:45:03 [WATCHDOG] PM 服务运行正常 (status=200, pid=10480)
2026-06-24 13:49:02 [WATCHDOG] --- 看门狗检查开始 ---
2026-06-24 13:49:03 [WATCHDOG] PM 服务运行正常 (status=200, pid=10480)
2026-06-24 13:50:02 [WATCHDOG] --- 看门狗检查开始 ---
2026-06-24 13:50:02 [WATCHDOG] PM 服务运行正常 (status=200, pid=10480)
2026-06-24 13:54:02 [WATCHDOG] --- 看门狗检查开始 ---
2026-06-24 13:54:03 [WATCHDOG] PM 服务运行正常 (status=200, pid=10480)
2026-06-24 13:55:02 [WATCHDOG] --- 看门狗检查开始 ---
2026-06-24 13:55:02 [WATCHDOG] PM 服务运行正常 (status=200, pid=10480)
2026-06-24 13:59:03 [WATCHDOG] --- 看门狗检查开始 ---
2026-06-24 13:59:03 [WATCHDOG] PM 服务运行正常 (status=200, pid=10480)
2026-06-24 14:00:02 [WATCHDOG] --- 看门狗检查开始 ---
2026-06-24 14:00:03 [WATCHDOG] PM 服务运行正常 (status=200, pid=10480)
2026-06-24 14:04:02 [WATCHDOG] --- 看门狗检查开始 ---
2026-06-24 14:04:03 [WATCHDOG] PM 服务运行正常 (status=200, pid=10480)
2026-06-24 14:05:03 [WATCHDOG] --- 看门狗检查开始 ---
2026-06-24 14:05:03 [WATCHDOG] PM 服务运行正常 (status=200, pid=10480)
2026-06-24 14:09:03 [WATCHDOG] --- 看门狗检查开始 ---
2026-06-24 14:09:03 [WATCHDOG] PM 服务运行正常 (status=200, pid=10480)
2026-06-24 14:10:02 [WATCHDOG] --- 看门狗检查开始 ---
2026-06-24 14:10:02 [WATCHDOG] PM 服务运行正常 (status=200, pid=10480)
2026-06-24 14:14:03 [WATCHDOG] --- 看门狗检查开始 ---
2026-06-24 14:14:03 [WATCHDOG] PM 服务运行正常 (status=200, pid=10480)
2026-06-24 14:15:03 [WATCHDOG] --- 看门狗检查开始 ---
2026-06-24 14:15:03 [WATCHDOG] PM 服务运行正常 (status=200, pid=10480)
2026-06-24 14:19:02 [WATCHDOG] --- 看门狗检查开始 ---
2026-06-24 14:19:03 [WATCHDOG] PM 服务运行正常 (status=200, pid=10480)
2026-06-24 14:20:02 [WATCHDOG] --- 看门狗检查开始 ---
2026-06-24 14:20:02 [WATCHDOG] PM 服务运行正常 (status=200, pid=10480)
2026-06-24 14:24:02 [WATCHDOG] --- 看门狗检查开始 ---
2026-06-24 14:24:03 [WATCHDOG] PM 服务运行正常 (status=200, pid=10480)
2026-06-24 14:25:03 [WATCHDOG] --- 看门狗检查开始 ---
2026-06-24 14:25:03 [WATCHDOG] PM 服务运行正常 (status=200, pid=10480)
2026-06-24 14:29:03 [WATCHDOG] --- 看门狗检查开始 ---
2026-06-24 14:29:03 [WATCHDOG] PM 服务运行正常 (status=200, pid=10480)
2026-06-24 14:30:03 [WATCHDOG] --- 看门狗检查开始 ---
2026-06-24 14:30:03 [WATCHDOG] PM 服务运行正常 (status=200, pid=10480)
2026-06-24 14:34:03 [WATCHDOG] --- 看门狗检查开始 ---
2026-06-24 14:34:03 [WATCHDOG] PM 服务运行正常 (status=200, pid=10480)
2026-06-24 14:35:03 [WATCHDOG] --- 看门狗检查开始 ---
2026-06-24 14:35:03 [WATCHDOG] PM 服务运行正常 (status=200, pid=10480)
2026-06-24 14:39:03 [WATCHDOG] --- 看门狗检查开始 ---
2026-06-24 14:39:03 [WATCHDOG] PM 服务运行正常 (status=200, pid=10480)
2026-06-24 14:40:02 [WATCHDOG] --- 看门狗检查开始 ---
2026-06-24 14:40:02 [WATCHDOG] PM 服务运行正常 (status=200, pid=10480)
2026-06-24 14:44:03 [WATCHDOG] --- 看门狗检查开始 ---
2026-06-24 14:44:03 [WATCHDOG] PM 服务运行正常 (status=200, pid=10480)
2026-06-24 14:45:02 [WATCHDOG] --- 看门狗检查开始 ---
2026-06-24 14:45:02 [WATCHDOG] PM 服务运行正常 (status=200, pid=10480)
2026-06-24 14:49:03 [WATCHDOG] --- 看门狗检查开始 ---
2026-06-24 14:49:03 [WATCHDOG] PM 服务运行正常 (status=200, pid=10480)
2026-06-24 14:50:02 [WATCHDOG] --- 看门狗检查开始 ---
2026-06-24 14:50:02 [WATCHDOG] PM 服务运行正常 (status=200, pid=10480)
2026-06-24 14:54:03 [WATCHDOG] --- 看门狗检查开始 ---
2026-06-24 14:54:03 [WATCHDOG] PM 服务运行正常 (status=200, pid=10480)
2026-06-24 14:55:02 [WATCHDOG] --- 看门狗检查开始 ---
2026-06-24 14:55:02 [WATCHDOG] PM 服务运行正常 (status=200, pid=10480)
2026-06-24 14:59:03 [WATCHDOG] --- 看门狗检查开始 ---
2026-06-24 14:59:03 [WATCHDOG] PM 服务运行正常 (status=200, pid=10480)
2026-06-24 15:00:02 [WATCHDOG] --- 看门狗检查开始 ---
2026-06-24 15:00:02 [WATCHDOG] PM 服务运行正常 (status=200, pid=10480)
2026-06-24 15:04:03 [WATCHDOG] --- 看门狗检查开始 ---
2026-06-24 15:04:03 [WATCHDOG] PM 服务运行正常 (status=200, pid=10480)
2026-06-24 15:05:03 [WATCHDOG] --- 看门狗检查开始 ---
2026-06-24 15:05:03 [WATCHDOG] PM 服务运行正常 (status=200, pid=10480)
2026-06-24 15:09:03 [WATCHDOG] --- 看门狗检查开始 ---
2026-06-24 15:09:03 [WATCHDOG] PM 服务运行正常 (status=200, pid=10480)
2026-06-24 15:10:03 [WATCHDOG] --- 看门狗检查开始 ---
2026-06-24 15:10:03 [WATCHDOG] PM 服务运行正常 (status=200, pid=10480)
2026-06-24 15:14:03 [WATCHDOG] --- 看门狗检查开始 ---
2026-06-24 15:14:03 [WATCHDOG] PM 服务运行正常 (status=200, pid=10480)
2026-06-24 15:15:03 [WATCHDOG] --- 看门狗检查开始 ---
2026-06-24 15:15:03 [WATCHDOG] PM 服务运行正常 (status=200, pid=10480)
