2026-05-21 10:04:49,457 [INFO] paper-strat: === vqlearn paper + strategy ===
2026-05-21 10:04:49,458 [INFO] paper-strat: 持仓: 4 只 | 观察: 19 只 | auto_trade=False
没有配置要使用的数据服务，请修改全局配置中的datafeed相关内容
2026-05-21 10:04:49.522 | INFO | MainEngine | 连接登录 -> AKSHARE
2026-05-21 10:04:49,522 [INFO] paper-strat: [MainEngine] 连接登录 -> AKSHARE
2026-05-21 10:04:49.522 | INFO | AKSHARE | akshare gateway 启动（行情 only），轮询 5.0s
2026-05-21 10:04:49,522 [INFO] paper-strat: [AKSHARE] akshare gateway 启动（行情 only），轮询 5.0s
2026-05-21 10:04:51.523 | INFO | MainEngine | 订阅行情 -> AKSHARE：SubscribeRequest(symbol='600330', exchange=<Exchange.SSE: 'SSE'>)
2026-05-21 10:04:51,524 [INFO] paper-strat: [MainEngine] 订阅行情 -> AKSHARE：SubscribeRequest(symbol='600330', exchange=<Exchange.SSE: 'SSE'>)
2026-05-21 10:04:51.524 | INFO | AKSHARE | 订阅 600330.SSE (累计 1 只)
2026-05-21 10:04:51,524 [INFO] paper-strat: [AKSHARE] 订阅 600330.SSE (累计 1 只)
2026-05-21 10:04:51.525 | INFO | MainEngine | 订阅行情 -> AKSHARE：SubscribeRequest(symbol='002256', exchange=<Exchange.SZSE: 'SZSE'>)
2026-05-21 10:04:51,525 [INFO] paper-strat: [MainEngine] 订阅行情 -> AKSHARE：SubscribeRequest(symbol='002256', exchange=<Exchange.SZSE: 'SZSE'>)
2026-05-21 10:04:51.525 | INFO | AKSHARE | 订阅 002256.SZSE (累计 2 只)
2026-05-21 10:04:51,525 [INFO] paper-strat: [AKSHARE] 订阅 002256.SZSE (累计 2 只)
2026-05-21 10:04:51.525 | INFO | MainEngine | 订阅行情 -> AKSHARE：SubscribeRequest(symbol='002453', exchange=<Exchange.SZSE: 'SZSE'>)
2026-05-21 10:04:51,525 [INFO] paper-strat: [MainEngine] 订阅行情 -> AKSHARE：SubscribeRequest(symbol='002453', exchange=<Exchange.SZSE: 'SZSE'>)
2026-05-21 10:04:51.526 | INFO | AKSHARE | 订阅 002453.SZSE (累计 3 只)
2026-05-21 10:04:51,526 [INFO] paper-strat: [AKSHARE] 订阅 002453.SZSE (累计 3 只)
2026-05-21 10:04:51.526 | INFO | MainEngine | 订阅行情 -> AKSHARE：SubscribeRequest(symbol='603601', exchange=<Exchange.SSE: 'SSE'>)
2026-05-21 10:04:51,526 [INFO] paper-strat: [MainEngine] 订阅行情 -> AKSHARE：SubscribeRequest(symbol='603601', exchange=<Exchange.SSE: 'SSE'>)
2026-05-21 10:04:51.526 | INFO | AKSHARE | 订阅 603601.SSE (累计 4 只)
2026-05-21 10:04:51,526 [INFO] paper-strat: [AKSHARE] 订阅 603601.SSE (累计 4 只)
2026-05-21 10:04:51.526 | INFO | MainEngine | 订阅行情 -> AKSHARE：SubscribeRequest(symbol='002428', exchange=<Exchange.SZSE: 'SZSE'>)
2026-05-21 10:04:51,527 [INFO] paper-strat: [MainEngine] 订阅行情 -> AKSHARE：SubscribeRequest(symbol='002428', exchange=<Exchange.SZSE: 'SZSE'>)
2026-05-21 10:04:51.527 | INFO | AKSHARE | 订阅 002428.SZSE (累计 5 只)
2026-05-21 10:04:51,527 [INFO] paper-strat: [AKSHARE] 订阅 002428.SZSE (累计 5 只)
2026-05-21 10:04:51.527 | INFO | MainEngine | 订阅行情 -> AKSHARE：SubscribeRequest(symbol='600130', exchange=<Exchange.SSE: 'SSE'>)
2026-05-21 10:04:51,527 [INFO] paper-strat: [MainEngine] 订阅行情 -> AKSHARE：SubscribeRequest(symbol='600130', exchange=<Exchange.SSE: 'SSE'>)
2026-05-21 10:04:51.527 | INFO | AKSHARE | 订阅 600130.SSE (累计 6 只)
2026-05-21 10:04:51,527 [INFO] paper-strat: [AKSHARE] 订阅 600130.SSE (累计 6 只)
2026-05-21 10:04:51,528 [INFO] paper-strat: [MainEngine] 订阅行情 -> AKSHARE：SubscribeRequest(symbol='603178', exchange=<Exchange.SSE: 'SSE'>)
2026-05-21 10:04:51.527 | INFO | MainEngine | 订阅行情 -> AKSHARE：SubscribeRequest(symbol='603178', exchange=<Exchange.SSE: 'SSE'>)
2026-05-21 10:04:51.528 | INFO | AKSHARE | 订阅 603178.SSE (累计 7 只)
2026-05-21 10:04:51,528 [INFO] paper-strat: [AKSHARE] 订阅 603178.SSE (累计 7 只)
2026-05-21 10:04:51.528 | INFO | MainEngine | 订阅行情 -> AKSHARE：SubscribeRequest(symbol='603986', exchange=<Exchange.SSE: 'SSE'>)
2026-05-21 10:04:51,528 [INFO] paper-strat: [MainEngine] 订阅行情 -> AKSHARE：SubscribeRequest(symbol='603986', exchange=<Exchange.SSE: 'SSE'>)
2026-05-21 10:04:51.528 | INFO | AKSHARE | 订阅 603986.SSE (累计 8 只)
2026-05-21 10:04:51,528 [INFO] paper-strat: [AKSHARE] 订阅 603986.SSE (累计 8 只)
2026-05-21 10:04:51.528 | INFO | MainEngine | 订阅行情 -> AKSHARE：SubscribeRequest(symbol='301120', exchange=<Exchange.SZSE: 'SZSE'>)
2026-05-21 10:04:51,528 [INFO] paper-strat: [MainEngine] 订阅行情 -> AKSHARE：SubscribeRequest(symbol='301120', exchange=<Exchange.SZSE: 'SZSE'>)
2026-05-21 10:04:51.528 | INFO | AKSHARE | 订阅 301120.SZSE (累计 9 只)
2026-05-21 10:04:51,529 [INFO] paper-strat: [AKSHARE] 订阅 301120.SZSE (累计 9 只)
2026-05-21 10:04:51.529 | INFO | MainEngine | 订阅行情 -> AKSHARE：SubscribeRequest(symbol='301179', exchange=<Exchange.SZSE: 'SZSE'>)
2026-05-21 10:04:51,529 [INFO] paper-strat: [MainEngine] 订阅行情 -> AKSHARE：SubscribeRequest(symbol='301179', exchange=<Exchange.SZSE: 'SZSE'>)
2026-05-21 10:04:51.529 | INFO | AKSHARE | 订阅 301179.SZSE (累计 10 只)
2026-05-21 10:04:51,529 [INFO] paper-strat: [AKSHARE] 订阅 301179.SZSE (累计 10 只)
2026-05-21 10:04:51.529 | INFO | MainEngine | 订阅行情 -> AKSHARE：SubscribeRequest(symbol='600021', exchange=<Exchange.SSE: 'SSE'>)
2026-05-21 10:04:51,530 [INFO] paper-strat: [MainEngine] 订阅行情 -> AKSHARE：SubscribeRequest(symbol='600021', exchange=<Exchange.SSE: 'SSE'>)
2026-05-21 10:04:51.530 | INFO | AKSHARE | 订阅 600021.SSE (累计 11 只)
2026-05-21 10:04:51,530 [INFO] paper-strat: [AKSHARE] 订阅 600021.SSE (累计 11 只)
2026-05-21 10:04:51.530 | INFO | MainEngine | 订阅行情 -> AKSHARE：SubscribeRequest(symbol='000600', exchange=<Exchange.SZSE: 'SZSE'>)
2026-05-21 10:04:51,530 [INFO] paper-strat: [MainEngine] 订阅行情 -> AKSHARE：SubscribeRequest(symbol='000600', exchange=<Exchange.SZSE: 'SZSE'>)
2026-05-21 10:04:51.530 | INFO | AKSHARE | 订阅 000600.SZSE (累计 12 只)
2026-05-21 10:04:51,530 [INFO] paper-strat: [AKSHARE] 订阅 000600.SZSE (累计 12 只)
2026-05-21 10:04:51.530 | INFO | MainEngine | 订阅行情 -> AKSHARE：SubscribeRequest(symbol='002067', exchange=<Exchange.SZSE: 'SZSE'>)
2026-05-21 10:04:51,530 [INFO] paper-strat: [MainEngine] 订阅行情 -> AKSHARE：SubscribeRequest(symbol='002067', exchange=<Exchange.SZSE: 'SZSE'>)
2026-05-21 10:04:51.530 | INFO | AKSHARE | 订阅 002067.SZSE (累计 13 只)
2026-05-21 10:04:51,530 [INFO] paper-strat: [AKSHARE] 订阅 002067.SZSE (累计 13 只)
2026-05-21 10:04:51.530 | INFO | MainEngine | 订阅行情 -> AKSHARE：SubscribeRequest(symbol='000899', exchange=<Exchange.SZSE: 'SZSE'>)
