2026-05-21 10:05:54,479 [INFO] paper-strat: === vqlearn paper + strategy ===
2026-05-21 10:05:54,479 [INFO] paper-strat: 持仓: 4 只 | 观察: 19 只 | auto_trade=False
2026-05-21 10:05:54,516 [INFO] paper-strat: [MainEngine] 连接登录 -> AKSHARE
2026-05-21 10:05:54,518 [INFO] paper-strat: [AKSHARE] akshare gateway 启动（行情 only），轮询 5.0s
2026-05-21 10:05:56,520 [INFO] paper-strat: [MainEngine] 订阅行情 -> AKSHARE：SubscribeRequest(symbol='600330', exchange=<Exchange.SSE: 'SSE'>)
2026-05-21 10:05:56,521 [INFO] paper-strat: [AKSHARE] 订阅 600330.SSE (累计 1 只)
2026-05-21 10:05:56,524 [INFO] paper-strat: [MainEngine] 订阅行情 -> AKSHARE：SubscribeRequest(symbol='002256', exchange=<Exchange.SZSE: 'SZSE'>)
2026-05-21 10:05:56,526 [INFO] paper-strat: [AKSHARE] 订阅 002256.SZSE (累计 2 只)
2026-05-21 10:05:56,528 [INFO] paper-strat: [MainEngine] 订阅行情 -> AKSHARE：SubscribeRequest(symbol='002453', exchange=<Exchange.SZSE: 'SZSE'>)
2026-05-21 10:05:56,530 [INFO] paper-strat: [AKSHARE] 订阅 002453.SZSE (累计 3 只)
2026-05-21 10:05:56,531 [INFO] paper-strat: [MainEngine] 订阅行情 -> AKSHARE：SubscribeRequest(symbol='603601', exchange=<Exchange.SSE: 'SSE'>)
2026-05-21 10:05:56,532 [INFO] paper-strat: [AKSHARE] 订阅 603601.SSE (累计 4 只)
2026-05-21 10:05:56,533 [INFO] paper-strat: [MainEngine] 订阅行情 -> AKSHARE：SubscribeRequest(symbol='002428', exchange=<Exchange.SZSE: 'SZSE'>)
2026-05-21 10:05:56,534 [INFO] paper-strat: [AKSHARE] 订阅 002428.SZSE (累计 5 只)
2026-05-21 10:05:56,536 [INFO] paper-strat: [MainEngine] 订阅行情 -> AKSHARE：SubscribeRequest(symbol='600130', exchange=<Exchange.SSE: 'SSE'>)
2026-05-21 10:05:56,538 [INFO] paper-strat: [AKSHARE] 订阅 600130.SSE (累计 6 只)
2026-05-21 10:05:56,539 [INFO] paper-strat: [MainEngine] 订阅行情 -> AKSHARE：SubscribeRequest(symbol='603178', exchange=<Exchange.SSE: 'SSE'>)
2026-05-21 10:05:56,540 [INFO] paper-strat: [AKSHARE] 订阅 603178.SSE (累计 7 只)
2026-05-21 10:05:56,542 [INFO] paper-strat: [MainEngine] 订阅行情 -> AKSHARE：SubscribeRequest(symbol='603986', exchange=<Exchange.SSE: 'SSE'>)
2026-05-21 10:05:56,543 [INFO] paper-strat: [AKSHARE] 订阅 603986.SSE (累计 8 只)
2026-05-21 10:05:56,544 [INFO] paper-strat: [MainEngine] 订阅行情 -> AKSHARE：SubscribeRequest(symbol='301120', exchange=<Exchange.SZSE: 'SZSE'>)
2026-05-21 10:05:56,546 [INFO] paper-strat: [AKSHARE] 订阅 301120.SZSE (累计 9 只)
2026-05-21 10:05:56,546 [INFO] paper-strat: [MainEngine] 订阅行情 -> AKSHARE：SubscribeRequest(symbol='301179', exchange=<Exchange.SZSE: 'SZSE'>)
2026-05-21 10:05:56,548 [INFO] paper-strat: [AKSHARE] 订阅 301179.SZSE (累计 10 只)
2026-05-21 10:05:56,551 [INFO] paper-strat: [MainEngine] 订阅行情 -> AKSHARE：SubscribeRequest(symbol='600021', exchange=<Exchange.SSE: 'SSE'>)
2026-05-21 10:05:56,552 [INFO] paper-strat: [AKSHARE] 订阅 600021.SSE (累计 11 只)
2026-05-21 10:05:56,553 [INFO] paper-strat: [MainEngine] 订阅行情 -> AKSHARE：SubscribeRequest(symbol='000600', exchange=<Exchange.SZSE: 'SZSE'>)
2026-05-21 10:05:56,555 [INFO] paper-strat: [AKSHARE] 订阅 000600.SZSE (累计 12 只)
2026-05-21 10:05:56,556 [INFO] paper-strat: [MainEngine] 订阅行情 -> AKSHARE：SubscribeRequest(symbol='002067', exchange=<Exchange.SZSE: 'SZSE'>)
2026-05-21 10:05:56,558 [INFO] paper-strat: [AKSHARE] 订阅 002067.SZSE (累计 13 只)
2026-05-21 10:05:56,559 [INFO] paper-strat: [MainEngine] 订阅行情 -> AKSHARE：SubscribeRequest(symbol='000899', exchange=<Exchange.SZSE: 'SZSE'>)
2026-05-21 10:05:56,560 [INFO] paper-strat: [AKSHARE] 订阅 000899.SZSE (累计 14 只)
2026-05-21 10:05:56,561 [INFO] paper-strat: [MainEngine] 订阅行情 -> AKSHARE：SubscribeRequest(symbol='001896', exchange=<Exchange.SZSE: 'SZSE'>)
2026-05-21 10:05:56,562 [INFO] paper-strat: [AKSHARE] 订阅 001896.SZSE (累计 15 只)
2026-05-21 10:05:56,564 [INFO] paper-strat: [MainEngine] 订阅行情 -> AKSHARE：SubscribeRequest(symbol='600310', exchange=<Exchange.SSE: 'SSE'>)
2026-05-21 10:05:56,566 [INFO] paper-strat: [AKSHARE] 订阅 600310.SSE (累计 16 只)
2026-05-21 10:05:56,567 [INFO] paper-strat: [MainEngine] 订阅行情 -> AKSHARE：SubscribeRequest(symbol='601222', exchange=<Exchange.SSE: 'SSE'>)
2026-05-21 10:05:56,569 [INFO] paper-strat: [AKSHARE] 订阅 601222.SSE (累计 17 只)
2026-05-21 10:05:56,571 [INFO] paper-strat: [MainEngine] 订阅行情 -> AKSHARE：SubscribeRequest(symbol='600863', exchange=<Exchange.SSE: 'SSE'>)
2026-05-21 10:05:56,571 [INFO] paper-strat: [AKSHARE] 订阅 600863.SSE (累计 18 只)
2026-05-21 10:05:56,573 [INFO] paper-strat: [MainEngine] 订阅行情 -> AKSHARE：SubscribeRequest(symbol='605006', exchange=<Exchange.SSE: 'SSE'>)
2026-05-21 10:05:56,573 [INFO] paper-strat: [AKSHARE] 订阅 605006.SSE (累计 19 只)
2026-05-21 10:05:56,575 [INFO] paper-strat: [MainEngine] 订阅行情 -> AKSHARE：SubscribeRequest(symbol='603757', exchange=<Exchange.SSE: 'SSE'>)
2026-05-21 10:05:56,576 [INFO] paper-strat: [AKSHARE] 订阅 603757.SSE (累计 20 只)
2026-05-21 10:05:56,578 [INFO] paper-strat: [MainEngine] 订阅行情 -> AKSHARE：SubscribeRequest(symbol='002156', exchange=<Exchange.SZSE: 'SZSE'>)
2026-05-21 10:05:56,579 [INFO] paper-strat: [AKSHARE] 订阅 002156.SZSE (累计 21 只)
2026-05-21 10:05:56,580 [INFO] paper-strat: [MainEngine] 订阅行情 -> AKSHARE：SubscribeRequest(symbol='002709', exchange=<Exchange.SZSE: 'SZSE'>)
2026-05-21 10:05:56,581 [INFO] paper-strat: [AKSHARE] 订阅 002709.SZSE (累计 22 只)
2026-05-21 10:05:56,583 [INFO] paper-strat: [MainEngine] 订阅行情 -> AKSHARE：SubscribeRequest(symbol='002149', exchange=<Exchange.SZSE: 'SZSE'>)
2026-05-21 10:05:56,584 [INFO] paper-strat: [AKSHARE] 订阅 002149.SZSE (累计 23 只)
2026-05-21 10:05:56,801 [INFO] paper-strat: 📊 TICK 301179.SZSE 泽宇智能 26.22 (-1.06%)
2026-05-21 10:05:56,802 [INFO] paper-strat: 📊 TICK 600330.SSE 天通股份 28.93 (+0.77%)
2026-05-21 10:05:56,802 [INFO] paper-strat: 📊 TICK 600863.SSE 华能蒙电 5.67 (+5.39%)
2026-05-21 10:05:56,804 [INFO] paper-strat: 📊 TICK 600130.SSE 波导股份 5.71 (-6.39%)
2026-05-21 10:05:56,804 [INFO] paper-strat: 📊 TICK 002067.SZSE 景兴纸业 5.26 (+3.34%)
2026-05-21 10:05:56,805 [INFO] paper-strat: 📊 TICK 002256.SZSE 兆新股份 4.67 (-2.10%)
2026-05-21 10:05:56,805 [INFO] paper-strat: 📊 TICK 002453.SZSE 华软科技 5.99 (-0.83%)
2026-05-21 10:05:56,806 [INFO] paper-strat: 📊 TICK 603986.SSE 兆易创新 448.13 (+0.70%)
2026-05-21 10:05:56,807 [INFO] paper-strat: 📊 TICK 002149.SZSE 西部材料 68.20 (-1.29%)
2026-05-21 10:05:56,807 [INFO] paper-strat: 📊 TICK 002156.SZSE 通富微电 65.84 (+5.72%)
2026-05-21 10:05:56,807 [INFO] paper-strat: 📊 TICK 002709.SZSE 天赐材料 59.46 (+2.52%)
2026-05-21 10:05:56,808 [INFO] paper-strat: 📊 TICK 002428.SZSE 云南锗业 90.01 (-1.09%)
2026-05-21 10:05:56,809 [INFO] paper-strat: 📊 TICK 601222.SSE 林洋能源 6.53 (-1.51%)
2026-05-21 10:05:56,810 [INFO] paper-strat: 📊 TICK 603757.SSE 大元泵业 62.92 (-5.38%)
2026-05-21 10:05:56,810 [INFO] paper-strat: 📊 TICK 000899.SZSE 赣能股份 13.50 (+0.60%)
2026-05-21 10:05:56,811 [INFO] paper-strat: 📊 TICK 600021.SSE 上海电力 18.63 (-0.27%)
2026-05-21 10:05:56,811 [INFO] paper-strat: 📊 TICK 600310.SSE 广西能源 5.23 (+3.16%)
2026-05-21 10:05:56,811 [INFO] paper-strat: 📊 TICK 000600.SZSE 建投能源 10.17 (+0.10%)
2026-05-21 10:05:56,813 [INFO] paper-strat: 📊 TICK 605006.SSE 山东玻纤 14.98 (+4.24%)
2026-05-21 10:05:56,813 [INFO] paper-strat: 📊 TICK 001896.SZSE 豫能控股 16.37 (+10.01%)
2026-05-21 10:05:56,813 [INFO] paper-strat: 📊 TICK 603601.SSE 再升科技 17.35 (-1.42%)
2026-05-21 10:05:56,815 [INFO] paper-strat: 📊 TICK 603178.SSE 圣龙股份 20.39 (-4.63%)
2026-05-21 10:05:56,815 [INFO] paper-strat: 📊 TICK 301120.SZSE 新特电气 24.15 (-1.11%)
2026-05-21 10:05:57,546 [INFO] paper-strat: 已加载策略类: ['AtrRsiStrategy', 'BollChannelStrategy', 'DoubleMaStrategy', 'DualThrustStrategy', 'KingKeltnerStrategy', 'MultiSignalStrategy', 'MultiTimeframeStrategy', 'TestStrategy', 'TurtleSignalStrategy', 'ThresholdAlertStrategy']
2026-05-21 10:05:57,573 [INFO] paper-strat: ✓ 已加载 23 个 ThresholdAlertStrategy 实例
2026-05-21 10:05:57,578 [INFO] paper-strat: [MainEngine] 订阅行情 -> AKSHARE：SubscribeRequest(symbol='600330', exchange=<Exchange.SSE: 'SSE'>)
2026-05-21 10:05:57,579 [INFO] paper-strat: [AKSHARE] 订阅 600330.SSE (累计 23 只)
2026-05-21 10:05:57,583 [INFO] paper-strat: [MainEngine] 订阅行情 -> AKSHARE：SubscribeRequest(symbol='002256', exchange=<Exchange.SZSE: 'SZSE'>)
2026-05-21 10:05:57,584 [INFO] paper-strat: [AKSHARE] 订阅 002256.SZSE (累计 23 只)
2026-05-21 10:05:57,587 [INFO] paper-strat: [MainEngine] 订阅行情 -> AKSHARE：SubscribeRequest(symbol='002453', exchange=<Exchange.SZSE: 'SZSE'>)
2026-05-21 10:05:57,589 [INFO] paper-strat: [AKSHARE] 订阅 002453.SZSE (累计 23 只)
2026-05-21 10:05:57,591 [INFO] paper-strat: [MainEngine] 订阅行情 -> AKSHARE：SubscribeRequest(symbol='603601', exchange=<Exchange.SSE: 'SSE'>)
2026-05-21 10:05:57,594 [INFO] paper-strat: [AKSHARE] 订阅 603601.SSE (累计 23 只)
2026-05-21 10:05:57,597 [INFO] paper-strat: [MainEngine] 订阅行情 -> AKSHARE：SubscribeRequest(symbol='002428', exchange=<Exchange.SZSE: 'SZSE'>)
2026-05-21 10:05:57,599 [INFO] paper-strat: [AKSHARE] 订阅 002428.SZSE (累计 23 只)
2026-05-21 10:05:57,603 [INFO] paper-strat: [MainEngine] 订阅行情 -> AKSHARE：SubscribeRequest(symbol='600130', exchange=<Exchange.SSE: 'SSE'>)
2026-05-21 10:05:57,604 [INFO] paper-strat: [AKSHARE] 订阅 600130.SSE (累计 23 只)
2026-05-21 10:05:57,608 [INFO] paper-strat: [MainEngine] 订阅行情 -> AKSHARE：SubscribeRequest(symbol='603178', exchange=<Exchange.SSE: 'SSE'>)
2026-05-21 10:05:57,609 [INFO] paper-strat: [AKSHARE] 订阅 603178.SSE (累计 23 只)
2026-05-21 10:05:57,615 [INFO] paper-strat: [MainEngine] 订阅行情 -> AKSHARE：SubscribeRequest(symbol='603986', exchange=<Exchange.SSE: 'SSE'>)
2026-05-21 10:05:57,616 [INFO] paper-strat: [AKSHARE] 订阅 603986.SSE (累计 23 只)
2026-05-21 10:05:57,620 [INFO] paper-strat: [MainEngine] 订阅行情 -> AKSHARE：SubscribeRequest(symbol='301120', exchange=<Exchange.SZSE: 'SZSE'>)
2026-05-21 10:05:57,622 [INFO] paper-strat: [AKSHARE] 订阅 301120.SZSE (累计 23 只)
2026-05-21 10:05:57,624 [INFO] paper-strat: [MainEngine] 订阅行情 -> AKSHARE：SubscribeRequest(symbol='301179', exchange=<Exchange.SZSE: 'SZSE'>)
2026-05-21 10:05:57,627 [INFO] paper-strat: [AKSHARE] 订阅 301179.SZSE (累计 23 只)
2026-05-21 10:05:57,632 [INFO] paper-strat: [MainEngine] 订阅行情 -> AKSHARE：SubscribeRequest(symbol='600021', exchange=<Exchange.SSE: 'SSE'>)
2026-05-21 10:05:57,634 [INFO] paper-strat: [AKSHARE] 订阅 600021.SSE (累计 23 只)
2026-05-21 10:05:57,639 [INFO] paper-strat: [MainEngine] 订阅行情 -> AKSHARE：SubscribeRequest(symbol='000600', exchange=<Exchange.SZSE: 'SZSE'>)
2026-05-21 10:05:57,640 [INFO] paper-strat: [AKSHARE] 订阅 000600.SZSE (累计 23 只)
2026-05-21 10:05:57,643 [INFO] paper-strat: [MainEngine] 订阅行情 -> AKSHARE：SubscribeRequest(symbol='002067', exchange=<Exchange.SZSE: 'SZSE'>)
2026-05-21 10:05:57,644 [INFO] paper-strat: [AKSHARE] 订阅 002067.SZSE (累计 23 只)
2026-05-21 10:05:57,647 [INFO] paper-strat: [MainEngine] 订阅行情 -> AKSHARE：SubscribeRequest(symbol='000899', exchange=<Exchange.SZSE: 'SZSE'>)
2026-05-21 10:05:57,649 [INFO] paper-strat: [AKSHARE] 订阅 000899.SZSE (累计 23 只)
2026-05-21 10:05:57,652 [INFO] paper-strat: [MainEngine] 订阅行情 -> AKSHARE：SubscribeRequest(symbol='001896', exchange=<Exchange.SZSE: 'SZSE'>)
2026-05-21 10:05:57,655 [INFO] paper-strat: [AKSHARE] 订阅 001896.SZSE (累计 23 只)
2026-05-21 10:05:57,657 [INFO] paper-strat: [MainEngine] 订阅行情 -> AKSHARE：SubscribeRequest(symbol='600310', exchange=<Exchange.SSE: 'SSE'>)
2026-05-21 10:05:57,660 [INFO] paper-strat: [AKSHARE] 订阅 600310.SSE (累计 23 只)
2026-05-21 10:05:57,663 [INFO] paper-strat: [MainEngine] 订阅行情 -> AKSHARE：SubscribeRequest(symbol='601222', exchange=<Exchange.SSE: 'SSE'>)
2026-05-21 10:05:57,665 [INFO] paper-strat: [AKSHARE] 订阅 601222.SSE (累计 23 只)
2026-05-21 10:05:57,669 [INFO] paper-strat: [MainEngine] 订阅行情 -> AKSHARE：SubscribeRequest(symbol='600863', exchange=<Exchange.SSE: 'SSE'>)
2026-05-21 10:05:57,670 [INFO] paper-strat: [AKSHARE] 订阅 600863.SSE (累计 23 只)
2026-05-21 10:05:57,675 [INFO] paper-strat: [MainEngine] 订阅行情 -> AKSHARE：SubscribeRequest(symbol='605006', exchange=<Exchange.SSE: 'SSE'>)
2026-05-21 10:05:57,675 [INFO] paper-strat: [AKSHARE] 订阅 605006.SSE (累计 23 只)
2026-05-21 10:05:57,679 [INFO] paper-strat: [MainEngine] 订阅行情 -> AKSHARE：SubscribeRequest(symbol='603757', exchange=<Exchange.SSE: 'SSE'>)
2026-05-21 10:05:57,681 [INFO] paper-strat: [AKSHARE] 订阅 603757.SSE (累计 23 只)
2026-05-21 10:05:57,685 [INFO] paper-strat: [MainEngine] 订阅行情 -> AKSHARE：SubscribeRequest(symbol='002156', exchange=<Exchange.SZSE: 'SZSE'>)
2026-05-21 10:05:57,686 [INFO] paper-strat: [AKSHARE] 订阅 002156.SZSE (累计 23 只)
2026-05-21 10:05:57,690 [INFO] paper-strat: [MainEngine] 订阅行情 -> AKSHARE：SubscribeRequest(symbol='002709', exchange=<Exchange.SZSE: 'SZSE'>)
2026-05-21 10:05:57,691 [INFO] paper-strat: [AKSHARE] 订阅 002709.SZSE (累计 23 只)
2026-05-21 10:05:57,694 [INFO] paper-strat: [MainEngine] 订阅行情 -> AKSHARE：SubscribeRequest(symbol='002149', exchange=<Exchange.SZSE: 'SZSE'>)
2026-05-21 10:05:57,695 [INFO] paper-strat: [AKSHARE] 订阅 002149.SZSE (累计 23 只)
2026-05-21 10:05:59,576 [INFO] paper-strat: 🚀 全部 23 个策略已启动
2026-05-21 10:05:59,576 [INFO] paper-strat: limited mode: 60s 后退出
2026-05-21 10:06:02,034 [INFO] paper-strat: 📊 TICK 600330.SSE 天通股份 28.95 (+0.84%)
2026-05-21 10:06:02,034 [INFO] paper-strat: 📊 TICK 600863.SSE 华能蒙电 5.66 (+5.20%)
2026-05-21 10:06:02,035 [INFO] paper-strat: 📊 TICK 600130.SSE 波导股份 5.72 (-6.23%)
2026-05-21 10:06:02,036 [INFO] paper-strat: 📊 TICK 002149.SZSE 西部材料 68.32 (-1.11%)
2026-05-21 10:06:02,036 [INFO] paper-strat: 📊 TICK 002156.SZSE 通富微电 66.29 (+6.44%)
2026-05-21 10:06:02,038 [INFO] paper-strat: 📊 TICK 002709.SZSE 天赐材料 59.43 (+2.47%)
2026-05-21 10:06:02,038 [INFO] paper-strat: 📊 TICK 002428.SZSE 云南锗业 90.34 (-0.73%)
2026-05-21 10:06:02,039 [INFO] paper-strat: 📊 TICK 600021.SSE 上海电力 18.64 (-0.21%)
2026-05-21 10:06:02,040 [INFO] paper-strat: 📊 TICK 603601.SSE 再升科技 17.36 (-1.36%)
2026-05-21 10:06:02,041 [INFO] paper-strat: 📊 TICK 301120.SZSE 新特电气 24.16 (-1.06%)
2026-05-21 10:06:07,286 [INFO] paper-strat: 📊 TICK 600330.SSE 天通股份 28.94 (+0.80%)
2026-05-21 10:06:07,288 [INFO] paper-strat: 📊 TICK 600863.SSE 华能蒙电 5.65 (+5.02%)
2026-05-21 10:06:07,289 [INFO] paper-strat: 📊 TICK 002453.SZSE 华软科技 6.00 (-0.66%)
2026-05-21 10:06:07,290 [INFO] paper-strat: 📊 TICK 603986.SSE 兆易创新 448.39 (+0.76%)
2026-05-21 10:06:07,291 [INFO] paper-strat: 📊 TICK 002149.SZSE 西部材料 68.37 (-1.04%)
2026-05-21 10:06:07,291 [INFO] paper-strat: 📊 TICK 002709.SZSE 天赐材料 59.45 (+2.50%)
2026-05-21 10:06:07,293 [INFO] paper-strat: 📊 TICK 002428.SZSE 云南锗业 90.57 (-0.47%)
2026-05-21 10:06:07,293 [INFO] paper-strat: 📊 TICK 601222.SSE 林洋能源 6.52 (-1.66%)
2026-05-21 10:06:07,295 [INFO] paper-strat: 📊 TICK 603757.SSE 大元泵业 62.90 (-5.41%)
2026-05-21 10:06:07,295 [INFO] paper-strat: 📊 TICK 000899.SZSE 赣能股份 13.49 (+0.52%)
2026-05-21 10:06:07,296 [INFO] paper-strat: 📊 TICK 600021.SSE 上海电力 18.63 (-0.27%)
2026-05-21 10:06:07,296 [INFO] paper-strat: 📊 TICK 000600.SZSE 建投能源 10.18 (+0.20%)
2026-05-21 10:06:07,296 [INFO] paper-strat: 📊 TICK 605006.SSE 山东玻纤 14.97 (+4.18%)
2026-05-21 10:06:07,296 [INFO] paper-strat: 📊 TICK 603601.SSE 再升科技 17.35 (-1.42%)
2026-05-21 10:06:07,297 [INFO] paper-strat: 📊 TICK 603178.SSE 圣龙股份 20.35 (-4.82%)
2026-05-21 10:06:12,515 [INFO] paper-strat: 📊 TICK 301179.SZSE 泽宇智能 26.23 (-1.02%)
2026-05-21 10:06:12,515 [INFO] paper-strat: 📊 TICK 600330.SSE 天通股份 28.96 (+0.87%)
2026-05-21 10:06:12,516 [INFO] paper-strat: 📊 TICK 600863.SSE 华能蒙电 5.66 (+5.20%)
2026-05-21 10:06:12,517 [INFO] paper-strat: 📊 TICK 002256.SZSE 兆新股份 4.66 (-2.31%)
2026-05-21 10:06:12,517 [INFO] paper-strat: 📊 TICK 603986.SSE 兆易创新 448.51 (+0.78%)
2026-05-21 10:06:12,519 [INFO] paper-strat: 📊 TICK 002149.SZSE 西部材料 68.38 (-1.03%)
2026-05-21 10:06:12,519 [INFO] paper-strat: 📊 TICK 002156.SZSE 通富微电 66.35 (+6.54%)
2026-05-21 10:06:12,520 [INFO] paper-strat: 📊 TICK 002709.SZSE 天赐材料 59.50 (+2.59%)
2026-05-21 10:06:12,520 [INFO] paper-strat: 📊 TICK 002428.SZSE 云南锗业 90.75 (-0.27%)
2026-05-21 10:06:12,520 [INFO] paper-strat: 📊 TICK 603757.SSE 大元泵业 62.92 (-5.38%)
2026-05-21 10:06:12,522 [INFO] paper-strat: 📊 TICK 000899.SZSE 赣能股份 13.48 (+0.45%)
2026-05-21 10:06:12,522 [INFO] paper-strat: 📊 TICK 600021.SSE 上海电力 18.62 (-0.32%)
2026-05-21 10:06:12,523 [INFO] paper-strat: 📊 TICK 600310.SSE 广西能源 5.22 (+2.96%)
2026-05-21 10:06:12,523 [INFO] paper-strat: 📊 TICK 301120.SZSE 新特电气 24.18 (-0.98%)
2026-05-21 10:06:14,580 [INFO] paper-strat: ♥ 心跳 | 策略 23 个 | tick 23
2026-05-21 10:06:17,771 [INFO] paper-strat: 📊 TICK 600863.SSE 华能蒙电 5.65 (+5.02%)
2026-05-21 10:06:17,772 [INFO] paper-strat: 📊 TICK 002067.SZSE 景兴纸业 5.27 (+3.54%)
2026-05-21 10:06:17,773 [INFO] paper-strat: 📊 TICK 002453.SZSE 华软科技 5.99 (-0.83%)
2026-05-21 10:06:17,773 [INFO] paper-strat: 📊 TICK 603986.SSE 兆易创新 448.67 (+0.82%)
2026-05-21 10:06:17,773 [INFO] paper-strat: 📊 TICK 002149.SZSE 西部材料 68.39 (-1.01%)
2026-05-21 10:06:17,775 [INFO] paper-strat: 📊 TICK 002156.SZSE 通富微电 66.37 (+6.57%)
2026-05-21 10:06:17,775 [INFO] paper-strat: 📊 TICK 002709.SZSE 天赐材料 59.51 (+2.60%)
2026-05-21 10:06:17,776 [INFO] paper-strat: 📊 TICK 601222.SSE 林洋能源 6.53 (-1.51%)
2026-05-21 10:06:17,776 [INFO] paper-strat: 📊 TICK 603757.SSE 大元泵业 62.90 (-5.41%)
2026-05-21 10:06:17,777 [INFO] paper-strat: 📊 TICK 600021.SSE 上海电力 18.61 (-0.37%)
2026-05-21 10:06:17,778 [INFO] paper-strat: 📊 TICK 600310.SSE 广西能源 5.23 (+3.16%)
2026-05-21 10:06:17,778 [INFO] paper-strat: 📊 TICK 603178.SSE 圣龙股份 20.31 (-5.00%)
2026-05-21 10:06:17,779 [INFO] paper-strat: 📊 TICK 301120.SZSE 新特电气 24.17 (-1.02%)
2026-05-21 10:06:23,001 [INFO] paper-strat: 📊 TICK 301179.SZSE 泽宇智能 26.21 (-1.09%)
2026-05-21 10:06:23,002 [INFO] paper-strat: 📊 TICK 600330.SSE 天通股份 28.94 (+0.80%)
2026-05-21 10:06:23,003 [INFO] paper-strat: 📊 TICK 600863.SSE 华能蒙电 5.69 (+5.76%)
2026-05-21 10:06:23,003 [INFO] paper-strat: 📊 TICK 002067.SZSE 景兴纸业 5.26 (+3.34%)
2026-05-21 10:06:23,004 [INFO] paper-strat: 📊 TICK 002256.SZSE 兆新股份 4.67 (-2.10%)
2026-05-21 10:06:23,004 [INFO] paper-strat: 📊 TICK 603986.SSE 兆易创新 448.74 (+0.84%)
2026-05-21 10:06:23,006 [INFO] paper-strat: 📊 TICK 002149.SZSE 西部材料 68.45 (-0.93%)
2026-05-21 10:06:23,006 [INFO] paper-strat: 📊 TICK 002156.SZSE 通富微电 66.35 (+6.54%)
2026-05-21 10:06:23,007 [INFO] paper-strat: 📊 TICK 002709.SZSE 天赐材料 59.60 (+2.76%)
2026-05-21 10:06:23,007 [INFO] paper-strat: 📊 TICK 002428.SZSE 云南锗业 90.72 (-0.31%)
2026-05-21 10:06:23,008 [INFO] paper-strat: 📊 TICK 603757.SSE 大元泵业 62.87 (-5.46%)
2026-05-21 10:06:23,008 [INFO] paper-strat: 📊 TICK 000899.SZSE 赣能股份 13.50 (+0.60%)
2026-05-21 10:06:23,009 [INFO] paper-strat: 📊 TICK 000600.SZSE 建投能源 10.19 (+0.30%)
2026-05-21 10:06:23,010 [INFO] paper-strat: 📊 TICK 605006.SSE 山东玻纤 14.96 (+4.11%)
2026-05-21 10:06:23,010 [INFO] paper-strat: 📊 TICK 301120.SZSE 新特电气 24.16 (-1.06%)
2026-05-21 10:06:28,248 [INFO] paper-strat: 📊 TICK 301179.SZSE 泽宇智能 26.20 (-1.13%)
2026-05-21 10:06:28,250 [INFO] paper-strat: 📊 TICK 600330.SSE 天通股份 28.91 (+0.70%)
2026-05-21 10:06:28,251 [INFO] paper-strat: 📊 TICK 600863.SSE 华能蒙电 5.70 (+5.95%)
2026-05-21 10:06:28,251 [INFO] paper-strat: 📊 TICK 002067.SZSE 景兴纸业 5.27 (+3.54%)
2026-05-21 10:06:28,252 [INFO] paper-strat: 📊 TICK 603986.SSE 兆易创新 448.68 (+0.82%)
2026-05-21 10:06:28,252 [INFO] paper-strat: 📊 TICK 002149.SZSE 西部材料 68.57 (-0.75%)
2026-05-21 10:06:28,253 [INFO] paper-strat: 📊 TICK 603757.SSE 大元泵业 62.79 (-5.58%)
2026-05-21 10:06:28,254 [INFO] paper-strat: 📊 TICK 000899.SZSE 赣能股份 13.49 (+0.52%)
2026-05-21 10:06:28,254 [INFO] paper-strat: 📊 TICK 000600.SZSE 建投能源 10.18 (+0.20%)
2026-05-21 10:06:28,255 [INFO] paper-strat: 📊 TICK 301120.SZSE 新特电气 24.13 (-1.19%)
2026-05-21 10:06:29,582 [INFO] paper-strat: ♥ 心跳 | 策略 23 个 | tick 23
2026-05-21 10:06:33,477 [INFO] paper-strat: 📊 TICK 301179.SZSE 泽宇智能 26.19 (-1.17%)
2026-05-21 10:06:33,478 [INFO] paper-strat: 📊 TICK 600330.SSE 天通股份 28.92 (+0.73%)
2026-05-21 10:06:33,478 [INFO] paper-strat: 📊 TICK 600863.SSE 华能蒙电 5.72 (+6.32%)
2026-05-21 10:06:33,479 [INFO] paper-strat: 📊 TICK 603986.SSE 兆易创新 448.92 (+0.88%)
2026-05-21 10:06:33,479 [INFO] paper-strat: 📊 TICK 002149.SZSE 西部材料 68.46 (-0.91%)
2026-05-21 10:06:33,479 [INFO] paper-strat: 📊 TICK 002156.SZSE 通富微电 66.30 (+6.45%)
2026-05-21 10:06:33,481 [INFO] paper-strat: 📊 TICK 002709.SZSE 天赐材料 59.64 (+2.83%)
2026-05-21 10:06:33,481 [INFO] paper-strat: 📊 TICK 002428.SZSE 云南锗业 90.50 (-0.55%)
2026-05-21 10:06:33,482 [INFO] paper-strat: 📊 TICK 603757.SSE 大元泵业 62.77 (-5.61%)
2026-05-21 10:06:33,482 [INFO] paper-strat: 📊 TICK 000899.SZSE 赣能股份 13.48 (+0.45%)
2026-05-21 10:06:33,484 [INFO] paper-strat: 📊 TICK 605006.SSE 山东玻纤 14.95 (+4.04%)
2026-05-21 10:06:33,484 [INFO] paper-strat: 📊 TICK 301120.SZSE 新特电气 24.14 (-1.15%)
2026-05-21 10:06:38,719 [INFO] paper-strat: 📊 TICK 301179.SZSE 泽宇智能 26.23 (-1.02%)
2026-05-21 10:06:38,720 [INFO] paper-strat: 📊 TICK 600330.SSE 天通股份 28.91 (+0.70%)
2026-05-21 10:06:38,722 [INFO] paper-strat: 📊 TICK 600863.SSE 华能蒙电 5.73 (+6.51%)
2026-05-21 10:06:38,722 [INFO] paper-strat: 📊 TICK 600130.SSE 波导股份 5.71 (-6.39%)
2026-05-21 10:06:38,723 [INFO] paper-strat: 📊 TICK 002453.SZSE 华软科技 6.00 (-0.66%)
2026-05-21 10:06:38,724 [INFO] paper-strat: 📊 TICK 603986.SSE 兆易创新 448.75 (+0.84%)
2026-05-21 10:06:38,725 [INFO] paper-strat: 📊 TICK 002149.SZSE 西部材料 68.54 (-0.80%)
2026-05-21 10:06:38,725 [INFO] paper-strat: 📊 TICK 002156.SZSE 通富微电 66.21 (+6.31%)
2026-05-21 10:06:38,725 [INFO] paper-strat: 📊 TICK 002709.SZSE 天赐材料 59.63 (+2.81%)
2026-05-21 10:06:38,727 [INFO] paper-strat: 📊 TICK 002428.SZSE 云南锗业 90.59 (-0.45%)
2026-05-21 10:06:38,727 [INFO] paper-strat: 📊 TICK 603757.SSE 大元泵业 62.73 (-5.67%)
2026-05-21 10:06:38,728 [INFO] paper-strat: 📊 TICK 000899.SZSE 赣能股份 13.49 (+0.52%)
2026-05-21 10:06:38,728 [INFO] paper-strat: 📊 TICK 600021.SSE 上海电力 18.60 (-0.43%)
2026-05-21 10:06:38,729 [INFO] paper-strat: 📊 TICK 600310.SSE 广西能源 5.24 (+3.35%)
2026-05-21 10:06:38,729 [INFO] paper-strat: 📊 TICK 000600.SZSE 建投能源 10.19 (+0.30%)
2026-05-21 10:06:38,730 [INFO] paper-strat: 📊 TICK 603601.SSE 再升科技 17.32 (-1.59%)
2026-05-21 10:06:38,731 [INFO] paper-strat: 📊 TICK 603178.SSE 圣龙股份 20.30 (-5.05%)
2026-05-21 10:06:38,731 [INFO] paper-strat: 📊 TICK 301120.SZSE 新特电气 24.12 (-1.23%)
2026-05-21 10:06:43,964 [INFO] paper-strat: 📊 TICK 301179.SZSE 泽宇智能 26.24 (-0.98%)
2026-05-21 10:06:43,964 [INFO] paper-strat: 📊 TICK 600863.SSE 华能蒙电 5.78 (+7.43%)
2026-05-21 10:06:43,966 [INFO] paper-strat: 📊 TICK 600130.SSE 波导股份 5.72 (-6.23%)
2026-05-21 10:06:43,966 [INFO] paper-strat: 📊 TICK 002067.SZSE 景兴纸业 5.26 (+3.34%)
2026-05-21 10:06:43,967 [INFO] paper-strat: 📊 TICK 603986.SSE 兆易创新 448.72 (+0.83%)
2026-05-21 10:06:43,967 [INFO] paper-strat: 📊 TICK 002149.SZSE 西部材料 68.57 (-0.75%)
2026-05-21 10:06:43,968 [INFO] paper-strat: 📊 TICK 002156.SZSE 通富微电 66.30 (+6.45%)
2026-05-21 10:06:43,969 [INFO] paper-strat: 📊 TICK 002709.SZSE 天赐材料 59.65 (+2.84%)
2026-05-21 10:06:43,969 [INFO] paper-strat: 📊 TICK 002428.SZSE 云南锗业 90.55 (-0.49%)
2026-05-21 10:06:43,971 [INFO] paper-strat: 📊 TICK 603757.SSE 大元泵业 62.72 (-5.68%)
2026-05-21 10:06:43,971 [INFO] paper-strat: 📊 TICK 600021.SSE 上海电力 18.61 (-0.37%)
2026-05-21 10:06:43,972 [INFO] paper-strat: 📊 TICK 603601.SSE 再升科技 17.33 (-1.53%)
2026-05-21 10:06:44,583 [INFO] paper-strat: ♥ 心跳 | 策略 23 个 | tick 23
2026-05-21 10:06:49,261 [INFO] paper-strat: 📊 TICK 301179.SZSE 泽宇智能 26.22 (-1.06%)
2026-05-21 10:06:49,261 [INFO] paper-strat: 📊 TICK 600330.SSE 天通股份 28.88 (+0.59%)
2026-05-21 10:06:49,261 [INFO] paper-strat: 📊 TICK 600863.SSE 华能蒙电 5.80 (+7.81%)
2026-05-21 10:06:49,263 [INFO] paper-strat: 📊 TICK 002067.SZSE 景兴纸业 5.27 (+3.54%)
2026-05-21 10:06:49,264 [INFO] paper-strat: 📊 TICK 603986.SSE 兆易创新 448.81 (+0.85%)
2026-05-21 10:06:49,264 [INFO] paper-strat: 📊 TICK 002149.SZSE 西部材料 68.55 (-0.78%)
2026-05-21 10:06:49,265 [INFO] paper-strat: 📊 TICK 002709.SZSE 天赐材料 59.66 (+2.86%)
2026-05-21 10:06:49,265 [INFO] paper-strat: 📊 TICK 002428.SZSE 云南锗业 90.50 (-0.55%)
2026-05-21 10:06:49,266 [INFO] paper-strat: 📊 TICK 603757.SSE 大元泵业 62.70 (-5.71%)
2026-05-21 10:06:49,266 [INFO] paper-strat: 📊 TICK 600021.SSE 上海电力 18.64 (-0.21%)
2026-05-21 10:06:49,267 [INFO] paper-strat: 📊 TICK 600310.SSE 广西能源 5.25 (+3.55%)
2026-05-21 10:06:49,267 [INFO] paper-strat: 📊 TICK 000600.SZSE 建投能源 10.21 (+0.49%)
2026-05-21 10:06:49,267 [INFO] paper-strat: 📊 TICK 605006.SSE 山东玻纤 14.94 (+3.97%)
2026-05-21 10:06:49,269 [INFO] paper-strat: 📊 TICK 603178.SSE 圣龙股份 20.29 (-5.10%)
2026-05-21 10:06:49,269 [INFO] paper-strat: 📊 TICK 301120.SZSE 新特电气 24.11 (-1.27%)
2026-05-21 10:06:54,513 [INFO] paper-strat: 📊 TICK 600330.SSE 天通股份 28.89 (+0.63%)
2026-05-21 10:06:54,514 [INFO] paper-strat: 📊 TICK 600863.SSE 华能蒙电 5.76 (+7.06%)
2026-05-21 10:06:54,515 [INFO] paper-strat: 📊 TICK 600130.SSE 波导股份 5.73 (-6.07%)
2026-05-21 10:06:54,515 [INFO] paper-strat: 📊 TICK 002453.SZSE 华软科技 5.99 (-0.83%)
2026-05-21 10:06:54,516 [INFO] paper-strat: 📊 TICK 002156.SZSE 通富微电 66.40 (+6.62%)
2026-05-21 10:06:54,517 [INFO] paper-strat: 📊 TICK 002709.SZSE 天赐材料 59.64 (+2.83%)
2026-05-21 10:06:54,517 [INFO] paper-strat: 📊 TICK 603757.SSE 大元泵业 62.71 (-5.70%)
2026-05-21 10:06:54,517 [INFO] paper-strat: 📊 TICK 000899.SZSE 赣能股份 13.51 (+0.67%)
2026-05-21 10:06:54,517 [INFO] paper-strat: 📊 TICK 600021.SSE 上海电力 18.65 (-0.16%)
2026-05-21 10:06:54,517 [INFO] paper-strat: 📊 TICK 600310.SSE 广西能源 5.27 (+3.94%)
2026-05-21 10:06:54,520 [INFO] paper-strat: 📊 TICK 000600.SZSE 建投能源 10.24 (+0.79%)
2026-05-21 10:06:54,520 [INFO] paper-strat: 📊 TICK 605006.SSE 山东玻纤 14.93 (+3.90%)
2026-05-21 10:06:54,521 [INFO] paper-strat: 📊 TICK 603178.SSE 圣龙股份 20.31 (-5.00%)
2026-05-21 10:06:54,522 [INFO] paper-strat: 📊 TICK 301120.SZSE 新特电气 24.10 (-1.31%)
2026-05-21 10:06:59,584 [INFO] paper-strat: ♥ 心跳 | 策略 23 个 | tick 23
2026-05-21 10:06:59,585 [INFO] paper-strat: 达到 timeout
