2026-05-21 10:28:00,333 [INFO] paper-strat: === vqlearn paper + strategy ===
2026-05-21 10:28:00,335 [INFO] paper-strat: 持仓: 4 只 | 观察: 19 只 | auto_trade=True
2026-05-21 10:28:00,352 [INFO] paper-strat: [MainEngine] 连接登录 -> AKSHARE
2026-05-21 10:28:00,353 [INFO] paper-strat: [AKSHARE] akshare gateway 启动（行情 only），轮询 5.0s
2026-05-21 10:28:02,355 [INFO] paper-strat: [MainEngine] 订阅行情 -> AKSHARE：SubscribeRequest(symbol='600330', exchange=<Exchange.SSE: 'SSE'>)
2026-05-21 10:28:02,356 [INFO] paper-strat: [AKSHARE] 订阅 600330.SSE (累计 1 只)
2026-05-21 10:28:02,358 [INFO] paper-strat: [MainEngine] 订阅行情 -> AKSHARE：SubscribeRequest(symbol='002256', exchange=<Exchange.SZSE: 'SZSE'>)
2026-05-21 10:28:02,361 [INFO] paper-strat: [AKSHARE] 订阅 002256.SZSE (累计 2 只)
2026-05-21 10:28:02,361 [INFO] paper-strat: [MainEngine] 订阅行情 -> AKSHARE：SubscribeRequest(symbol='002453', exchange=<Exchange.SZSE: 'SZSE'>)
2026-05-21 10:28:02,363 [INFO] paper-strat: [AKSHARE] 订阅 002453.SZSE (累计 3 只)
2026-05-21 10:28:02,363 [INFO] paper-strat: [MainEngine] 订阅行情 -> AKSHARE：SubscribeRequest(symbol='603601', exchange=<Exchange.SSE: 'SSE'>)
2026-05-21 10:28:02,366 [INFO] paper-strat: [AKSHARE] 订阅 603601.SSE (累计 4 只)
2026-05-21 10:28:02,368 [INFO] paper-strat: [MainEngine] 订阅行情 -> AKSHARE：SubscribeRequest(symbol='002428', exchange=<Exchange.SZSE: 'SZSE'>)
2026-05-21 10:28:02,369 [INFO] paper-strat: [AKSHARE] 订阅 002428.SZSE (累计 5 只)
2026-05-21 10:28:02,370 [INFO] paper-strat: [MainEngine] 订阅行情 -> AKSHARE：SubscribeRequest(symbol='600130', exchange=<Exchange.SSE: 'SSE'>)
2026-05-21 10:28:02,372 [INFO] paper-strat: [AKSHARE] 订阅 600130.SSE (累计 6 只)
2026-05-21 10:28:02,373 [INFO] paper-strat: [MainEngine] 订阅行情 -> AKSHARE：SubscribeRequest(symbol='603178', exchange=<Exchange.SSE: 'SSE'>)
2026-05-21 10:28:02,374 [INFO] paper-strat: [AKSHARE] 订阅 603178.SSE (累计 7 只)
2026-05-21 10:28:02,376 [INFO] paper-strat: [MainEngine] 订阅行情 -> AKSHARE：SubscribeRequest(symbol='603986', exchange=<Exchange.SSE: 'SSE'>)
2026-05-21 10:28:02,376 [INFO] paper-strat: [AKSHARE] 订阅 603986.SSE (累计 8 只)
2026-05-21 10:28:02,378 [INFO] paper-strat: [MainEngine] 订阅行情 -> AKSHARE：SubscribeRequest(symbol='301120', exchange=<Exchange.SZSE: 'SZSE'>)
2026-05-21 10:28:02,378 [INFO] paper-strat: [AKSHARE] 订阅 301120.SZSE (累计 9 只)
2026-05-21 10:28:02,381 [INFO] paper-strat: [MainEngine] 订阅行情 -> AKSHARE：SubscribeRequest(symbol='301179', exchange=<Exchange.SZSE: 'SZSE'>)
2026-05-21 10:28:02,382 [INFO] paper-strat: [AKSHARE] 订阅 301179.SZSE (累计 10 只)
2026-05-21 10:28:02,384 [INFO] paper-strat: [MainEngine] 订阅行情 -> AKSHARE：SubscribeRequest(symbol='600021', exchange=<Exchange.SSE: 'SSE'>)
2026-05-21 10:28:02,385 [INFO] paper-strat: [AKSHARE] 订阅 600021.SSE (累计 11 只)
2026-05-21 10:28:02,386 [INFO] paper-strat: [MainEngine] 订阅行情 -> AKSHARE：SubscribeRequest(symbol='000600', exchange=<Exchange.SZSE: 'SZSE'>)
2026-05-21 10:28:02,387 [INFO] paper-strat: [AKSHARE] 订阅 000600.SZSE (累计 12 只)
2026-05-21 10:28:02,389 [INFO] paper-strat: [MainEngine] 订阅行情 -> AKSHARE：SubscribeRequest(symbol='002067', exchange=<Exchange.SZSE: 'SZSE'>)
2026-05-21 10:28:02,390 [INFO] paper-strat: [AKSHARE] 订阅 002067.SZSE (累计 13 只)
2026-05-21 10:28:02,391 [INFO] paper-strat: [MainEngine] 订阅行情 -> AKSHARE：SubscribeRequest(symbol='000899', exchange=<Exchange.SZSE: 'SZSE'>)
2026-05-21 10:28:02,393 [INFO] paper-strat: [AKSHARE] 订阅 000899.SZSE (累计 14 只)
2026-05-21 10:28:02,393 [INFO] paper-strat: [MainEngine] 订阅行情 -> AKSHARE：SubscribeRequest(symbol='001896', exchange=<Exchange.SZSE: 'SZSE'>)
2026-05-21 10:28:02,394 [INFO] paper-strat: [AKSHARE] 订阅 001896.SZSE (累计 15 只)
2026-05-21 10:28:02,396 [INFO] paper-strat: [MainEngine] 订阅行情 -> AKSHARE：SubscribeRequest(symbol='600310', exchange=<Exchange.SSE: 'SSE'>)
2026-05-21 10:28:02,397 [INFO] paper-strat: [AKSHARE] 订阅 600310.SSE (累计 16 只)
2026-05-21 10:28:02,398 [INFO] paper-strat: [MainEngine] 订阅行情 -> AKSHARE：SubscribeRequest(symbol='601222', exchange=<Exchange.SSE: 'SSE'>)
2026-05-21 10:28:02,399 [INFO] paper-strat: [AKSHARE] 订阅 601222.SSE (累计 17 只)
2026-05-21 10:28:02,401 [INFO] paper-strat: [MainEngine] 订阅行情 -> AKSHARE：SubscribeRequest(symbol='600863', exchange=<Exchange.SSE: 'SSE'>)
2026-05-21 10:28:02,403 [INFO] paper-strat: [AKSHARE] 订阅 600863.SSE (累计 18 只)
2026-05-21 10:28:02,404 [INFO] paper-strat: [MainEngine] 订阅行情 -> AKSHARE：SubscribeRequest(symbol='605006', exchange=<Exchange.SSE: 'SSE'>)
2026-05-21 10:28:02,405 [INFO] paper-strat: [AKSHARE] 订阅 605006.SSE (累计 19 只)
2026-05-21 10:28:02,406 [INFO] paper-strat: [MainEngine] 订阅行情 -> AKSHARE：SubscribeRequest(symbol='603757', exchange=<Exchange.SSE: 'SSE'>)
2026-05-21 10:28:02,407 [INFO] paper-strat: [AKSHARE] 订阅 603757.SSE (累计 20 只)
2026-05-21 10:28:02,409 [INFO] paper-strat: [MainEngine] 订阅行情 -> AKSHARE：SubscribeRequest(symbol='002156', exchange=<Exchange.SZSE: 'SZSE'>)
2026-05-21 10:28:02,410 [INFO] paper-strat: [AKSHARE] 订阅 002156.SZSE (累计 21 只)
2026-05-21 10:28:02,411 [INFO] paper-strat: [MainEngine] 订阅行情 -> AKSHARE：SubscribeRequest(symbol='002709', exchange=<Exchange.SZSE: 'SZSE'>)
2026-05-21 10:28:02,412 [INFO] paper-strat: [AKSHARE] 订阅 002709.SZSE (累计 22 只)
2026-05-21 10:28:02,413 [INFO] paper-strat: [MainEngine] 订阅行情 -> AKSHARE：SubscribeRequest(symbol='002149', exchange=<Exchange.SZSE: 'SZSE'>)
2026-05-21 10:28:02,414 [INFO] paper-strat: [AKSHARE] 订阅 002149.SZSE (累计 23 只)
2026-05-21 10:28:02,620 [INFO] paper-strat: 📊 TICK 600021.SSE 上海电力 18.49 (-1.02%)
2026-05-21 10:28:02,622 [INFO] paper-strat: 📊 TICK 603601.SSE 再升科技 17.84 (+1.36%)
2026-05-21 10:28:02,622 [INFO] paper-strat: 📊 TICK 002149.SZSE 西部材料 70.04 (+1.38%)
2026-05-21 10:28:02,623 [INFO] paper-strat: 📊 TICK 000600.SZSE 建投能源 10.19 (+0.30%)
2026-05-21 10:28:02,623 [INFO] paper-strat: 📊 TICK 002709.SZSE 天赐材料 59.98 (+3.41%)
2026-05-21 10:28:02,623 [INFO] paper-strat: 📊 TICK 600863.SSE 华能蒙电 5.57 (+3.53%)
2026-05-21 10:28:02,625 [INFO] paper-strat: 📊 TICK 603178.SSE 圣龙股份 19.97 (-6.59%)
2026-05-21 10:28:02,625 [INFO] paper-strat: 📊 TICK 603757.SSE 大元泵业 62.29 (-6.33%)
2026-05-21 10:28:02,625 [INFO] paper-strat: 📊 TICK 002453.SZSE 华软科技 5.97 (-1.16%)
2026-05-21 10:28:02,626 [INFO] paper-strat: 📊 TICK 002428.SZSE 云南锗业 89.97 (-1.13%)
2026-05-21 10:28:02,626 [INFO] paper-strat: 📊 TICK 600330.SSE 天通股份 29.14 (+1.50%)
2026-05-21 10:28:02,628 [INFO] paper-strat: 📊 TICK 301179.SZSE 泽宇智能 26.03 (-1.77%)
2026-05-21 10:28:02,629 [INFO] paper-strat: 📊 TICK 002156.SZSE 通富微电 66.19 (+6.28%)
2026-05-21 10:28:02,629 [INFO] paper-strat: 📊 TICK 000899.SZSE 赣能股份 13.40 (-0.15%)
2026-05-21 10:28:02,630 [INFO] paper-strat: 📊 TICK 600310.SSE 广西能源 5.25 (+3.55%)
2026-05-21 10:28:02,630 [INFO] paper-strat: 📊 TICK 301120.SZSE 新特电气 23.94 (-1.97%)
2026-05-21 10:28:02,631 [INFO] paper-strat: 📊 TICK 002256.SZSE 兆新股份 4.64 (-2.73%)
2026-05-21 10:28:02,632 [INFO] paper-strat: 📊 TICK 600130.SSE 波导股份 5.68 (-6.89%)
2026-05-21 10:28:02,632 [INFO] paper-strat: 📊 TICK 605006.SSE 山东玻纤 15.20 (+5.78%)
2026-05-21 10:28:02,633 [INFO] paper-strat: 📊 TICK 002067.SZSE 景兴纸业 5.22 (+2.55%)
2026-05-21 10:28:02,633 [INFO] paper-strat: 📊 TICK 603986.SSE 兆易创新 449.37 (+0.98%)
2026-05-21 10:28:02,634 [INFO] paper-strat: 📊 TICK 001896.SZSE 豫能控股 16.37 (+10.01%)
2026-05-21 10:28:02,635 [INFO] paper-strat: 📊 TICK 601222.SSE 林洋能源 6.56 (-1.06%)
2026-05-21 10:28:03,381 [INFO] paper-strat: 已加载策略类: ['AtrRsiStrategy', 'BollChannelStrategy', 'DoubleMaStrategy', 'DualThrustStrategy', 'KingKeltnerStrategy', 'MultiSignalStrategy', 'MultiTimeframeStrategy', 'TestStrategy', 'TurtleSignalStrategy', 'ThresholdAlertStrategy']
2026-05-21 10:28:03,413 [INFO] paper-strat: ✓ 已加载 23 个 ThresholdAlertStrategy 实例
2026-05-21 10:28:03,418 [INFO] paper-strat: [MainEngine] 订阅行情 -> AKSHARE：SubscribeRequest(symbol='600330', exchange=<Exchange.SSE: 'SSE'>)
2026-05-21 10:28:03,419 [INFO] paper-strat: [AKSHARE] 订阅 600330.SSE (累计 23 只)
2026-05-21 10:28:03,423 [INFO] paper-strat: [MainEngine] 订阅行情 -> AKSHARE：SubscribeRequest(symbol='002256', exchange=<Exchange.SZSE: 'SZSE'>)
2026-05-21 10:28:03,424 [INFO] paper-strat: [AKSHARE] 订阅 002256.SZSE (累计 23 只)
2026-05-21 10:28:03,427 [INFO] paper-strat: [MainEngine] 订阅行情 -> AKSHARE：SubscribeRequest(symbol='002453', exchange=<Exchange.SZSE: 'SZSE'>)
2026-05-21 10:28:03,428 [INFO] paper-strat: [AKSHARE] 订阅 002453.SZSE (累计 23 只)
2026-05-21 10:28:03,432 [INFO] paper-strat: [MainEngine] 订阅行情 -> AKSHARE：SubscribeRequest(symbol='603601', exchange=<Exchange.SSE: 'SSE'>)
2026-05-21 10:28:03,433 [INFO] paper-strat: [AKSHARE] 订阅 603601.SSE (累计 23 只)
2026-05-21 10:28:03,437 [INFO] paper-strat: [MainEngine] 订阅行情 -> AKSHARE：SubscribeRequest(symbol='002428', exchange=<Exchange.SZSE: 'SZSE'>)
2026-05-21 10:28:03,437 [INFO] paper-strat: [AKSHARE] 订阅 002428.SZSE (累计 23 只)
2026-05-21 10:28:03,440 [INFO] paper-strat: [MainEngine] 订阅行情 -> AKSHARE：SubscribeRequest(symbol='600130', exchange=<Exchange.SSE: 'SSE'>)
2026-05-21 10:28:03,441 [INFO] paper-strat: [AKSHARE] 订阅 600130.SSE (累计 23 只)
2026-05-21 10:28:03,445 [INFO] paper-strat: [MainEngine] 订阅行情 -> AKSHARE：SubscribeRequest(symbol='603178', exchange=<Exchange.SSE: 'SSE'>)
2026-05-21 10:28:03,445 [INFO] paper-strat: [AKSHARE] 订阅 603178.SSE (累计 23 只)
2026-05-21 10:28:03,449 [INFO] paper-strat: [MainEngine] 订阅行情 -> AKSHARE：SubscribeRequest(symbol='603986', exchange=<Exchange.SSE: 'SSE'>)
2026-05-21 10:28:03,449 [INFO] paper-strat: [AKSHARE] 订阅 603986.SSE (累计 23 只)
2026-05-21 10:28:03,454 [INFO] paper-strat: [MainEngine] 订阅行情 -> AKSHARE：SubscribeRequest(symbol='301120', exchange=<Exchange.SZSE: 'SZSE'>)
2026-05-21 10:28:03,455 [INFO] paper-strat: [AKSHARE] 订阅 301120.SZSE (累计 23 只)
2026-05-21 10:28:03,458 [INFO] paper-strat: [MainEngine] 订阅行情 -> AKSHARE：SubscribeRequest(symbol='301179', exchange=<Exchange.SZSE: 'SZSE'>)
2026-05-21 10:28:03,459 [INFO] paper-strat: [AKSHARE] 订阅 301179.SZSE (累计 23 只)
2026-05-21 10:28:03,463 [INFO] paper-strat: [MainEngine] 订阅行情 -> AKSHARE：SubscribeRequest(symbol='600021', exchange=<Exchange.SSE: 'SSE'>)
2026-05-21 10:28:03,464 [INFO] paper-strat: [AKSHARE] 订阅 600021.SSE (累计 23 只)
2026-05-21 10:28:03,466 [INFO] paper-strat: [MainEngine] 订阅行情 -> AKSHARE：SubscribeRequest(symbol='000600', exchange=<Exchange.SZSE: 'SZSE'>)
2026-05-21 10:28:03,468 [INFO] paper-strat: [AKSHARE] 订阅 000600.SZSE (累计 23 只)
2026-05-21 10:28:03,470 [INFO] paper-strat: [MainEngine] 订阅行情 -> AKSHARE：SubscribeRequest(symbol='002067', exchange=<Exchange.SZSE: 'SZSE'>)
2026-05-21 10:28:03,470 [INFO] paper-strat: [AKSHARE] 订阅 002067.SZSE (累计 23 只)
2026-05-21 10:28:03,476 [INFO] paper-strat: [MainEngine] 订阅行情 -> AKSHARE：SubscribeRequest(symbol='000899', exchange=<Exchange.SZSE: 'SZSE'>)
2026-05-21 10:28:03,477 [INFO] paper-strat: [AKSHARE] 订阅 000899.SZSE (累计 23 只)
2026-05-21 10:28:03,480 [INFO] paper-strat: [MainEngine] 订阅行情 -> AKSHARE：SubscribeRequest(symbol='001896', exchange=<Exchange.SZSE: 'SZSE'>)
2026-05-21 10:28:03,481 [INFO] paper-strat: [AKSHARE] 订阅 001896.SZSE (累计 23 只)
2026-05-21 10:28:03,485 [INFO] paper-strat: [MainEngine] 订阅行情 -> AKSHARE：SubscribeRequest(symbol='600310', exchange=<Exchange.SSE: 'SSE'>)
2026-05-21 10:28:03,486 [INFO] paper-strat: [AKSHARE] 订阅 600310.SSE (累计 23 只)
2026-05-21 10:28:03,489 [INFO] paper-strat: [MainEngine] 订阅行情 -> AKSHARE：SubscribeRequest(symbol='601222', exchange=<Exchange.SSE: 'SSE'>)
2026-05-21 10:28:03,491 [INFO] paper-strat: [AKSHARE] 订阅 601222.SSE (累计 23 只)
2026-05-21 10:28:03,494 [INFO] paper-strat: [MainEngine] 订阅行情 -> AKSHARE：SubscribeRequest(symbol='600863', exchange=<Exchange.SSE: 'SSE'>)
2026-05-21 10:28:03,495 [INFO] paper-strat: [AKSHARE] 订阅 600863.SSE (累计 23 只)
2026-05-21 10:28:03,498 [INFO] paper-strat: [MainEngine] 订阅行情 -> AKSHARE：SubscribeRequest(symbol='605006', exchange=<Exchange.SSE: 'SSE'>)
2026-05-21 10:28:03,500 [INFO] paper-strat: [AKSHARE] 订阅 605006.SSE (累计 23 只)
2026-05-21 10:28:03,503 [INFO] paper-strat: [MainEngine] 订阅行情 -> AKSHARE：SubscribeRequest(symbol='603757', exchange=<Exchange.SSE: 'SSE'>)
2026-05-21 10:28:03,503 [INFO] paper-strat: [AKSHARE] 订阅 603757.SSE (累计 23 只)
2026-05-21 10:28:03,509 [INFO] paper-strat: [MainEngine] 订阅行情 -> AKSHARE：SubscribeRequest(symbol='002156', exchange=<Exchange.SZSE: 'SZSE'>)
2026-05-21 10:28:03,510 [INFO] paper-strat: [AKSHARE] 订阅 002156.SZSE (累计 23 只)
2026-05-21 10:28:03,513 [INFO] paper-strat: [MainEngine] 订阅行情 -> AKSHARE：SubscribeRequest(symbol='002709', exchange=<Exchange.SZSE: 'SZSE'>)
2026-05-21 10:28:03,514 [INFO] paper-strat: [AKSHARE] 订阅 002709.SZSE (累计 23 只)
2026-05-21 10:28:03,516 [INFO] paper-strat: [MainEngine] 订阅行情 -> AKSHARE：SubscribeRequest(symbol='002149', exchange=<Exchange.SZSE: 'SZSE'>)
2026-05-21 10:28:03,518 [INFO] paper-strat: [AKSHARE] 订阅 002149.SZSE (累计 23 只)
2026-05-21 10:28:05,416 [INFO] paper-strat: 🚀 全部 23 个策略已启动
2026-05-21 10:28:05,417 [INFO] paper-strat: limited mode: 75s 后退出
2026-05-21 10:28:07,855 [INFO] paper-strat: 📊 TICK 603601.SSE 再升科技 17.80 (+1.14%)
2026-05-21 10:28:07,857 [INFO] paper-strat: 📊 TICK 000600.SZSE 建投能源 10.18 (+0.20%)
2026-05-21 10:28:07,858 [INFO] paper-strat: 📊 TICK 002709.SZSE 天赐材料 59.92 (+3.31%)
2026-05-21 10:28:07,858 [INFO] paper-strat: 📊 TICK 600863.SSE 华能蒙电 5.56 (+3.35%)
2026-05-21 10:28:07,881 [INFO] paper-strat: 📊 TICK 603757.SSE 大元泵业 62.32 (-6.29%)
2026-05-21 10:28:07,881 [INFO] paper-strat: 📊 TICK 002453.SZSE 华软科技 5.96 (-1.32%)
2026-05-21 10:28:07,882 [INFO] paper-strat: 📊 TICK 002428.SZSE 云南锗业 90.00 (-1.10%)
2026-05-21 10:28:07,882 [INFO] paper-strat: 📊 TICK 600330.SSE 天通股份 29.17 (+1.60%)
2026-05-21 10:28:07,884 [INFO] paper-strat: 📊 TICK 600310.SSE 广西能源 5.26 (+3.75%)
2026-05-21 10:28:07,884 [INFO] paper-strat: 📊 TICK 600130.SSE 波导股份 5.69 (-6.72%)
2026-05-21 10:28:07,885 [INFO] paper-strat: 📊 TICK 603986.SSE 兆易创新 450.13 (+1.15%)
2026-05-21 10:28:13,101 [INFO] paper-strat: 📊 TICK 603601.SSE 再升科技 17.79 (+1.08%)
2026-05-21 10:28:13,102 [INFO] paper-strat: 📊 TICK 002149.SZSE 西部材料 70.10 (+1.46%)
2026-05-21 10:28:13,102 [INFO] paper-strat: 📊 TICK 002709.SZSE 天赐材料 59.87 (+3.22%)
2026-05-21 10:28:13,104 [INFO] paper-strat: 📊 TICK 600863.SSE 华能蒙电 5.57 (+3.53%)
2026-05-21 10:28:13,104 [INFO] paper-strat: 📊 TICK 603757.SSE 大元泵业 62.29 (-6.33%)
2026-05-21 10:28:13,104 [INFO] paper-strat: 📊 TICK 002428.SZSE 云南锗业 90.09 (-1.00%)
2026-05-21 10:28:13,105 [INFO] paper-strat: 📊 TICK 600330.SSE 天通股份 29.20 (+1.71%)
2026-05-21 10:28:13,105 [INFO] paper-strat: 📊 TICK 600310.SSE 广西能源 5.25 (+3.55%)
2026-05-21 10:28:13,106 [INFO] paper-strat: 📊 TICK 600130.SSE 波导股份 5.68 (-6.89%)
2026-05-21 10:28:13,106 [INFO] paper-strat: 📊 TICK 603986.SSE 兆易创新 450.50 (+1.23%)
2026-05-21 10:28:13,107 [INFO] paper-strat: 📊 TICK 601222.SSE 林洋能源 6.55 (-1.21%)
2026-05-21 10:28:18,363 [INFO] paper-strat: 📊 TICK 002149.SZSE 西部材料 70.15 (+1.53%)
2026-05-21 10:28:18,364 [INFO] paper-strat: 📊 TICK 002709.SZSE 天赐材料 59.86 (+3.21%)
2026-05-21 10:28:18,364 [INFO] paper-strat: 📊 TICK 603757.SSE 大元泵业 62.27 (-6.36%)
2026-05-21 10:28:18,366 [INFO] paper-strat: 📊 TICK 002428.SZSE 云南锗业 90.07 (-1.02%)
2026-05-21 10:28:18,366 [INFO] paper-strat: 📊 TICK 000899.SZSE 赣能股份 13.39 (-0.22%)
2026-05-21 10:28:18,366 [INFO] paper-strat: 📊 TICK 600310.SSE 广西能源 5.26 (+3.75%)
2026-05-21 10:28:18,367 [INFO] paper-strat: 📊 TICK 301120.SZSE 新特电气 23.95 (-1.92%)
2026-05-21 10:28:18,368 [INFO] paper-strat: 📊 TICK 600130.SSE 波导股份 5.69 (-6.72%)
2026-05-21 10:28:18,369 [INFO] paper-strat: 📊 TICK 603986.SSE 兆易创新 450.23 (+1.17%)
2026-05-21 10:28:18,369 [INFO] paper-strat: 📊 TICK 601222.SSE 林洋能源 6.56 (-1.06%)
2026-05-21 10:28:20,418 [INFO] paper-strat: ♥ 心跳 | 策略 23 个 | tick 23
2026-05-21 10:28:23,599 [INFO] paper-strat: 📊 TICK 002149.SZSE 西部材料 70.17 (+1.56%)
2026-05-21 10:28:23,600 [INFO] paper-strat: 📊 TICK 002709.SZSE 天赐材料 59.85 (+3.19%)
2026-05-21 10:28:23,602 [INFO] paper-strat: 📊 TICK 600863.SSE 华能蒙电 5.56 (+3.35%)
2026-05-21 10:28:23,602 [INFO] paper-strat: 📊 TICK 603178.SSE 圣龙股份 20.00 (-6.45%)
2026-05-21 10:28:23,603 [INFO] paper-strat: 📊 TICK 603757.SSE 大元泵业 62.29 (-6.33%)
2026-05-21 10:28:23,603 [INFO] paper-strat: 📊 TICK 002428.SZSE 云南锗业 90.03 (-1.07%)
2026-05-21 10:28:23,603 [INFO] paper-strat: 📊 TICK 600330.SSE 天通股份 29.22 (+1.78%)
2026-05-21 10:28:23,604 [INFO] paper-strat: 📊 TICK 002156.SZSE 通富微电 66.09 (+6.12%)
2026-05-21 10:28:23,604 [INFO] paper-strat: 📊 TICK 600310.SSE 广西能源 5.25 (+3.55%)
2026-05-21 10:28:23,605 [INFO] paper-strat: 📊 TICK 002256.SZSE 兆新股份 4.63 (-2.94%)
2026-05-21 10:28:23,605 [INFO] paper-strat: 📊 TICK 600130.SSE 波导股份 5.68 (-6.89%)
2026-05-21 10:28:23,606 [INFO] paper-strat: 📊 TICK 603986.SSE 兆易创新 450.12 (+1.15%)
2026-05-21 10:28:28,838 [INFO] paper-strat: 📊 TICK 603601.SSE 再升科技 17.77 (+0.97%)
2026-05-21 10:28:28,840 [INFO] paper-strat: 📊 TICK 002149.SZSE 西部材料 70.20 (+1.61%)
2026-05-21 10:28:28,840 [INFO] paper-strat: 📊 TICK 603178.SSE 圣龙股份 19.98 (-6.55%)
2026-05-21 10:28:28,840 [INFO] paper-strat: 📊 TICK 603757.SSE 大元泵业 62.18 (-6.50%)
2026-05-21 10:28:28,840 [INFO] paper-strat: 📊 TICK 002453.SZSE 华软科技 5.97 (-1.16%)
2026-05-21 10:28:28,842 [INFO] paper-strat: 📊 TICK 002428.SZSE 云南锗业 90.00 (-1.10%)
2026-05-21 10:28:28,842 [INFO] paper-strat: 📊 TICK 600330.SSE 天通股份 29.23 (+1.81%)
2026-05-21 10:28:28,843 [INFO] paper-strat: 📊 TICK 002156.SZSE 通富微电 66.11 (+6.15%)
2026-05-21 10:28:28,844 [INFO] paper-strat: 📊 TICK 301120.SZSE 新特电气 23.94 (-1.97%)
2026-05-21 10:28:28,844 [INFO] paper-strat: 📊 TICK 002256.SZSE 兆新股份 4.64 (-2.73%)
2026-05-21 10:28:28,845 [INFO] paper-strat: 📊 TICK 603986.SSE 兆易创新 450.09 (+1.14%)
2026-05-21 10:28:28,845 [INFO] paper-strat: 📊 TICK 601222.SSE 林洋能源 6.55 (-1.21%)
2026-05-21 10:28:34,079 [INFO] paper-strat: 📊 TICK 600021.SSE 上海电力 18.48 (-1.07%)
2026-05-21 10:28:34,081 [INFO] paper-strat: 📊 TICK 603601.SSE 再升科技 17.76 (+0.91%)
2026-05-21 10:28:34,082 [INFO] paper-strat: 📊 TICK 002149.SZSE 西部材料 70.23 (+1.65%)
2026-05-21 10:28:34,082 [INFO] paper-strat: 📊 TICK 002709.SZSE 天赐材料 59.81 (+3.12%)
2026-05-21 10:28:34,083 [INFO] paper-strat: 📊 TICK 600863.SSE 华能蒙电 5.57 (+3.53%)
2026-05-21 10:28:34,083 [INFO] paper-strat: 📊 TICK 603178.SSE 圣龙股份 19.97 (-6.59%)
2026-05-21 10:28:34,084 [INFO] paper-strat: 📊 TICK 603757.SSE 大元泵业 62.17 (-6.51%)
2026-05-21 10:28:34,084 [INFO] paper-strat: 📊 TICK 002453.SZSE 华软科技 5.96 (-1.32%)
2026-05-21 10:28:34,084 [INFO] paper-strat: 📊 TICK 002428.SZSE 云南锗业 90.06 (-1.03%)
2026-05-21 10:28:34,086 [INFO] paper-strat: 📊 TICK 000899.SZSE 赣能股份 13.40 (-0.15%)
2026-05-21 10:28:34,087 [INFO] paper-strat: 📊 TICK 600310.SSE 广西能源 5.26 (+3.75%)
2026-05-21 10:28:34,087 [INFO] paper-strat: 📊 TICK 002256.SZSE 兆新股份 4.63 (-2.94%)
2026-05-21 10:28:34,087 [INFO] paper-strat: 📊 TICK 603986.SSE 兆易创新 449.69 (+1.05%)
2026-05-21 10:28:34,088 [INFO] paper-strat: 📊 TICK 601222.SSE 林洋能源 6.56 (-1.06%)
2026-05-21 10:28:35,420 [INFO] paper-strat: ♥ 心跳 | 策略 23 个 | tick 23
2026-05-21 10:28:39,319 [INFO] paper-strat: 📊 TICK 002149.SZSE 西部材料 70.26 (+1.69%)
2026-05-21 10:28:39,320 [INFO] paper-strat: 📊 TICK 002709.SZSE 天赐材料 59.80 (+3.10%)
2026-05-21 10:28:39,322 [INFO] paper-strat: 📊 TICK 600863.SSE 华能蒙电 5.56 (+3.35%)
2026-05-21 10:28:39,322 [INFO] paper-strat: 📊 TICK 603178.SSE 圣龙股份 19.95 (-6.69%)
2026-05-21 10:28:39,323 [INFO] paper-strat: 📊 TICK 603757.SSE 大元泵业 62.09 (-6.63%)
2026-05-21 10:28:39,323 [INFO] paper-strat: 📊 TICK 002453.SZSE 华软科技 5.97 (-1.16%)
2026-05-21 10:28:39,324 [INFO] paper-strat: 📊 TICK 002428.SZSE 云南锗业 90.00 (-1.10%)
2026-05-21 10:28:39,324 [INFO] paper-strat: 📊 TICK 600330.SSE 天通股份 29.24 (+1.85%)
2026-05-21 10:28:39,324 [INFO] paper-strat: 📊 TICK 301179.SZSE 泽宇智能 26.06 (-1.66%)
2026-05-21 10:28:39,326 [INFO] paper-strat: 📊 TICK 002156.SZSE 通富微电 66.14 (+6.20%)
2026-05-21 10:28:39,326 [INFO] paper-strat: 📊 TICK 301120.SZSE 新特电气 23.93 (-2.01%)
2026-05-21 10:28:39,327 [INFO] paper-strat: 📊 TICK 600130.SSE 波导股份 5.67 (-7.05%)
2026-05-21 10:28:39,327 [INFO] paper-strat: 📊 TICK 605006.SSE 山东玻纤 15.18 (+5.64%)
2026-05-21 10:28:39,327 [INFO] paper-strat: 📊 TICK 603986.SSE 兆易创新 449.74 (+1.06%)
2026-05-21 10:28:44,553 [INFO] paper-strat: 📊 TICK 002149.SZSE 西部材料 70.27 (+1.71%)
2026-05-21 10:28:44,554 [INFO] paper-strat: 📊 TICK 002709.SZSE 天赐材料 59.81 (+3.12%)
2026-05-21 10:28:44,555 [INFO] paper-strat: 📊 TICK 603757.SSE 大元泵业 62.10 (-6.62%)
2026-05-21 10:28:44,556 [INFO] paper-strat: 📊 TICK 002453.SZSE 华软科技 5.96 (-1.32%)
2026-05-21 10:28:44,557 [INFO] paper-strat: 📊 TICK 600330.SSE 天通股份 29.26 (+1.92%)
2026-05-21 10:28:44,557 [INFO] paper-strat: 📊 TICK 301179.SZSE 泽宇智能 26.03 (-1.77%)
2026-05-21 10:28:44,557 [INFO] paper-strat: 📊 TICK 002156.SZSE 通富微电 66.11 (+6.15%)
2026-05-21 10:28:44,558 [INFO] paper-strat: 📊 TICK 600310.SSE 广西能源 5.25 (+3.55%)
2026-05-21 10:28:44,558 [INFO] paper-strat: 📊 TICK 301120.SZSE 新特电气 23.91 (-2.09%)
2026-05-21 10:28:44,559 [INFO] paper-strat: 📊 TICK 600130.SSE 波导股份 5.68 (-6.89%)
2026-05-21 10:28:44,559 [INFO] paper-strat: 📊 TICK 002067.SZSE 景兴纸业 5.23 (+2.75%)
2026-05-21 10:28:44,560 [INFO] paper-strat: 📊 TICK 603986.SSE 兆易创新 449.73 (+1.06%)
2026-05-21 10:28:44,561 [INFO] paper-strat: 📊 TICK 601222.SSE 林洋能源 6.57 (-0.90%)
2026-05-21 10:28:49,793 [INFO] paper-strat: 📊 TICK 600021.SSE 上海电力 18.47 (-1.12%)
2026-05-21 10:28:49,793 [INFO] paper-strat: 📊 TICK 002149.SZSE 西部材料 70.29 (+1.74%)
2026-05-21 10:28:49,794 [INFO] paper-strat: 📊 TICK 002428.SZSE 云南锗业 89.99 (-1.11%)
2026-05-21 10:28:49,794 [INFO] paper-strat: 📊 TICK 002156.SZSE 通富微电 66.09 (+6.12%)
2026-05-21 10:28:49,796 [INFO] paper-strat: 📊 TICK 000899.SZSE 赣能股份 13.39 (-0.22%)
2026-05-21 10:28:49,796 [INFO] paper-strat: 📊 TICK 600130.SSE 波导股份 5.67 (-7.05%)
2026-05-21 10:28:49,796 [INFO] paper-strat: 📊 TICK 605006.SSE 山东玻纤 15.16 (+5.50%)
2026-05-21 10:28:49,797 [INFO] paper-strat: 📊 TICK 002067.SZSE 景兴纸业 5.22 (+2.55%)
2026-05-21 10:28:49,797 [INFO] paper-strat: 📊 TICK 603986.SSE 兆易创新 449.74 (+1.06%)
2026-05-21 10:28:49,797 [INFO] paper-strat: 📊 TICK 601222.SSE 林洋能源 6.56 (-1.06%)
2026-05-21 10:28:50,421 [INFO] paper-strat: ♥ 心跳 | 策略 23 个 | tick 23
2026-05-21 10:28:55,026 [INFO] paper-strat: 📊 TICK 600021.SSE 上海电力 18.46 (-1.18%)
2026-05-21 10:28:55,030 [INFO] paper-strat: 📊 TICK 002149.SZSE 西部材料 70.31 (+1.77%)
2026-05-21 10:28:55,030 [INFO] paper-strat: 📊 TICK 002709.SZSE 天赐材料 59.79 (+3.09%)
2026-05-21 10:28:55,030 [INFO] paper-strat: 📊 TICK 603178.SSE 圣龙股份 19.94 (-6.74%)
2026-05-21 10:28:55,031 [INFO] paper-strat: 📊 TICK 603757.SSE 大元泵业 62.04 (-6.71%)
2026-05-21 10:28:55,031 [INFO] paper-strat: 📊 TICK 002428.SZSE 云南锗业 90.01 (-1.09%)
2026-05-21 10:28:55,031 [INFO] paper-strat: 📊 TICK 301179.SZSE 泽宇智能 26.06 (-1.66%)
2026-05-21 10:28:55,033 [INFO] paper-strat: 📊 TICK 002156.SZSE 通富微电 66.10 (+6.13%)
2026-05-21 10:28:55,033 [INFO] paper-strat: 📊 TICK 000899.SZSE 赣能股份 13.40 (-0.15%)
2026-05-21 10:28:55,034 [INFO] paper-strat: 📊 TICK 600310.SSE 广西能源 5.26 (+3.75%)
2026-05-21 10:28:55,034 [INFO] paper-strat: 📊 TICK 605006.SSE 山东玻纤 15.18 (+5.64%)
2026-05-21 10:28:55,034 [INFO] paper-strat: 📊 TICK 603986.SSE 兆易创新 450.00 (+1.12%)
2026-05-21 10:29:00,272 [INFO] paper-strat: 📊 TICK 002149.SZSE 西部材料 70.32 (+1.78%)
2026-05-21 10:29:00,273 [INFO] paper-strat: 📊 TICK 000600.SZSE 建投能源 10.19 (+0.30%)
2026-05-21 10:29:00,274 [INFO] paper-strat: 📊 TICK 002709.SZSE 天赐材料 59.77 (+3.05%)
2026-05-21 10:29:00,275 [INFO] paper-strat: 📊 TICK 600863.SSE 华能蒙电 5.55 (+3.16%)
2026-05-21 10:29:00,275 [INFO] paper-strat: 📊 TICK 603178.SSE 圣龙股份 19.96 (-6.64%)
2026-05-21 10:29:00,276 [INFO] paper-strat: 📊 TICK 603757.SSE 大元泵业 62.00 (-6.77%)
2026-05-21 10:29:00,282 [INFO] paper-strat: 📊 TICK 002428.SZSE 云南锗业 90.05 (-1.04%)
2026-05-21 10:29:00,283 [INFO] paper-strat: 📊 TICK 301179.SZSE 泽宇智能 26.04 (-1.74%)
2026-05-21 10:29:00,284 [INFO] paper-strat: 📊 TICK 002156.SZSE 通富微电 66.14 (+6.20%)
2026-05-21 10:29:00,284 [INFO] paper-strat: 📊 TICK 600310.SSE 广西能源 5.27 (+3.94%)
2026-05-21 10:29:00,284 [INFO] paper-strat: 📊 TICK 301120.SZSE 新特电气 23.92 (-2.05%)
2026-05-21 10:29:00,286 [INFO] paper-strat: 📊 TICK 002256.SZSE 兆新股份 4.64 (-2.73%)
2026-05-21 10:29:00,286 [INFO] paper-strat: 📊 TICK 605006.SSE 山东玻纤 15.19 (+5.71%)
2026-05-21 10:29:00,287 [INFO] paper-strat: 📊 TICK 002067.SZSE 景兴纸业 5.23 (+2.75%)
2026-05-21 10:29:00,287 [INFO] paper-strat: 📊 TICK 603986.SSE 兆易创新 450.50 (+1.23%)
2026-05-21 10:29:05,423 [INFO] paper-strat: ♥ 心跳 | 策略 23 个 | tick 23
2026-05-21 10:29:05,505 [INFO] paper-strat: 📊 TICK 002149.SZSE 西部材料 70.34 (+1.81%)
2026-05-21 10:29:05,506 [INFO] paper-strat: 📊 TICK 000600.SZSE 建投能源 10.18 (+0.20%)
2026-05-21 10:29:05,506 [INFO] paper-strat: 📊 TICK 002709.SZSE 天赐材料 59.76 (+3.03%)
2026-05-21 10:29:05,508 [INFO] paper-strat: 📊 TICK 603178.SSE 圣龙股份 19.94 (-6.74%)
2026-05-21 10:29:05,508 [INFO] paper-strat: 📊 TICK 603757.SSE 大元泵业 61.99 (-6.78%)
2026-05-21 10:29:05,509 [INFO] paper-strat: 📊 TICK 002428.SZSE 云南锗业 90.04 (-1.05%)
2026-05-21 10:29:05,510 [INFO] paper-strat: 📊 TICK 600330.SSE 天通股份 29.27 (+1.95%)
2026-05-21 10:29:05,510 [INFO] paper-strat: 📊 TICK 000899.SZSE 赣能股份 13.39 (-0.22%)
2026-05-21 10:29:05,510 [INFO] paper-strat: 📊 TICK 600310.SSE 广西能源 5.26 (+3.75%)
2026-05-21 10:29:05,511 [INFO] paper-strat: 📊 TICK 301120.SZSE 新特电气 23.91 (-2.09%)
2026-05-21 10:29:05,511 [INFO] paper-strat: 📊 TICK 002256.SZSE 兆新股份 4.63 (-2.94%)
2026-05-21 10:29:05,512 [INFO] paper-strat: 📊 TICK 605006.SSE 山东玻纤 15.20 (+5.78%)
2026-05-21 10:29:05,512 [INFO] paper-strat: 📊 TICK 603986.SSE 兆易创新 450.20 (+1.16%)
2026-05-21 10:29:10,751 [INFO] paper-strat: 📊 TICK 600021.SSE 上海电力 18.47 (-1.12%)
2026-05-21 10:29:10,751 [INFO] paper-strat: 📊 TICK 603601.SSE 再升科技 17.77 (+0.97%)
2026-05-21 10:29:10,752 [INFO] paper-strat: 📊 TICK 002149.SZSE 西部材料 70.40 (+1.90%)
2026-05-21 10:29:10,752 [INFO] paper-strat: 📊 TICK 000600.SZSE 建投能源 10.19 (+0.30%)
2026-05-21 10:29:10,754 [INFO] paper-strat: 📊 TICK 002709.SZSE 天赐材料 59.77 (+3.05%)
2026-05-21 10:29:10,754 [INFO] paper-strat: 📊 TICK 600863.SSE 华能蒙电 5.56 (+3.35%)
2026-05-21 10:29:10,754 [INFO] paper-strat: 📊 TICK 603178.SSE 圣龙股份 19.93 (-6.78%)
2026-05-21 10:29:10,756 [INFO] paper-strat: 📊 TICK 603757.SSE 大元泵业 61.90 (-6.92%)
2026-05-21 10:29:10,756 [INFO] paper-strat: 📊 TICK 002453.SZSE 华软科技 5.97 (-1.16%)
2026-05-21 10:29:10,757 [INFO] paper-strat: 📊 TICK 002428.SZSE 云南锗业 90.20 (-0.88%)
2026-05-21 10:29:10,757 [INFO] paper-strat: 📊 TICK 600330.SSE 天通股份 29.30 (+2.06%)
2026-05-21 10:29:10,757 [INFO] paper-strat: 📊 TICK 002156.SZSE 通富微电 66.13 (+6.18%)
2026-05-21 10:29:10,758 [INFO] paper-strat: 📊 TICK 000899.SZSE 赣能股份 13.40 (-0.15%)
2026-05-21 10:29:10,758 [INFO] paper-strat: 📊 TICK 600310.SSE 广西能源 5.27 (+3.94%)
2026-05-21 10:29:16,004 [INFO] paper-strat: 📊 TICK 600021.SSE 上海电力 18.46 (-1.18%)
2026-05-21 10:29:16,004 [INFO] paper-strat: 📊 TICK 603601.SSE 再升科技 17.75 (+0.85%)
2026-05-21 10:29:16,006 [INFO] paper-strat: 📊 TICK 002709.SZSE 天赐材料 59.78 (+3.07%)
2026-05-21 10:29:16,006 [INFO] paper-strat: 📊 TICK 603178.SSE 圣龙股份 19.94 (-6.74%)
2026-05-21 10:29:16,007 [INFO] paper-strat: 📊 TICK 603757.SSE 大元泵业 61.88 (-6.95%)
2026-05-21 10:29:16,008 [INFO] paper-strat: 📊 TICK 600330.SSE 天通股份 29.35 (+2.23%)
2026-05-21 10:29:16,009 [INFO] paper-strat: 📊 TICK 002156.SZSE 通富微电 66.15 (+6.21%)
2026-05-21 10:29:16,009 [INFO] paper-strat: 📊 TICK 000899.SZSE 赣能股份 13.41 (-0.07%)
2026-05-21 10:29:16,010 [INFO] paper-strat: 📊 TICK 002256.SZSE 兆新股份 4.64 (-2.73%)
2026-05-21 10:29:16,011 [INFO] paper-strat: 📊 TICK 605006.SSE 山东玻纤 15.19 (+5.71%)
2026-05-21 10:29:16,011 [INFO] paper-strat: 📊 TICK 603986.SSE 兆易创新 450.00 (+1.12%)
2026-05-21 10:29:20,428 [INFO] paper-strat: ♥ 心跳 | 策略 23 个 | tick 23
2026-05-21 10:29:20,428 [INFO] paper-strat: 达到 timeout
