2026-05-21 11:39:54,596 [INFO] paper-strat: === vqlearn paper + strategy ===
2026-05-21 11:39:54,596 [INFO] paper-strat: 持仓: 3 只 | 观察: 19 只 | auto_trade=True
2026-05-21 11:39:54,618 [INFO] paper-strat: [MainEngine] 连接登录 -> AKSHARE
2026-05-21 11:39:54,618 [INFO] paper-strat: [AKSHARE] akshare gateway 启动（行情 only），轮询 5.0s
2026-05-21 11:39:56,621 [INFO] paper-strat: [MainEngine] 订阅行情 -> AKSHARE：SubscribeRequest(symbol='600330', exchange=<Exchange.SSE: 'SSE'>)
2026-05-21 11:39:56,621 [INFO] paper-strat: [AKSHARE] 订阅 600330.SSE (累计 1 只)
2026-05-21 11:39:56,621 [INFO] paper-strat: [MainEngine] 订阅行情 -> AKSHARE：SubscribeRequest(symbol='002453', exchange=<Exchange.SZSE: 'SZSE'>)
2026-05-21 11:39:56,623 [INFO] paper-strat: [AKSHARE] 订阅 002453.SZSE (累计 2 只)
2026-05-21 11:39:56,623 [INFO] paper-strat: [MainEngine] 订阅行情 -> AKSHARE：SubscribeRequest(symbol='603601', exchange=<Exchange.SSE: 'SSE'>)
2026-05-21 11:39:56,623 [INFO] paper-strat: [AKSHARE] 订阅 603601.SSE (累计 3 只)
2026-05-21 11:39:56,623 [INFO] paper-strat: [MainEngine] 订阅行情 -> AKSHARE：SubscribeRequest(symbol='002428', exchange=<Exchange.SZSE: 'SZSE'>)
2026-05-21 11:39:56,623 [INFO] paper-strat: [AKSHARE] 订阅 002428.SZSE (累计 4 只)
2026-05-21 11:39:56,623 [INFO] paper-strat: [MainEngine] 订阅行情 -> AKSHARE：SubscribeRequest(symbol='600130', exchange=<Exchange.SSE: 'SSE'>)
2026-05-21 11:39:56,624 [INFO] paper-strat: [AKSHARE] 订阅 600130.SSE (累计 5 只)
2026-05-21 11:39:56,624 [INFO] paper-strat: [MainEngine] 订阅行情 -> AKSHARE：SubscribeRequest(symbol='603178', exchange=<Exchange.SSE: 'SSE'>)
2026-05-21 11:39:56,624 [INFO] paper-strat: [AKSHARE] 订阅 603178.SSE (累计 6 只)
2026-05-21 11:39:56,624 [INFO] paper-strat: [MainEngine] 订阅行情 -> AKSHARE：SubscribeRequest(symbol='603986', exchange=<Exchange.SSE: 'SSE'>)
2026-05-21 11:39:56,624 [INFO] paper-strat: [AKSHARE] 订阅 603986.SSE (累计 7 只)
2026-05-21 11:39:56,624 [INFO] paper-strat: [MainEngine] 订阅行情 -> AKSHARE：SubscribeRequest(symbol='301120', exchange=<Exchange.SZSE: 'SZSE'>)
2026-05-21 11:39:56,626 [INFO] paper-strat: [AKSHARE] 订阅 301120.SZSE (累计 8 只)
2026-05-21 11:39:56,626 [INFO] paper-strat: [MainEngine] 订阅行情 -> AKSHARE：SubscribeRequest(symbol='301179', exchange=<Exchange.SZSE: 'SZSE'>)
2026-05-21 11:39:56,626 [INFO] paper-strat: [AKSHARE] 订阅 301179.SZSE (累计 9 只)
2026-05-21 11:39:56,626 [INFO] paper-strat: [MainEngine] 订阅行情 -> AKSHARE：SubscribeRequest(symbol='600021', exchange=<Exchange.SSE: 'SSE'>)
2026-05-21 11:39:56,626 [INFO] paper-strat: [AKSHARE] 订阅 600021.SSE (累计 10 只)
2026-05-21 11:39:56,626 [INFO] paper-strat: [MainEngine] 订阅行情 -> AKSHARE：SubscribeRequest(symbol='000600', exchange=<Exchange.SZSE: 'SZSE'>)
2026-05-21 11:39:56,626 [INFO] paper-strat: [AKSHARE] 订阅 000600.SZSE (累计 11 只)
2026-05-21 11:39:56,626 [INFO] paper-strat: [MainEngine] 订阅行情 -> AKSHARE：SubscribeRequest(symbol='002067', exchange=<Exchange.SZSE: 'SZSE'>)
2026-05-21 11:39:56,628 [INFO] paper-strat: [AKSHARE] 订阅 002067.SZSE (累计 12 只)
2026-05-21 11:39:56,628 [INFO] paper-strat: [MainEngine] 订阅行情 -> AKSHARE：SubscribeRequest(symbol='000899', exchange=<Exchange.SZSE: 'SZSE'>)
2026-05-21 11:39:56,628 [INFO] paper-strat: [AKSHARE] 订阅 000899.SZSE (累计 13 只)
2026-05-21 11:39:56,628 [INFO] paper-strat: [MainEngine] 订阅行情 -> AKSHARE：SubscribeRequest(symbol='001896', exchange=<Exchange.SZSE: 'SZSE'>)
2026-05-21 11:39:56,628 [INFO] paper-strat: [AKSHARE] 订阅 001896.SZSE (累计 14 只)
2026-05-21 11:39:56,628 [INFO] paper-strat: [MainEngine] 订阅行情 -> AKSHARE：SubscribeRequest(symbol='600310', exchange=<Exchange.SSE: 'SSE'>)
2026-05-21 11:39:56,628 [INFO] paper-strat: [AKSHARE] 订阅 600310.SSE (累计 15 只)
2026-05-21 11:39:56,629 [INFO] paper-strat: [MainEngine] 订阅行情 -> AKSHARE：SubscribeRequest(symbol='601222', exchange=<Exchange.SSE: 'SSE'>)
2026-05-21 11:39:56,629 [INFO] paper-strat: [AKSHARE] 订阅 601222.SSE (累计 16 只)
2026-05-21 11:39:56,629 [INFO] paper-strat: [MainEngine] 订阅行情 -> AKSHARE：SubscribeRequest(symbol='600863', exchange=<Exchange.SSE: 'SSE'>)
2026-05-21 11:39:56,629 [INFO] paper-strat: [AKSHARE] 订阅 600863.SSE (累计 17 只)
2026-05-21 11:39:56,629 [INFO] paper-strat: [MainEngine] 订阅行情 -> AKSHARE：SubscribeRequest(symbol='605006', exchange=<Exchange.SSE: 'SSE'>)
2026-05-21 11:39:56,629 [INFO] paper-strat: [AKSHARE] 订阅 605006.SSE (累计 18 只)
2026-05-21 11:39:56,629 [INFO] paper-strat: [MainEngine] 订阅行情 -> AKSHARE：SubscribeRequest(symbol='603757', exchange=<Exchange.SSE: 'SSE'>)
2026-05-21 11:39:56,631 [INFO] paper-strat: [AKSHARE] 订阅 603757.SSE (累计 19 只)
2026-05-21 11:39:56,631 [INFO] paper-strat: [MainEngine] 订阅行情 -> AKSHARE：SubscribeRequest(symbol='002156', exchange=<Exchange.SZSE: 'SZSE'>)
2026-05-21 11:39:56,631 [INFO] paper-strat: [AKSHARE] 订阅 002156.SZSE (累计 20 只)
2026-05-21 11:39:56,631 [INFO] paper-strat: [MainEngine] 订阅行情 -> AKSHARE：SubscribeRequest(symbol='002709', exchange=<Exchange.SZSE: 'SZSE'>)
2026-05-21 11:39:56,631 [INFO] paper-strat: [AKSHARE] 订阅 002709.SZSE (累计 21 只)
2026-05-21 11:39:56,632 [INFO] paper-strat: [MainEngine] 订阅行情 -> AKSHARE：SubscribeRequest(symbol='002149', exchange=<Exchange.SZSE: 'SZSE'>)
2026-05-21 11:39:56,632 [INFO] paper-strat: [AKSHARE] 订阅 002149.SZSE (累计 22 只)
2026-05-21 11:39:56,906 [INFO] paper-strat: 📊 TICK 603601.SSE 再升科技 17.86 (+1.48%)
2026-05-21 11:39:56,906 [INFO] paper-strat: 📊 TICK 603757.SSE 大元泵业 59.85 (-10.00%)
2026-05-21 11:39:56,906 [INFO] paper-strat: 📊 TICK 603986.SSE 兆易创新 441.66 (-0.76%)
2026-05-21 11:39:56,906 [INFO] paper-strat: 📊 TICK 002149.SZSE 西部材料 70.44 (+1.95%)
2026-05-21 11:39:56,906 [INFO] paper-strat: 📊 TICK 600330.SSE 天通股份 28.80 (+0.31%)
2026-05-21 11:39:56,906 [INFO] paper-strat: 📊 TICK 000899.SZSE 赣能股份 13.41 (-0.07%)
2026-05-21 11:39:56,906 [INFO] paper-strat: 📊 TICK 002453.SZSE 华软科技 5.91 (-2.15%)
2026-05-21 11:39:56,906 [INFO] paper-strat: 📊 TICK 600021.SSE 上海电力 18.42 (-1.39%)
2026-05-21 11:39:56,906 [INFO] paper-strat: 📊 TICK 301120.SZSE 新特电气 23.59 (-3.40%)
2026-05-21 11:39:56,906 [INFO] paper-strat: 📊 TICK 601222.SSE 林洋能源 6.48 (-2.26%)
2026-05-21 11:39:56,906 [INFO] paper-strat: 📊 TICK 002428.SZSE 云南锗业 88.29 (-2.98%)
2026-05-21 11:39:56,906 [INFO] paper-strat: 📊 TICK 600310.SSE 广西能源 5.28 (+4.14%)
2026-05-21 11:39:56,906 [INFO] paper-strat: 📊 TICK 002156.SZSE 通富微电 63.41 (+1.81%)
2026-05-21 11:39:56,906 [INFO] paper-strat: 📊 TICK 600863.SSE 华能蒙电 5.57 (+3.53%)
2026-05-21 11:39:56,906 [INFO] paper-strat: 📊 TICK 301179.SZSE 泽宇智能 25.68 (-3.09%)
2026-05-21 11:39:56,906 [INFO] paper-strat: 📊 TICK 600130.SSE 波导股份 5.59 (-8.36%)
2026-05-21 11:39:56,906 [INFO] paper-strat: 📊 TICK 002709.SZSE 天赐材料 59.11 (+1.91%)
2026-05-21 11:39:56,906 [INFO] paper-strat: 📊 TICK 605006.SSE 山东玻纤 15.02 (+4.52%)
2026-05-21 11:39:56,906 [INFO] paper-strat: 📊 TICK 001896.SZSE 豫能控股 16.37 (+10.01%)
2026-05-21 11:39:56,906 [INFO] paper-strat: 📊 TICK 603178.SSE 圣龙股份 20.46 (-4.30%)
2026-05-21 11:39:56,906 [INFO] paper-strat: 📊 TICK 002067.SZSE 景兴纸业 5.31 (+4.32%)
2026-05-21 11:39:56,906 [INFO] paper-strat: 📊 TICK 000600.SZSE 建投能源 10.40 (+2.36%)
2026-05-21 11:39:57,649 [INFO] paper-strat: 已加载策略类: ['AtrRsiStrategy', 'BollChannelStrategy', 'DoubleMaStrategy', 'DualThrustStrategy', 'KingKeltnerStrategy', 'MultiSignalStrategy', 'MultiTimeframeStrategy', 'TestStrategy', 'TurtleSignalStrategy', 'ThresholdAlertStrategy']
2026-05-21 11:39:57,679 [INFO] paper-strat: ✓ 已加载 22 个 ThresholdAlertStrategy 实例
2026-05-21 11:39:57,680 [INFO] paper-strat: 📊 拉取 5 日均量 22 只...
2026-05-21 11:40:20,751 [INFO] paper-strat:    获得 22 只均量
2026-05-21 11:40:20,751 [INFO] paper-strat:    样本: [('603601', 209585470.0), ('603757', 16081698.6), ('603986', 57678875.0)]
2026-05-21 11:40:20,753 [INFO] paper-strat: [MainEngine] 订阅行情 -> AKSHARE：SubscribeRequest(symbol='600330', exchange=<Exchange.SSE: 'SSE'>)
2026-05-21 11:40:20,754 [INFO] paper-strat: [AKSHARE] 订阅 600330.SSE (累计 22 只)
2026-05-21 11:40:20,754 [INFO] paper-strat: [MainEngine] 订阅行情 -> AKSHARE：SubscribeRequest(symbol='002453', exchange=<Exchange.SZSE: 'SZSE'>)
2026-05-21 11:40:20,754 [INFO] paper-strat: [AKSHARE] 订阅 002453.SZSE (累计 22 只)
2026-05-21 11:40:20,755 [INFO] paper-strat: [MainEngine] 订阅行情 -> AKSHARE：SubscribeRequest(symbol='603601', exchange=<Exchange.SSE: 'SSE'>)
2026-05-21 11:40:20,755 [INFO] paper-strat: [AKSHARE] 订阅 603601.SSE (累计 22 只)
2026-05-21 11:40:20,755 [INFO] paper-strat: [MainEngine] 订阅行情 -> AKSHARE：SubscribeRequest(symbol='002428', exchange=<Exchange.SZSE: 'SZSE'>)
2026-05-21 11:40:20,755 [INFO] paper-strat: [AKSHARE] 订阅 002428.SZSE (累计 22 只)
2026-05-21 11:40:20,755 [INFO] paper-strat: [MainEngine] 订阅行情 -> AKSHARE：SubscribeRequest(symbol='600130', exchange=<Exchange.SSE: 'SSE'>)
2026-05-21 11:40:20,755 [INFO] paper-strat: [AKSHARE] 订阅 600130.SSE (累计 22 只)
2026-05-21 11:40:20,756 [INFO] paper-strat: [MainEngine] 订阅行情 -> AKSHARE：SubscribeRequest(symbol='603178', exchange=<Exchange.SSE: 'SSE'>)
2026-05-21 11:40:20,756 [INFO] paper-strat: [AKSHARE] 订阅 603178.SSE (累计 22 只)
2026-05-21 11:40:20,756 [INFO] paper-strat: [MainEngine] 订阅行情 -> AKSHARE：SubscribeRequest(symbol='603986', exchange=<Exchange.SSE: 'SSE'>)
2026-05-21 11:40:20,756 [INFO] paper-strat: [AKSHARE] 订阅 603986.SSE (累计 22 只)
2026-05-21 11:40:20,756 [INFO] paper-strat: [MainEngine] 订阅行情 -> AKSHARE：SubscribeRequest(symbol='301120', exchange=<Exchange.SZSE: 'SZSE'>)
2026-05-21 11:40:20,756 [INFO] paper-strat: [AKSHARE] 订阅 301120.SZSE (累计 22 只)
2026-05-21 11:40:20,756 [INFO] paper-strat: [MainEngine] 订阅行情 -> AKSHARE：SubscribeRequest(symbol='301179', exchange=<Exchange.SZSE: 'SZSE'>)
2026-05-21 11:40:20,756 [INFO] paper-strat: [AKSHARE] 订阅 301179.SZSE (累计 22 只)
2026-05-21 11:40:20,756 [INFO] paper-strat: [MainEngine] 订阅行情 -> AKSHARE：SubscribeRequest(symbol='600021', exchange=<Exchange.SSE: 'SSE'>)
2026-05-21 11:40:20,756 [INFO] paper-strat: [AKSHARE] 订阅 600021.SSE (累计 22 只)
2026-05-21 11:40:20,756 [INFO] paper-strat: [MainEngine] 订阅行情 -> AKSHARE：SubscribeRequest(symbol='000600', exchange=<Exchange.SZSE: 'SZSE'>)
2026-05-21 11:40:20,756 [INFO] paper-strat: [AKSHARE] 订阅 000600.SZSE (累计 22 只)
2026-05-21 11:40:20,756 [INFO] paper-strat: [MainEngine] 订阅行情 -> AKSHARE：SubscribeRequest(symbol='002067', exchange=<Exchange.SZSE: 'SZSE'>)
2026-05-21 11:40:20,757 [INFO] paper-strat: [AKSHARE] 订阅 002067.SZSE (累计 22 只)
2026-05-21 11:40:20,757 [INFO] paper-strat: [MainEngine] 订阅行情 -> AKSHARE：SubscribeRequest(symbol='000899', exchange=<Exchange.SZSE: 'SZSE'>)
2026-05-21 11:40:20,757 [INFO] paper-strat: [AKSHARE] 订阅 000899.SZSE (累计 22 只)
2026-05-21 11:40:20,757 [INFO] paper-strat: [MainEngine] 订阅行情 -> AKSHARE：SubscribeRequest(symbol='001896', exchange=<Exchange.SZSE: 'SZSE'>)
2026-05-21 11:40:20,757 [INFO] paper-strat: [AKSHARE] 订阅 001896.SZSE (累计 22 只)
2026-05-21 11:40:20,757 [INFO] paper-strat: [MainEngine] 订阅行情 -> AKSHARE：SubscribeRequest(symbol='600310', exchange=<Exchange.SSE: 'SSE'>)
2026-05-21 11:40:20,757 [INFO] paper-strat: [AKSHARE] 订阅 600310.SSE (累计 22 只)
2026-05-21 11:40:20,757 [INFO] paper-strat: [MainEngine] 订阅行情 -> AKSHARE：SubscribeRequest(symbol='601222', exchange=<Exchange.SSE: 'SSE'>)
2026-05-21 11:40:20,757 [INFO] paper-strat: [AKSHARE] 订阅 601222.SSE (累计 22 只)
2026-05-21 11:40:20,758 [INFO] paper-strat: [MainEngine] 订阅行情 -> AKSHARE：SubscribeRequest(symbol='600863', exchange=<Exchange.SSE: 'SSE'>)
2026-05-21 11:40:20,758 [INFO] paper-strat: [AKSHARE] 订阅 600863.SSE (累计 22 只)
2026-05-21 11:40:20,758 [INFO] paper-strat: [MainEngine] 订阅行情 -> AKSHARE：SubscribeRequest(symbol='605006', exchange=<Exchange.SSE: 'SSE'>)
2026-05-21 11:40:20,758 [INFO] paper-strat: [AKSHARE] 订阅 605006.SSE (累计 22 只)
2026-05-21 11:40:20,759 [INFO] paper-strat: [MainEngine] 订阅行情 -> AKSHARE：SubscribeRequest(symbol='603757', exchange=<Exchange.SSE: 'SSE'>)
2026-05-21 11:40:20,759 [INFO] paper-strat: [AKSHARE] 订阅 603757.SSE (累计 22 只)
2026-05-21 11:40:20,759 [INFO] paper-strat: [MainEngine] 订阅行情 -> AKSHARE：SubscribeRequest(symbol='002156', exchange=<Exchange.SZSE: 'SZSE'>)
2026-05-21 11:40:20,759 [INFO] paper-strat: [AKSHARE] 订阅 002156.SZSE (累计 22 只)
2026-05-21 11:40:20,759 [INFO] paper-strat: [MainEngine] 订阅行情 -> AKSHARE：SubscribeRequest(symbol='002709', exchange=<Exchange.SZSE: 'SZSE'>)
2026-05-21 11:40:20,759 [INFO] paper-strat: [AKSHARE] 订阅 002709.SZSE (累计 22 只)
2026-05-21 11:40:20,759 [INFO] paper-strat: [MainEngine] 订阅行情 -> AKSHARE：SubscribeRequest(symbol='002149', exchange=<Exchange.SZSE: 'SZSE'>)
2026-05-21 11:40:20,759 [INFO] paper-strat: [AKSHARE] 订阅 002149.SZSE (累计 22 只)
2026-05-21 11:40:22,753 [INFO] paper-strat: 🚀 全部 22 个策略已启动
2026-05-21 11:40:22,753 [INFO] paper-strat: limited mode: 35s 后退出
2026-05-21 11:40:37,754 [INFO] paper-strat: ♥ 心跳 | 策略 22 个 | tick 22
2026-05-21 11:40:52,755 [INFO] paper-strat: ♥ 心跳 | 策略 22 个 | tick 22
2026-05-21 11:41:07,756 [INFO] paper-strat: ♥ 心跳 | 策略 22 个 | tick 22
2026-05-21 11:41:07,756 [INFO] paper-strat: 达到 timeout
