没有配置要使用的数据服务，请修改全局配置中的datafeed相关内容
2026-05-21 10:05:54.515 | INFO | MainEngine | 连接登录 -> AKSHARE
2026-05-21 10:05:54.518 | INFO | AKSHARE | akshare gateway 启动（行情 only），轮询 5.0s
2026-05-21 10:05:56.519 | INFO | MainEngine | 订阅行情 -> AKSHARE：SubscribeRequest(symbol='600330', exchange=<Exchange.SSE: 'SSE'>)
2026-05-21 10:05:56.521 | INFO | AKSHARE | 订阅 600330.SSE (累计 1 只)
2026-05-21 10:05:56.524 | INFO | MainEngine | 订阅行情 -> AKSHARE：SubscribeRequest(symbol='002256', exchange=<Exchange.SZSE: 'SZSE'>)
2026-05-21 10:05:56.525 | INFO | AKSHARE | 订阅 002256.SZSE (累计 2 只)
2026-05-21 10:05:56.526 | INFO | MainEngine | 订阅行情 -> AKSHARE：SubscribeRequest(symbol='002453', exchange=<Exchange.SZSE: 'SZSE'>)
2026-05-21 10:05:56.528 | INFO | AKSHARE | 订阅 002453.SZSE (累计 3 只)
2026-05-21 10:05:56.530 | INFO | MainEngine | 订阅行情 -> AKSHARE：SubscribeRequest(symbol='603601', exchange=<Exchange.SSE: 'SSE'>)
2026-05-21 10:05:56.532 | INFO | AKSHARE | 订阅 603601.SSE (累计 4 只)
2026-05-21 10:05:56.533 | INFO | MainEngine | 订阅行情 -> AKSHARE：SubscribeRequest(symbol='002428', exchange=<Exchange.SZSE: 'SZSE'>)
2026-05-21 10:05:56.533 | INFO | AKSHARE | 订阅 002428.SZSE (累计 5 只)
2026-05-21 10:05:56.534 | INFO | MainEngine | 订阅行情 -> AKSHARE：SubscribeRequest(symbol='600130', exchange=<Exchange.SSE: 'SSE'>)
2026-05-21 10:05:56.537 | INFO | AKSHARE | 订阅 600130.SSE (累计 6 只)
2026-05-21 10:05:56.538 | INFO | MainEngine | 订阅行情 -> AKSHARE：SubscribeRequest(symbol='603178', exchange=<Exchange.SSE: 'SSE'>)
2026-05-21 10:05:56.539 | INFO | AKSHARE | 订阅 603178.SSE (累计 7 只)
2026-05-21 10:05:56.540 | INFO | MainEngine | 订阅行情 -> AKSHARE：SubscribeRequest(symbol='603986', exchange=<Exchange.SSE: 'SSE'>)
2026-05-21 10:05:56.542 | INFO | AKSHARE | 订阅 603986.SSE (累计 8 只)
2026-05-21 10:05:56.544 | INFO | MainEngine | 订阅行情 -> AKSHARE：SubscribeRequest(symbol='301120', exchange=<Exchange.SZSE: 'SZSE'>)
2026-05-21 10:05:56.544 | INFO | AKSHARE | 订阅 301120.SZSE (累计 9 只)
2026-05-21 10:05:56.546 | INFO | MainEngine | 订阅行情 -> AKSHARE：SubscribeRequest(symbol='301179', exchange=<Exchange.SZSE: 'SZSE'>)
  📡 获取实时行情（新浪）...
2026-05-21 10:05:56.548 | INFO | AKSHARE | 订阅 301179.SZSE (累计 10 只)
2026-05-21 10:05:56.549 | INFO | MainEngine | 订阅行情 -> AKSHARE：SubscribeRequest(symbol='600021', exchange=<Exchange.SSE: 'SSE'>)
2026-05-21 10:05:56.551 | INFO | AKSHARE | 订阅 600021.SSE (累计 11 只)
2026-05-21 10:05:56.553 | INFO | MainEngine | 订阅行情 -> AKSHARE：SubscribeRequest(symbol='000600', exchange=<Exchange.SZSE: 'SZSE'>)
2026-05-21 10:05:56.555 | INFO | AKSHARE | 订阅 000600.SZSE (累计 12 只)
2026-05-21 10:05:56.555 | INFO | MainEngine | 订阅行情 -> AKSHARE：SubscribeRequest(symbol='002067', exchange=<Exchange.SZSE: 'SZSE'>)
2026-05-21 10:05:56.556 | INFO | AKSHARE | 订阅 002067.SZSE (累计 13 只)
2026-05-21 10:05:56.558 | INFO | MainEngine | 订阅行情 -> AKSHARE：SubscribeRequest(symbol='000899', exchange=<Exchange.SZSE: 'SZSE'>)
2026-05-21 10:05:56.560 | INFO | AKSHARE | 订阅 000899.SZSE (累计 14 只)
2026-05-21 10:05:56.561 | INFO | MainEngine | 订阅行情 -> AKSHARE：SubscribeRequest(symbol='001896', exchange=<Exchange.SZSE: 'SZSE'>)
2026-05-21 10:05:56.562 | INFO | AKSHARE | 订阅 001896.SZSE (累计 15 只)
2026-05-21 10:05:56.564 | INFO | MainEngine | 订阅行情 -> AKSHARE：SubscribeRequest(symbol='600310', exchange=<Exchange.SSE: 'SSE'>)
2026-05-21 10:05:56.566 | INFO | AKSHARE | 订阅 600310.SSE (累计 16 只)
2026-05-21 10:05:56.567 | INFO | MainEngine | 订阅行情 -> AKSHARE：SubscribeRequest(symbol='601222', exchange=<Exchange.SSE: 'SSE'>)
2026-05-21 10:05:56.569 | INFO | AKSHARE | 订阅 601222.SSE (累计 17 只)
2026-05-21 10:05:56.570 | INFO | MainEngine | 订阅行情 -> AKSHARE：SubscribeRequest(symbol='600863', exchange=<Exchange.SSE: 'SSE'>)
2026-05-21 10:05:56.571 | INFO | AKSHARE | 订阅 600863.SSE (累计 18 只)
2026-05-21 10:05:56.572 | INFO | MainEngine | 订阅行情 -> AKSHARE：SubscribeRequest(symbol='605006', exchange=<Exchange.SSE: 'SSE'>)
2026-05-21 10:05:56.573 | INFO | AKSHARE | 订阅 605006.SSE (累计 19 只)
2026-05-21 10:05:56.575 | INFO | MainEngine | 订阅行情 -> AKSHARE：SubscribeRequest(symbol='603757', exchange=<Exchange.SSE: 'SSE'>)
2026-05-21 10:05:56.576 | INFO | AKSHARE | 订阅 603757.SSE (累计 20 只)
2026-05-21 10:05:56.576 | INFO | MainEngine | 订阅行情 -> AKSHARE：SubscribeRequest(symbol='002156', exchange=<Exchange.SZSE: 'SZSE'>)
2026-05-21 10:05:56.578 | INFO | AKSHARE | 订阅 002156.SZSE (累计 21 只)
2026-05-21 10:05:56.580 | INFO | MainEngine | 订阅行情 -> AKSHARE：SubscribeRequest(symbol='002709', exchange=<Exchange.SZSE: 'SZSE'>)
2026-05-21 10:05:56.581 | INFO | AKSHARE | 订阅 002709.SZSE (累计 22 只)
2026-05-21 10:05:56.583 | INFO | MainEngine | 订阅行情 -> AKSHARE：SubscribeRequest(symbol='002149', exchange=<Exchange.SZSE: 'SZSE'>)
2026-05-21 10:05:56.584 | INFO | AKSHARE | 订阅 002149.SZSE (累计 23 只)
2026-05-21 10:05:56.584 | INFO | CtaStrategy | 创建策略失败，找不到策略类ThresholdAlertStrategy
2026-05-21 10:05:56.586 | INFO | CtaStrategy | 创建策略失败，找不到策略类ThresholdAlertStrategy
2026-05-21 10:05:56.586 | INFO | CtaStrategy | 创建策略失败，找不到策略类ThresholdAlertStrategy
2026-05-21 10:05:56.587 | INFO | CtaStrategy | 创建策略失败，找不到策略类ThresholdAlertStrategy
2026-05-21 10:05:56.587 | INFO | CtaStrategy | 创建策略失败，找不到策略类ThresholdAlertStrategy
2026-05-21 10:05:56.587 | INFO | CtaStrategy | 创建策略失败，找不到策略类ThresholdAlertStrategy
2026-05-21 10:05:56.589 | INFO | CtaStrategy | 创建策略失败，找不到策略类ThresholdAlertStrategy
2026-05-21 10:05:56.590 | INFO | CtaStrategy | 创建策略失败，找不到策略类ThresholdAlertStrategy
2026-05-21 10:05:56.590 | INFO | CtaStrategy | 创建策略失败，找不到策略类ThresholdAlertStrategy
2026-05-21 10:05:56.590 | INFO | CtaStrategy | 创建策略失败，找不到策略类ThresholdAlertStrategy
2026-05-21 10:05:56.591 | INFO | CtaStrategy | 创建策略失败，找不到策略类FusionStrategy
2026-05-21 10:05:56.592 | INFO | CtaStrategy | 创建策略失败，找不到策略类FusionStrategy
2026-05-21 10:05:56.592 | INFO | CtaStrategy | 创建策略失败，找不到策略类FusionStrategy
2026-05-21 10:05:56.593 | INFO | CtaStrategy | 创建策略失败，找不到策略类FusionStrategy
2026-05-21 10:05:56.593 | INFO | CtaStrategy | 创建策略失败，找不到策略类FusionStrategy
2026-05-21 10:05:56.594 | INFO | CtaStrategy | 创建策略失败，找不到策略类ThresholdAlertStrategy
2026-05-21 10:05:56.594 | INFO | CtaStrategy | 创建策略失败，找不到策略类ThresholdAlertStrategy
2026-05-21 10:05:56.594 | INFO | CtaStrategy | 创建策略失败，找不到策略类ThresholdAlertStrategy
2026-05-21 10:05:56.596 | INFO | CtaStrategy | 创建策略失败，找不到策略类ThresholdAlertStrategy
2026-05-21 10:05:56.596 | INFO | CtaStrategy | 创建策略失败，找不到策略类ThresholdAlertStrategy
2026-05-21 10:05:56.597 | INFO | CtaStrategy | 创建策略失败，找不到策略类ThresholdAlertStrategy
2026-05-21 10:05:56.597 | INFO | CtaStrategy | 创建策略失败，找不到策略类ThresholdAlertStrategy
2026-05-21 10:05:56.597 | INFO | CtaStrategy | 创建策略失败，找不到策略类ThresholdAlertStrategy
2026-05-21 10:05:56.598 | INFO | CtaStrategy | 创建策略失败，找不到策略类ThresholdAlertStrategy
2026-05-21 10:05:56.598 | INFO | CtaStrategy | 创建策略失败，找不到策略类ThresholdAlertStrategy
2026-05-21 10:05:56.598 | INFO | CtaStrategy | 创建策略失败，找不到策略类ThresholdAlertStrategy
2026-05-21 10:05:56.600 | INFO | CtaStrategy | 创建策略失败，找不到策略类ThresholdAlertStrategy
2026-05-21 10:05:56.601 | INFO | CtaStrategy | 创建策略失败，找不到策略类ThresholdAlertStrategy
2026-05-21 10:05:56.602 | INFO | CtaStrategy | 创建策略失败，找不到策略类ThresholdAlertStrategy
2026-05-21 10:05:56.602 | INFO | CtaStrategy | 创建策略失败，找不到策略类ThresholdAlertStrategy
2026-05-21 10:05:56.603 | INFO | CtaStrategy | 创建策略失败，找不到策略类ThresholdAlertStrategy
2026-05-21 10:05:56.603 | INFO | CtaStrategy | 创建策略失败，找不到策略类ThresholdAlertStrategy
2026-05-21 10:05:56.604 | INFO | CtaStrategy | 创建策略失败，找不到策略类ThresholdAlertStrategy
2026-05-21 10:05:56.604 | INFO | CtaStrategy | 创建策略失败，找不到策略类ThresholdAlertStrategy
2026-05-21 10:05:56.604 | INFO | CtaStrategy | 创建策略失败，找不到策略类ThresholdAlertStrategy
2026-05-21 10:05:56.606 | INFO | CtaStrategy | 创建策略失败，找不到策略类ThresholdAlertStrategy
2026-05-21 10:05:56.606 | INFO | CtaStrategy | 创建策略失败，找不到策略类ThresholdAlertStrategy
2026-05-21 10:05:56.607 | INFO | CtaStrategy | 创建策略失败，找不到策略类ThresholdAlertStrategy
2026-05-21 10:05:56.607 | INFO | CtaStrategy | CTA策略引擎初始化成功
2026-05-21 10:05:57.575 | INFO | CtaStrategy | thr_600330开始执行初始化
2026-05-21 10:05:57.576 | INFO | CtaStrategy | [thr_600330]  策略初始化: 600330.SSE
2026-05-21 10:05:57.576 | INFO | CtaStrategy | [thr_600330]    规则: buy_zone=0.0 buy_strong=0.0 trend_break=28.3 take_profit=35.0 auto=False
2026-05-21 10:05:57.578 | INFO | MainEngine | 订阅行情 -> AKSHARE：SubscribeRequest(symbol='600330', exchange=<Exchange.SSE: 'SSE'>)
2026-05-21 10:05:57.579 | INFO | AKSHARE | 订阅 600330.SSE (累计 23 只)
2026-05-21 10:05:57.579 | INFO | CtaStrategy | thr_600330初始化完成
2026-05-21 10:05:57.579 | INFO | CtaStrategy | thr_002256开始执行初始化
2026-05-21 10:05:57.581 | INFO | CtaStrategy | [thr_002256]  策略初始化: 002256.SZSE
2026-05-21 10:05:57.581 | INFO | CtaStrategy | [thr_002256]    规则: buy_zone=0.0 buy_strong=0.0 trend_break=4.71 take_profit=5.5 auto=False
2026-05-21 10:05:57.582 | INFO | MainEngine | 订阅行情 -> AKSHARE：SubscribeRequest(symbol='002256', exchange=<Exchange.SZSE: 'SZSE'>)
2026-05-21 10:05:57.583 | INFO | AKSHARE | 订阅 002256.SZSE (累计 23 只)
2026-05-21 10:05:57.584 | INFO | CtaStrategy | thr_002256初始化完成
2026-05-21 10:05:57.585 | INFO | CtaStrategy | thr_002453开始执行初始化
2026-05-21 10:05:57.585 | INFO | CtaStrategy | [thr_002453]  策略初始化: 002453.SZSE
2026-05-21 10:05:57.586 | INFO | CtaStrategy | [thr_002453]    规则: buy_zone=0.0 buy_strong=0.0 trend_break=5.95 take_profit=6.8 auto=False
2026-05-21 10:05:57.586 | INFO | MainEngine | 订阅行情 -> AKSHARE：SubscribeRequest(symbol='002453', exchange=<Exchange.SZSE: 'SZSE'>)
2026-05-21 10:05:57.588 | INFO | AKSHARE | 订阅 002453.SZSE (累计 23 只)
2026-05-21 10:05:57.589 | INFO | CtaStrategy | thr_002453初始化完成
2026-05-21 10:05:57.590 | INFO | CtaStrategy | thr_603601开始执行初始化
2026-05-21 10:05:57.590 | INFO | CtaStrategy | [thr_603601]  策略初始化: 603601.SSE
2026-05-21 10:05:57.591 | INFO | CtaStrategy | [thr_603601]    规则: buy_zone=0.0 buy_strong=0.0 trend_break=16.24 take_profit=19.5 auto=False
2026-05-21 10:05:57.591 | INFO | MainEngine | 订阅行情 -> AKSHARE：SubscribeRequest(symbol='603601', exchange=<Exchange.SSE: 'SSE'>)
2026-05-21 10:05:57.593 | INFO | AKSHARE | 订阅 603601.SSE (累计 23 只)
2026-05-21 10:05:57.595 | INFO | CtaStrategy | thr_603601初始化完成
2026-05-21 10:05:57.595 | INFO | CtaStrategy | thr_002428开始执行初始化
2026-05-21 10:05:57.596 | INFO | CtaStrategy | [thr_002428]  策略初始化: 002428.SZSE
2026-05-21 10:05:57.596 | INFO | CtaStrategy | [thr_002428]    规则: buy_zone=86.0 buy_strong=82.3 trend_break=75.0 take_profit=0.0 auto=False
2026-05-21 10:05:57.597 | INFO | MainEngine | 订阅行情 -> AKSHARE：SubscribeRequest(symbol='002428', exchange=<Exchange.SZSE: 'SZSE'>)
2026-05-21 10:05:57.598 | INFO | AKSHARE | 订阅 002428.SZSE (累计 23 只)
2026-05-21 10:05:57.599 | INFO | CtaStrategy | thr_002428初始化完成
2026-05-21 10:05:57.600 | INFO | CtaStrategy | thr_600130开始执行初始化
2026-05-21 10:05:57.600 | INFO | CtaStrategy | [thr_600130]  策略初始化: 600130.SSE
2026-05-21 10:05:57.601 | INFO | CtaStrategy | [thr_600130]    规则: buy_zone=5.8 buy_strong=5.5 trend_break=5.0 take_profit=0.0 auto=False
2026-05-21 10:05:57.601 | INFO | MainEngine | 订阅行情 -> AKSHARE：SubscribeRequest(symbol='600130', exchange=<Exchange.SSE: 'SSE'>)
2026-05-21 10:05:57.603 | INFO | AKSHARE | 订阅 600130.SSE (累计 23 只)
2026-05-21 10:05:57.604 | INFO | CtaStrategy | thr_600130初始化完成
2026-05-21 10:05:57.605 | INFO | CtaStrategy | thr_603178开始执行初始化
2026-05-21 10:05:57.605 | INFO | CtaStrategy | [thr_603178]  策略初始化: 603178.SSE
2026-05-21 10:05:57.607 | INFO | CtaStrategy | [thr_603178]    规则: buy_zone=21.0 buy_strong=20.0 trend_break=18.5 take_profit=0.0 auto=False
2026-05-21 10:05:57.608 | INFO | MainEngine | 订阅行情 -> AKSHARE：SubscribeRequest(symbol='603178', exchange=<Exchange.SSE: 'SSE'>)
2026-05-21 10:05:57.609 | INFO | AKSHARE | 订阅 603178.SSE (累计 23 只)
2026-05-21 10:05:57.611 | INFO | CtaStrategy | thr_603178初始化完成
2026-05-21 10:05:57.612 | INFO | CtaStrategy | thr_603986开始执行初始化
2026-05-21 10:05:57.612 | INFO | CtaStrategy | [thr_603986]  策略初始化: 603986.SSE
2026-05-21 10:05:57.613 | INFO | CtaStrategy | [thr_603986]    规则: buy_zone=400.0 buy_strong=375.0 trend_break=340.0 take_profit=0.0 auto=False
2026-05-21 10:05:57.613 | INFO | MainEngine | 订阅行情 -> AKSHARE：SubscribeRequest(symbol='603986', exchange=<Exchange.SSE: 'SSE'>)
2026-05-21 10:05:57.615 | INFO | AKSHARE | 订阅 603986.SSE (累计 23 只)
2026-05-21 10:05:57.616 | INFO | CtaStrategy | thr_603986初始化完成
2026-05-21 10:05:57.617 | INFO | CtaStrategy | thr_301120开始执行初始化
2026-05-21 10:05:57.617 | INFO | CtaStrategy | [thr_301120]  策略初始化: 301120.SZSE
2026-05-21 10:05:57.619 | INFO | CtaStrategy | [thr_301120]    规则: buy_zone=22.0 buy_strong=19.0 trend_break=17.0 take_profit=0.0 auto=False
2026-05-21 10:05:57.619 | INFO | MainEngine | 订阅行情 -> AKSHARE：SubscribeRequest(symbol='301120', exchange=<Exchange.SZSE: 'SZSE'>)
2026-05-21 10:05:57.621 | INFO | AKSHARE | 订阅 301120.SZSE (累计 23 只)
2026-05-21 10:05:57.622 | INFO | CtaStrategy | thr_301120初始化完成
2026-05-21 10:05:57.623 | INFO | CtaStrategy | thr_301179开始执行初始化
2026-05-21 10:05:57.623 | INFO | CtaStrategy | [thr_301179]  策略初始化: 301179.SZSE
2026-05-21 10:05:57.624 | INFO | CtaStrategy | [thr_301179]    规则: buy_zone=25.0 buy_strong=22.0 trend_break=19.0 take_profit=0.0 auto=False
2026-05-21 10:05:57.624 | INFO | MainEngine | 订阅行情 -> AKSHARE：SubscribeRequest(symbol='301179', exchange=<Exchange.SZSE: 'SZSE'>)
2026-05-21 10:05:57.624 | INFO | AKSHARE | 订阅 301179.SZSE (累计 23 只)
2026-05-21 10:05:57.627 | INFO | CtaStrategy | thr_301179初始化完成
2026-05-21 10:05:57.629 | INFO | CtaStrategy | thr_600021开始执行初始化
2026-05-21 10:05:57.629 | INFO | CtaStrategy | [thr_600021]  策略初始化: 600021.SSE
2026-05-21 10:05:57.631 | INFO | CtaStrategy | [thr_600021]    规则: buy_zone=17.5 buy_strong=16.5 trend_break=15.5 take_profit=0.0 auto=False
2026-05-21 10:05:57.632 | INFO | MainEngine | 订阅行情 -> AKSHARE：SubscribeRequest(symbol='600021', exchange=<Exchange.SSE: 'SSE'>)
2026-05-21 10:05:57.633 | INFO | AKSHARE | 订阅 600021.SSE (累计 23 只)
2026-05-21 10:05:57.634 | INFO | CtaStrategy | thr_600021初始化完成
2026-05-21 10:05:57.635 | INFO | CtaStrategy | thr_000600开始执行初始化
2026-05-21 10:05:57.635 | INFO | CtaStrategy | [thr_000600]  策略初始化: 000600.SZSE
2026-05-21 10:05:57.638 | INFO | CtaStrategy | [thr_000600]    规则: buy_zone=9.8 buy_strong=9.2 trend_break=8.8 take_profit=0.0 auto=False
2026-05-21 10:05:57.638 | INFO | MainEngine | 订阅行情 -> AKSHARE：SubscribeRequest(symbol='000600', exchange=<Exchange.SZSE: 'SZSE'>)
2026-05-21 10:05:57.639 | INFO | AKSHARE | 订阅 000600.SZSE (累计 23 只)
2026-05-21 10:05:57.641 | INFO | CtaStrategy | thr_000600初始化完成
2026-05-21 10:05:57.641 | INFO | CtaStrategy | thr_002067开始执行初始化
2026-05-21 10:05:57.642 | INFO | CtaStrategy | [thr_002067]  策略初始化: 002067.SZSE
2026-05-21 10:05:57.642 | INFO | CtaStrategy | [thr_002067]    规则: buy_zone=4.95 buy_strong=4.7 trend_break=4.5 take_profit=0.0 auto=False
2026-05-21 10:05:57.643 | INFO | MainEngine | 订阅行情 -> AKSHARE：SubscribeRequest(symbol='002067', exchange=<Exchange.SZSE: 'SZSE'>)
2026-05-21 10:05:57.644 | INFO | AKSHARE | 订阅 002067.SZSE (累计 23 只)
2026-05-21 10:05:57.645 | INFO | CtaStrategy | thr_002067初始化完成
2026-05-21 10:05:57.645 | INFO | CtaStrategy | thr_000899开始执行初始化
2026-05-21 10:05:57.646 | INFO | CtaStrategy | [thr_000899]  策略初始化: 000899.SZSE
2026-05-21 10:05:57.646 | INFO | CtaStrategy | [thr_000899]    规则: buy_zone=13.0 buy_strong=12.2 trend_break=11.5 take_profit=0.0 auto=False
2026-05-21 10:05:57.647 | INFO | MainEngine | 订阅行情 -> AKSHARE：SubscribeRequest(symbol='000899', exchange=<Exchange.SZSE: 'SZSE'>)
2026-05-21 10:05:57.649 | INFO | AKSHARE | 订阅 000899.SZSE (累计 23 只)
2026-05-21 10:05:57.650 | INFO | CtaStrategy | thr_000899初始化完成
2026-05-21 10:05:57.651 | INFO | CtaStrategy | thr_001896开始执行初始化
2026-05-21 10:05:57.651 | INFO | CtaStrategy | [thr_001896]  策略初始化: 001896.SZSE
2026-05-21 10:05:57.652 | INFO | CtaStrategy | [thr_001896]    规则: buy_zone=14.5 buy_strong=13.5 trend_break=12.8 take_profit=0.0 auto=False
2026-05-21 10:05:57.652 | INFO | MainEngine | 订阅行情 -> AKSHARE：SubscribeRequest(symbol='001896', exchange=<Exchange.SZSE: 'SZSE'>)
2026-05-21 10:05:57.654 | INFO | AKSHARE | 订阅 001896.SZSE (累计 23 只)
2026-05-21 10:05:57.655 | INFO | CtaStrategy | thr_001896初始化完成
2026-05-21 10:05:57.656 | INFO | CtaStrategy | thr_600310开始执行初始化
2026-05-21 10:05:57.656 | INFO | CtaStrategy | [thr_600310]  策略初始化: 600310.SSE
2026-05-21 10:05:57.657 | INFO | CtaStrategy | [thr_600310]    规则: buy_zone=4.95 buy_strong=4.7 trend_break=4.5 take_profit=0.0 auto=False
2026-05-21 10:05:57.657 | INFO | MainEngine | 订阅行情 -> AKSHARE：SubscribeRequest(symbol='600310', exchange=<Exchange.SSE: 'SSE'>)
2026-05-21 10:05:57.659 | INFO | AKSHARE | 订阅 600310.SSE (累计 23 只)
2026-05-21 10:05:57.660 | INFO | CtaStrategy | thr_600310初始化完成
2026-05-21 10:05:57.660 | INFO | CtaStrategy | thr_601222开始执行初始化
2026-05-21 10:05:57.662 | INFO | CtaStrategy | [thr_601222]  策略初始化: 601222.SSE
2026-05-21 10:05:57.663 | INFO | CtaStrategy | [thr_601222]    规则: buy_zone=6.4 buy_strong=6.0 trend_break=5.7 take_profit=0.0 auto=False
2026-05-21 10:05:57.663 | INFO | MainEngine | 订阅行情 -> AKSHARE：SubscribeRequest(symbol='601222', exchange=<Exchange.SSE: 'SSE'>)
2026-05-21 10:05:57.665 | INFO | AKSHARE | 订阅 601222.SSE (累计 23 只)
2026-05-21 10:05:57.665 | INFO | CtaStrategy | thr_601222初始化完成
2026-05-21 10:05:57.667 | INFO | CtaStrategy | thr_600863开始执行初始化
2026-05-21 10:05:57.667 | INFO | CtaStrategy | [thr_600863]  策略初始化: 600863.SSE
2026-05-21 10:05:57.667 | INFO | CtaStrategy | [thr_600863]    规则: buy_zone=5.2 buy_strong=4.9 trend_break=4.7 take_profit=0.0 auto=False
2026-05-21 10:05:57.668 | INFO | MainEngine | 订阅行情 -> AKSHARE：SubscribeRequest(symbol='600863', exchange=<Exchange.SSE: 'SSE'>)
2026-05-21 10:05:57.669 | INFO | AKSHARE | 订阅 600863.SSE (累计 23 只)
2026-05-21 10:05:57.671 | INFO | CtaStrategy | thr_600863初始化完成
2026-05-21 10:05:57.671 | INFO | CtaStrategy | thr_605006开始执行初始化
2026-05-21 10:05:57.672 | INFO | CtaStrategy | [thr_605006]  策略初始化: 605006.SSE
2026-05-21 10:05:57.673 | INFO | CtaStrategy | [thr_605006]    规则: buy_zone=14.0 buy_strong=13.0 trend_break=12.2 take_profit=0.0 auto=False
2026-05-21 10:05:57.674 | INFO | MainEngine | 订阅行情 -> AKSHARE：SubscribeRequest(symbol='605006', exchange=<Exchange.SSE: 'SSE'>)
2026-05-21 10:05:57.675 | INFO | AKSHARE | 订阅 605006.SSE (累计 23 只)
2026-05-21 10:05:57.676 | INFO | CtaStrategy | thr_605006初始化完成
2026-05-21 10:05:57.676 | INFO | CtaStrategy | thr_603757开始执行初始化
2026-05-21 10:05:57.678 | INFO | CtaStrategy | [thr_603757]  策略初始化: 603757.SSE
2026-05-21 10:05:57.679 | INFO | CtaStrategy | [thr_603757]    规则: buy_zone=62.0 buy_strong=58.0 trend_break=55.0 take_profit=0.0 auto=False
2026-05-21 10:05:57.679 | INFO | MainEngine | 订阅行情 -> AKSHARE：SubscribeRequest(symbol='603757', exchange=<Exchange.SSE: 'SSE'>)
2026-05-21 10:05:57.681 | INFO | AKSHARE | 订阅 603757.SSE (累计 23 只)
2026-05-21 10:05:57.682 | INFO | CtaStrategy | thr_603757初始化完成
2026-05-21 10:05:57.682 | INFO | CtaStrategy | thr_002156开始执行初始化
2026-05-21 10:05:57.683 | INFO | CtaStrategy | [thr_002156]  策略初始化: 002156.SZSE
2026-05-21 10:05:57.684 | INFO | CtaStrategy | [thr_002156]    规则: buy_zone=60.0 buy_strong=56.0 trend_break=53.0 take_profit=0.0 auto=False
2026-05-21 10:05:57.684 | INFO | MainEngine | 订阅行情 -> AKSHARE：SubscribeRequest(symbol='002156', exchange=<Exchange.SZSE: 'SZSE'>)
2026-05-21 10:05:57.685 | INFO | AKSHARE | 订阅 002156.SZSE (累计 23 只)
2026-05-21 10:05:57.686 | INFO | CtaStrategy | thr_002156初始化完成
2026-05-21 10:05:57.687 | INFO | CtaStrategy | thr_002709开始执行初始化
2026-05-21 10:05:57.687 | INFO | CtaStrategy | [thr_002709]  策略初始化: 002709.SZSE
2026-05-21 10:05:57.687 | INFO | CtaStrategy | [thr_002709]    规则: buy_zone=56.0 buy_strong=53.0 trend_break=50.0 take_profit=0.0 auto=False
2026-05-21 10:05:57.689 | INFO | MainEngine | 订阅行情 -> AKSHARE：SubscribeRequest(symbol='002709', exchange=<Exchange.SZSE: 'SZSE'>)
2026-05-21 10:05:57.690 | INFO | AKSHARE | 订阅 002709.SZSE (累计 23 只)
2026-05-21 10:05:57.691 | INFO | CtaStrategy | thr_002709初始化完成
2026-05-21 10:05:57.692 | INFO | CtaStrategy | thr_002149开始执行初始化
2026-05-21 10:05:57.692 | INFO | CtaStrategy | [thr_002149]  策略初始化: 002149.SZSE
2026-05-21 10:05:57.693 | INFO | CtaStrategy | [thr_002149]    规则: buy_zone=67.0 buy_strong=64.0 trend_break=60.0 take_profit=0.0 auto=False
2026-05-21 10:05:57.694 | INFO | MainEngine | 订阅行情 -> AKSHARE：SubscribeRequest(symbol='002149', exchange=<Exchange.SZSE: 'SZSE'>)
2026-05-21 10:05:57.695 | INFO | AKSHARE | 订阅 002149.SZSE (累计 23 只)
2026-05-21 10:05:57.695 | INFO | CtaStrategy | thr_002149初始化完成
2026-05-21 10:05:59.576 | INFO | CtaStrategy | [thr_600330]  策略启动: 600330.SSE
2026-05-21 10:05:59.576 | INFO | CtaStrategy | [thr_002256]  策略启动: 002256.SZSE
2026-05-21 10:05:59.578 | INFO | CtaStrategy | [thr_002453]  策略启动: 002453.SZSE
2026-05-21 10:05:59.579 | INFO | CtaStrategy | [thr_603601]  策略启动: 603601.SSE
2026-05-21 10:05:59.579 | INFO | CtaStrategy | [thr_002428]  策略启动: 002428.SZSE
2026-05-21 10:05:59.579 | INFO | CtaStrategy | [thr_600130]  策略启动: 600130.SSE
2026-05-21 10:05:59.580 | INFO | CtaStrategy | [thr_603178]  策略启动: 603178.SSE
2026-05-21 10:05:59.581 | INFO | CtaStrategy | [thr_603986]  策略启动: 603986.SSE
2026-05-21 10:05:59.581 | INFO | CtaStrategy | [thr_301120]  策略启动: 301120.SZSE
2026-05-21 10:05:59.582 | INFO | CtaStrategy | [thr_301179]  策略启动: 301179.SZSE
2026-05-21 10:05:59.583 | INFO | CtaStrategy | [thr_600021]  策略启动: 600021.SSE
2026-05-21 10:05:59.583 | INFO | CtaStrategy | [thr_000600]  策略启动: 000600.SZSE
2026-05-21 10:05:59.584 | INFO | CtaStrategy | [thr_002067]  策略启动: 002067.SZSE
2026-05-21 10:05:59.585 | INFO | CtaStrategy | [thr_000899]  策略启动: 000899.SZSE
2026-05-21 10:05:59.585 | INFO | CtaStrategy | [thr_001896]  策略启动: 001896.SZSE
2026-05-21 10:05:59.585 | INFO | CtaStrategy | [thr_600310]  策略启动: 600310.SSE
2026-05-21 10:05:59.585 | INFO | CtaStrategy | [thr_601222]  策略启动: 601222.SSE
2026-05-21 10:05:59.587 | INFO | CtaStrategy | [thr_600863]  策略启动: 600863.SSE
2026-05-21 10:05:59.587 | INFO | CtaStrategy | [thr_605006]  策略启动: 605006.SSE
2026-05-21 10:05:59.588 | INFO | CtaStrategy | [thr_603757]  策略启动: 603757.SSE
2026-05-21 10:05:59.588 | INFO | CtaStrategy | [thr_002156]  策略启动: 002156.SZSE
2026-05-21 10:05:59.588 | INFO | CtaStrategy | [thr_002709]  策略启动: 002709.SZSE
2026-05-21 10:05:59.589 | INFO | CtaStrategy | [thr_002149]  策略启动: 002149.SZSE
  📡 获取实时行情（新浪）...
  📡 获取实时行情（新浪）...
  📡 获取实时行情（新浪）...
  📡 获取实时行情（新浪）...
  📡 获取实时行情（新浪）...
  📡 获取实时行情（新浪）...
  📡 获取实时行情（新浪）...
  📡 获取实时行情（新浪）...
  📡 获取实时行情（新浪）...
  📡 获取实时行情（新浪）...
  📡 获取实时行情（新浪）...
  📡 获取实时行情（新浪）...
2026-05-21 10:06:59.586 | INFO | CtaStrategy | [thr_600330]  策略停止: 600330.SSE
2026-05-21 10:06:59.587 | INFO | CtaStrategy | [thr_002256]  策略停止: 002256.SZSE
2026-05-21 10:06:59.587 | INFO | CtaStrategy | [thr_002453]  策略停止: 002453.SZSE
2026-05-21 10:06:59.590 | INFO | CtaStrategy | [thr_603601]  策略停止: 603601.SSE
2026-05-21 10:06:59.590 | INFO | CtaStrategy | [thr_002428]  策略停止: 002428.SZSE
2026-05-21 10:06:59.592 | INFO | CtaStrategy | [thr_600130]  策略停止: 600130.SSE
2026-05-21 10:06:59.593 | INFO | CtaStrategy | [thr_603178]  策略停止: 603178.SSE
2026-05-21 10:06:59.593 | INFO | CtaStrategy | [thr_603986]  策略停止: 603986.SSE
2026-05-21 10:06:59.594 | INFO | CtaStrategy | [thr_301120]  策略停止: 301120.SZSE
2026-05-21 10:06:59.595 | INFO | CtaStrategy | [thr_301179]  策略停止: 301179.SZSE
2026-05-21 10:06:59.596 | INFO | CtaStrategy | [thr_600021]  策略停止: 600021.SSE
2026-05-21 10:06:59.596 | INFO | CtaStrategy | [thr_000600]  策略停止: 000600.SZSE
2026-05-21 10:06:59.598 | INFO | CtaStrategy | [thr_002067]  策略停止: 002067.SZSE
2026-05-21 10:06:59.598 | INFO | CtaStrategy | [thr_000899]  策略停止: 000899.SZSE
2026-05-21 10:06:59.599 | INFO | CtaStrategy | [thr_001896]  策略停止: 001896.SZSE
2026-05-21 10:06:59.600 | INFO | CtaStrategy | [thr_600310]  策略停止: 600310.SSE
2026-05-21 10:06:59.601 | INFO | CtaStrategy | [thr_601222]  策略停止: 601222.SSE
2026-05-21 10:06:59.602 | INFO | CtaStrategy | [thr_600863]  策略停止: 600863.SSE
2026-05-21 10:06:59.603 | INFO | CtaStrategy | [thr_605006]  策略停止: 605006.SSE
2026-05-21 10:06:59.605 | INFO | CtaStrategy | [thr_603757]  策略停止: 603757.SSE
2026-05-21 10:06:59.605 | INFO | CtaStrategy | [thr_002156]  策略停止: 002156.SZSE
2026-05-21 10:06:59.606 | INFO | CtaStrategy | [thr_002709]  策略停止: 002709.SZSE
2026-05-21 10:06:59.607 | INFO | CtaStrategy | [thr_002149]  策略停止: 002149.SZSE
