没有配置要使用的数据服务，请修改全局配置中的datafeed相关内容
2026-05-21 14:08:18.753 | INFO | MainEngine | 连接登录 -> AKSHARE
2026-05-21 14:08:18.756 | INFO | AKSHARE | akshare gateway 启动（行情 only），轮询 5.0s
2026-05-21 14:08:20.756 | INFO | MainEngine | 订阅行情 -> AKSHARE：SubscribeRequest(symbol='600330', exchange=<Exchange.SSE: 'SSE'>)
2026-05-21 14:08:20.758 | INFO | AKSHARE | 订阅 600330.SSE (累计 1 只)
2026-05-21 14:08:20.760 | INFO | MainEngine | 订阅行情 -> AKSHARE：SubscribeRequest(symbol='002453', exchange=<Exchange.SZSE: 'SZSE'>)
2026-05-21 14:08:20.760 | INFO | AKSHARE | 订阅 002453.SZSE (累计 2 只)
2026-05-21 14:08:20.763 | INFO | MainEngine | 订阅行情 -> AKSHARE：SubscribeRequest(symbol='603601', exchange=<Exchange.SSE: 'SSE'>)
2026-05-21 14:08:20.764 | INFO | AKSHARE | 订阅 603601.SSE (累计 3 只)
2026-05-21 14:08:20.765 | INFO | MainEngine | 订阅行情 -> AKSHARE：SubscribeRequest(symbol='002428', exchange=<Exchange.SZSE: 'SZSE'>)
2026-05-21 14:08:20.766 | INFO | AKSHARE | 订阅 002428.SZSE (累计 4 只)
2026-05-21 14:08:20.768 | INFO | MainEngine | 订阅行情 -> AKSHARE：SubscribeRequest(symbol='600130', exchange=<Exchange.SSE: 'SSE'>)
2026-05-21 14:08:20.768 | INFO | AKSHARE | 订阅 600130.SSE (累计 5 只)
2026-05-21 14:08:20.770 | INFO | MainEngine | 订阅行情 -> AKSHARE：SubscribeRequest(symbol='603178', exchange=<Exchange.SSE: 'SSE'>)
2026-05-21 14:08:20.771 | INFO | AKSHARE | 订阅 603178.SSE (累计 6 只)
2026-05-21 14:08:20.772 | INFO | MainEngine | 订阅行情 -> AKSHARE：SubscribeRequest(symbol='603986', exchange=<Exchange.SSE: 'SSE'>)
2026-05-21 14:08:20.773 | INFO | AKSHARE | 订阅 603986.SSE (累计 7 只)
2026-05-21 14:08:20.774 | INFO | MainEngine | 订阅行情 -> AKSHARE：SubscribeRequest(symbol='301120', exchange=<Exchange.SZSE: 'SZSE'>)
2026-05-21 14:08:20.775 | INFO | AKSHARE | 订阅 301120.SZSE (累计 8 只)
2026-05-21 14:08:20.776 | INFO | MainEngine | 订阅行情 -> AKSHARE：SubscribeRequest(symbol='301179', exchange=<Exchange.SZSE: 'SZSE'>)
2026-05-21 14:08:20.777 | INFO | AKSHARE | 订阅 301179.SZSE (累计 9 只)
2026-05-21 14:08:20.778 | INFO | MainEngine | 订阅行情 -> AKSHARE：SubscribeRequest(symbol='600021', exchange=<Exchange.SSE: 'SSE'>)
2026-05-21 14:08:20.780 | INFO | AKSHARE | 订阅 600021.SSE (累计 10 只)
2026-05-21 14:08:20.781 | INFO | MainEngine | 订阅行情 -> AKSHARE：SubscribeRequest(symbol='000600', exchange=<Exchange.SZSE: 'SZSE'>)
2026-05-21 14:08:20.783 | INFO | AKSHARE | 订阅 000600.SZSE (累计 11 只)
2026-05-21 14:08:20.784 | INFO | MainEngine | 订阅行情 -> AKSHARE：SubscribeRequest(symbol='002067', exchange=<Exchange.SZSE: 'SZSE'>)
2026-05-21 14:08:20.785 | INFO | AKSHARE | 订阅 002067.SZSE (累计 12 只)
2026-05-21 14:08:20.786 | INFO | MainEngine | 订阅行情 -> AKSHARE：SubscribeRequest(symbol='000899', exchange=<Exchange.SZSE: 'SZSE'>)
2026-05-21 14:08:20.787 | INFO | AKSHARE | 订阅 000899.SZSE (累计 13 只)
2026-05-21 14:08:20.789 | INFO | MainEngine | 订阅行情 -> AKSHARE：SubscribeRequest(symbol='001896', exchange=<Exchange.SZSE: 'SZSE'>)
2026-05-21 14:08:20.790 | INFO | AKSHARE | 订阅 001896.SZSE (累计 14 只)
2026-05-21 14:08:20.791 | INFO | MainEngine | 订阅行情 -> AKSHARE：SubscribeRequest(symbol='600310', exchange=<Exchange.SSE: 'SSE'>)
2026-05-21 14:08:20.792 | INFO | AKSHARE | 订阅 600310.SSE (累计 15 只)
2026-05-21 14:08:20.793 | INFO | MainEngine | 订阅行情 -> AKSHARE：SubscribeRequest(symbol='601222', exchange=<Exchange.SSE: 'SSE'>)
2026-05-21 14:08:20.793 | INFO | AKSHARE | 订阅 601222.SSE (累计 16 只)
2026-05-21 14:08:20.795 | INFO | MainEngine | 订阅行情 -> AKSHARE：SubscribeRequest(symbol='600863', exchange=<Exchange.SSE: 'SSE'>)
2026-05-21 14:08:20.796 | INFO | AKSHARE | 订阅 600863.SSE (累计 17 只)
2026-05-21 14:08:20.797 | INFO | MainEngine | 订阅行情 -> AKSHARE：SubscribeRequest(symbol='605006', exchange=<Exchange.SSE: 'SSE'>)
2026-05-21 14:08:20.800 | INFO | AKSHARE | 订阅 605006.SSE (累计 18 只)
2026-05-21 14:08:20.800 | INFO | MainEngine | 订阅行情 -> AKSHARE：SubscribeRequest(symbol='603757', exchange=<Exchange.SSE: 'SSE'>)
2026-05-21 14:08:20.802 | INFO | AKSHARE | 订阅 603757.SSE (累计 19 只)
2026-05-21 14:08:20.802 | INFO | MainEngine | 订阅行情 -> AKSHARE：SubscribeRequest(symbol='002156', exchange=<Exchange.SZSE: 'SZSE'>)
2026-05-21 14:08:20.804 | INFO | AKSHARE | 订阅 002156.SZSE (累计 20 只)
2026-05-21 14:08:20.804 | INFO | MainEngine | 订阅行情 -> AKSHARE：SubscribeRequest(symbol='002709', exchange=<Exchange.SZSE: 'SZSE'>)
2026-05-21 14:08:20.806 | INFO | AKSHARE | 订阅 002709.SZSE (累计 21 只)
2026-05-21 14:08:20.808 | INFO | MainEngine | 订阅行情 -> AKSHARE：SubscribeRequest(symbol='002149', exchange=<Exchange.SZSE: 'SZSE'>)
2026-05-21 14:08:20.809 | INFO | AKSHARE | 订阅 002149.SZSE (累计 22 只)
2026-05-21 14:08:20.810 | INFO | CtaStrategy | 创建策略失败，找不到策略类ThresholdAlertStrategy
2026-05-21 14:08:20.810 | INFO | CtaStrategy | 创建策略失败，找不到策略类ThresholdAlertStrategy
2026-05-21 14:08:20.811 | INFO | CtaStrategy | 创建策略失败，找不到策略类ThresholdAlertStrategy
2026-05-21 14:08:20.811 | INFO | CtaStrategy | 创建策略失败，找不到策略类ThresholdAlertStrategy
2026-05-21 14:08:20.812 | INFO | CtaStrategy | 创建策略失败，找不到策略类ThresholdAlertStrategy
2026-05-21 14:08:20.812 | INFO | CtaStrategy | 创建策略失败，找不到策略类ThresholdAlertStrategy
2026-05-21 14:08:20.813 | INFO | CtaStrategy | 创建策略失败，找不到策略类ThresholdAlertStrategy
2026-05-21 14:08:20.815 | INFO | CtaStrategy | 创建策略失败，找不到策略类ThresholdAlertStrategy
2026-05-21 14:08:20.815 | INFO | CtaStrategy | 创建策略失败，找不到策略类ThresholdAlertStrategy
2026-05-21 14:08:20.815 | INFO | CtaStrategy | 创建策略失败，找不到策略类ThresholdAlertStrategy
2026-05-21 14:08:20.817 | INFO | CtaStrategy | 创建策略失败，找不到策略类FusionStrategy
2026-05-21 14:08:20.817 | INFO | CtaStrategy | 创建策略失败，找不到策略类FusionStrategy
2026-05-21 14:08:20.817 | INFO | CtaStrategy | 创建策略失败，找不到策略类FusionStrategy
2026-05-21 14:08:20.818 | INFO | CtaStrategy | 创建策略失败，找不到策略类FusionStrategy
2026-05-21 14:08:20.818 | INFO | CtaStrategy | 创建策略失败，找不到策略类FusionStrategy
2026-05-21 14:08:20.819 | INFO | CtaStrategy | 创建策略失败，找不到策略类ThresholdAlertStrategy
2026-05-21 14:08:20.819 | INFO | CtaStrategy | 创建策略失败，找不到策略类ThresholdAlertStrategy
2026-05-21 14:08:20.820 | INFO | CtaStrategy | 创建策略失败，找不到策略类ThresholdAlertStrategy
2026-05-21 14:08:20.821 | INFO | CtaStrategy | 创建策略失败，找不到策略类ThresholdAlertStrategy
2026-05-21 14:08:20.821 | INFO | CtaStrategy | 创建策略失败，找不到策略类ThresholdAlertStrategy
2026-05-21 14:08:20.822 | INFO | CtaStrategy | 创建策略失败，找不到策略类ThresholdAlertStrategy
2026-05-21 14:08:20.823 | INFO | CtaStrategy | 创建策略失败，找不到策略类ThresholdAlertStrategy
2026-05-21 14:08:20.823 | INFO | CtaStrategy | 创建策略失败，找不到策略类ThresholdAlertStrategy
2026-05-21 14:08:20.824 | INFO | CtaStrategy | 创建策略失败，找不到策略类ThresholdAlertStrategy
2026-05-21 14:08:20.825 | INFO | CtaStrategy | 创建策略失败，找不到策略类ThresholdAlertStrategy
2026-05-21 14:08:20.826 | INFO | CtaStrategy | 创建策略失败，找不到策略类ThresholdAlertStrategy
2026-05-21 14:08:20.826 | INFO | CtaStrategy | 创建策略失败，找不到策略类ThresholdAlertStrategy
2026-05-21 14:08:20.826 | INFO | CtaStrategy | 创建策略失败，找不到策略类ThresholdAlertStrategy
2026-05-21 14:08:20.827 | INFO | CtaStrategy | 创建策略失败，找不到策略类ThresholdAlertStrategy
2026-05-21 14:08:20.828 | INFO | CtaStrategy | 创建策略失败，找不到策略类ThresholdAlertStrategy
2026-05-21 14:08:20.828 | INFO | CtaStrategy | 创建策略失败，找不到策略类ThresholdAlertStrategy
2026-05-21 14:08:20.829 | INFO | CtaStrategy | 创建策略失败，找不到策略类ThresholdAlertStrategy
2026-05-21 14:08:20.829 | INFO | CtaStrategy | 创建策略失败，找不到策略类ThresholdAlertStrategy
2026-05-21 14:08:20.830 | INFO | CtaStrategy | 创建策略失败，找不到策略类ThresholdAlertStrategy
2026-05-21 14:08:20.830 | INFO | CtaStrategy | 创建策略失败，找不到策略类ThresholdAlertStrategy
2026-05-21 14:08:20.831 | INFO | CtaStrategy | 创建策略失败，找不到策略类ThresholdAlertStrategy
2026-05-21 14:08:20.833 | INFO | CtaStrategy | 创建策略失败，找不到策略类ThresholdAlertStrategy
2026-05-21 14:08:20.833 | INFO | CtaStrategy | 创建策略失败，找不到策略类ThresholdAlertStrategy
2026-05-21 14:08:20.835 | INFO | CtaStrategy | CTA策略引擎初始化成功
  📡 获取实时行情（新浪）...
  📡 获取实时行情（新浪）...
  📡 获取实时行情（新浪）...
  📡 获取实时行情（新浪）...
  📡 获取实时行情（新浪）...
2026-05-21 14:08:47.585 | INFO | CtaStrategy | thr_600330开始执行初始化
2026-05-21 14:08:47.585 | INFO | CtaStrategy | [thr_600330]  策略初始化: 600330.SSE
2026-05-21 14:08:47.587 | INFO | CtaStrategy | [thr_600330]    规则: buy_zone=0.0 buy_strong=0.0 trend_break=28.05 take_profit=34.6 auto=True
2026-05-21 14:08:47.587 | INFO | MainEngine | 订阅行情 -> AKSHARE：SubscribeRequest(symbol='600330', exchange=<Exchange.SSE: 'SSE'>)
2026-05-21 14:08:47.588 | INFO | AKSHARE | 订阅 600330.SSE (累计 22 只)
2026-05-21 14:08:47.588 | INFO | CtaStrategy | thr_600330初始化完成
2026-05-21 14:08:47.590 | INFO | CtaStrategy | thr_002453开始执行初始化
2026-05-21 14:08:47.590 | INFO | CtaStrategy | [thr_002453]  策略初始化: 002453.SZSE
2026-05-21 14:08:47.592 | INFO | CtaStrategy | [thr_002453]    规则: buy_zone=0.0 buy_strong=0.0 trend_break=5.65 take_profit=6.67 auto=True
2026-05-21 14:08:47.592 | INFO | MainEngine | 订阅行情 -> AKSHARE：SubscribeRequest(symbol='002453', exchange=<Exchange.SZSE: 'SZSE'>)
2026-05-21 14:08:47.593 | INFO | AKSHARE | 订阅 002453.SZSE (累计 22 只)
2026-05-21 14:08:47.594 | INFO | CtaStrategy | thr_002453初始化完成
2026-05-21 14:08:47.595 | INFO | CtaStrategy | thr_603601开始执行初始化
2026-05-21 14:08:47.595 | INFO | CtaStrategy | [thr_603601]  策略初始化: 603601.SSE
2026-05-21 14:08:47.595 | INFO | CtaStrategy | [thr_603601]    规则: buy_zone=0.0 buy_strong=0.0 trend_break=16.37 take_profit=20.34 auto=True
2026-05-21 14:08:47.596 | INFO | MainEngine | 订阅行情 -> AKSHARE：SubscribeRequest(symbol='603601', exchange=<Exchange.SSE: 'SSE'>)
2026-05-21 14:08:47.597 | INFO | AKSHARE | 订阅 603601.SSE (累计 22 只)
2026-05-21 14:08:47.598 | INFO | CtaStrategy | thr_603601初始化完成
2026-05-21 14:08:47.598 | INFO | CtaStrategy | thr_002428开始执行初始化
2026-05-21 14:08:47.600 | INFO | CtaStrategy | [thr_002428]  策略初始化: 002428.SZSE
2026-05-21 14:08:47.600 | INFO | CtaStrategy | [thr_002428]    规则: buy_zone=78.97 buy_strong=72.26 trend_break=65.54 take_profit=0.0 auto=True
2026-05-21 14:08:47.600 | INFO | MainEngine | 订阅行情 -> AKSHARE：SubscribeRequest(symbol='002428', exchange=<Exchange.SZSE: 'SZSE'>)
2026-05-21 14:08:47.602 | INFO | AKSHARE | 订阅 002428.SZSE (累计 22 只)
2026-05-21 14:08:47.603 | INFO | CtaStrategy | thr_002428初始化完成
2026-05-21 14:08:47.604 | INFO | CtaStrategy | thr_600130开始执行初始化
2026-05-21 14:08:47.604 | INFO | CtaStrategy | [thr_600130]  策略初始化: 600130.SSE
2026-05-21 14:08:47.605 | INFO | CtaStrategy | [thr_600130]    规则: buy_zone=5.19 buy_strong=4.62 trend_break=4.05 take_profit=0.0 auto=True
2026-05-21 14:08:47.605 | INFO | MainEngine | 订阅行情 -> AKSHARE：SubscribeRequest(symbol='600130', exchange=<Exchange.SSE: 'SSE'>)
2026-05-21 14:08:47.606 | INFO | AKSHARE | 订阅 600130.SSE (累计 22 只)
2026-05-21 14:08:47.607 | INFO | CtaStrategy | thr_600130初始化完成
2026-05-21 14:08:47.607 | INFO | CtaStrategy | thr_603178开始执行初始化
2026-05-21 14:08:47.608 | INFO | CtaStrategy | [thr_603178]  策略初始化: 603178.SSE
2026-05-21 14:08:47.609 | INFO | CtaStrategy | [thr_603178]    规则: buy_zone=19.16 buy_strong=17.5 trend_break=15.84 take_profit=0.0 auto=True
2026-05-21 14:08:47.609 | INFO | MainEngine | 订阅行情 -> AKSHARE：SubscribeRequest(symbol='603178', exchange=<Exchange.SSE: 'SSE'>)
2026-05-21 14:08:47.610 | INFO | AKSHARE | 订阅 603178.SSE (累计 22 只)
2026-05-21 14:08:47.611 | INFO | CtaStrategy | thr_603178初始化完成
2026-05-21 14:08:47.611 | INFO | CtaStrategy | thr_603986开始执行初始化
2026-05-21 14:08:47.611 | INFO | CtaStrategy | [thr_603986]  策略初始化: 603986.SSE
2026-05-21 14:08:47.612 | INFO | CtaStrategy | [thr_603986]    规则: buy_zone=329.2 buy_strong=303.97 trend_break=278.73 take_profit=0.0 auto=True
2026-05-21 14:08:47.613 | INFO | MainEngine | 订阅行情 -> AKSHARE：SubscribeRequest(symbol='603986', exchange=<Exchange.SSE: 'SSE'>)
2026-05-21 14:08:47.615 | INFO | AKSHARE | 订阅 603986.SSE (累计 22 只)
2026-05-21 14:08:47.616 | INFO | CtaStrategy | thr_603986初始化完成
2026-05-21 14:08:47.617 | INFO | CtaStrategy | thr_301120开始执行初始化
2026-05-21 14:08:47.617 | INFO | CtaStrategy | [thr_301120]  策略初始化: 301120.SZSE
2026-05-21 14:08:47.617 | INFO | CtaStrategy | [thr_301120]    规则: buy_zone=20.88 buy_strong=19.67 trend_break=18.46 take_profit=0.0 auto=True
2026-05-21 14:08:47.618 | INFO | MainEngine | 订阅行情 -> AKSHARE：SubscribeRequest(symbol='301120', exchange=<Exchange.SZSE: 'SZSE'>)
2026-05-21 14:08:47.619 | INFO | AKSHARE | 订阅 301120.SZSE (累计 22 只)
2026-05-21 14:08:47.620 | INFO | CtaStrategy | thr_301120初始化完成
2026-05-21 14:08:47.620 | INFO | CtaStrategy | thr_301179开始执行初始化
2026-05-21 14:08:47.621 | INFO | CtaStrategy | [thr_301179]  策略初始化: 301179.SZSE
2026-05-21 14:08:47.621 | INFO | CtaStrategy | [thr_301179]    规则: buy_zone=24.89 buy_strong=23.43 trend_break=21.98 take_profit=0.0 auto=True
2026-05-21 14:08:47.621 | INFO | MainEngine | 订阅行情 -> AKSHARE：SubscribeRequest(symbol='301179', exchange=<Exchange.SZSE: 'SZSE'>)
2026-05-21 14:08:47.624 | INFO | AKSHARE | 订阅 301179.SZSE (累计 22 只)
2026-05-21 14:08:47.624 | INFO | CtaStrategy | thr_301179初始化完成
2026-05-21 14:08:47.625 | INFO | CtaStrategy | thr_600021开始执行初始化
2026-05-21 14:08:47.625 | INFO | CtaStrategy | [thr_600021]  策略初始化: 600021.SSE
2026-05-21 14:08:47.626 | INFO | CtaStrategy | [thr_600021]    规则: buy_zone=17.35 buy_strong=16.64 trend_break=15.92 take_profit=0.0 auto=True
2026-05-21 14:08:47.627 | INFO | MainEngine | 订阅行情 -> AKSHARE：SubscribeRequest(symbol='600021', exchange=<Exchange.SSE: 'SSE'>)
2026-05-21 14:08:47.627 | INFO | AKSHARE | 订阅 600021.SSE (累计 22 只)
2026-05-21 14:08:47.629 | INFO | CtaStrategy | thr_600021初始化完成
2026-05-21 14:08:47.629 | INFO | CtaStrategy | thr_000600开始执行初始化
2026-05-21 14:08:47.629 | INFO | CtaStrategy | [thr_000600]  策略初始化: 000600.SZSE
2026-05-21 14:08:47.630 | INFO | CtaStrategy | [thr_000600]    规则: buy_zone=9.49 buy_strong=9.0 trend_break=8.52 take_profit=0.0 auto=True
2026-05-21 14:08:47.630 | INFO | MainEngine | 订阅行情 -> AKSHARE：SubscribeRequest(symbol='000600', exchange=<Exchange.SZSE: 'SZSE'>)
2026-05-21 14:08:47.631 | INFO | AKSHARE | 订阅 000600.SZSE (累计 22 只)
2026-05-21 14:08:47.632 | INFO | CtaStrategy | thr_000600初始化完成
2026-05-21 14:08:47.632 | INFO | CtaStrategy | thr_002067开始执行初始化
2026-05-21 14:08:47.634 | INFO | CtaStrategy | [thr_002067]  策略初始化: 002067.SZSE
2026-05-21 14:08:47.634 | INFO | CtaStrategy | [thr_002067]    规则: buy_zone=4.81 buy_strong=4.64 trend_break=4.46 take_profit=0.0 auto=True
2026-05-21 14:08:47.636 | INFO | MainEngine | 订阅行情 -> AKSHARE：SubscribeRequest(symbol='002067', exchange=<Exchange.SZSE: 'SZSE'>)
2026-05-21 14:08:47.636 | INFO | AKSHARE | 订阅 002067.SZSE (累计 22 只)
2026-05-21 14:08:47.638 | INFO | CtaStrategy | thr_002067初始化完成
2026-05-21 14:08:47.639 | INFO | CtaStrategy | thr_000899开始执行初始化
2026-05-21 14:08:47.639 | INFO | CtaStrategy | [thr_000899]  策略初始化: 000899.SZSE
2026-05-21 14:08:47.639 | INFO | CtaStrategy | [thr_000899]    规则: buy_zone=12.95 buy_strong=12.25 trend_break=11.54 take_profit=0.0 auto=True
2026-05-21 14:08:47.641 | INFO | MainEngine | 订阅行情 -> AKSHARE：SubscribeRequest(symbol='000899', exchange=<Exchange.SZSE: 'SZSE'>)
2026-05-21 14:08:47.642 | INFO | AKSHARE | 订阅 000899.SZSE (累计 22 只)
2026-05-21 14:08:47.643 | INFO | CtaStrategy | thr_000899初始化完成
2026-05-21 14:08:47.643 | INFO | CtaStrategy | thr_001896开始执行初始化
2026-05-21 14:08:47.643 | INFO | CtaStrategy | [thr_001896]  策略初始化: 001896.SZSE
2026-05-21 14:08:47.645 | INFO | CtaStrategy | [thr_001896]    规则: buy_zone=15.78 buy_strong=14.22 trend_break=12.66 take_profit=0.0 auto=True
2026-05-21 14:08:47.645 | INFO | MainEngine | 订阅行情 -> AKSHARE：SubscribeRequest(symbol='001896', exchange=<Exchange.SZSE: 'SZSE'>)
2026-05-21 14:08:47.646 | INFO | AKSHARE | 订阅 001896.SZSE (累计 22 只)
2026-05-21 14:08:47.648 | INFO | CtaStrategy | thr_001896初始化完成
2026-05-21 14:08:47.648 | INFO | CtaStrategy | thr_600310开始执行初始化
2026-05-21 14:08:47.648 | INFO | CtaStrategy | [thr_600310]  策略初始化: 600310.SSE
2026-05-21 14:08:47.649 | INFO | CtaStrategy | [thr_600310]    规则: buy_zone=4.98 buy_strong=4.62 trend_break=4.25 take_profit=0.0 auto=True
2026-05-21 14:08:47.649 | INFO | MainEngine | 订阅行情 -> AKSHARE：SubscribeRequest(symbol='600310', exchange=<Exchange.SSE: 'SSE'>)
2026-05-21 14:08:47.651 | INFO | AKSHARE | 订阅 600310.SSE (累计 22 只)
2026-05-21 14:08:47.653 | INFO | CtaStrategy | thr_600310初始化完成
2026-05-21 14:08:47.653 | INFO | CtaStrategy | thr_601222开始执行初始化
2026-05-21 14:08:47.653 | INFO | CtaStrategy | [thr_601222]  策略初始化: 601222.SSE
2026-05-21 14:08:47.654 | INFO | CtaStrategy | [thr_601222]    规则: buy_zone=6.13 buy_strong=5.89 trend_break=5.66 take_profit=0.0 auto=True
2026-05-21 14:08:47.654 | INFO | MainEngine | 订阅行情 -> AKSHARE：SubscribeRequest(symbol='601222', exchange=<Exchange.SSE: 'SSE'>)
2026-05-21 14:08:47.657 | INFO | AKSHARE | 订阅 601222.SSE (累计 22 只)
2026-05-21 14:08:47.659 | INFO | CtaStrategy | thr_601222初始化完成
2026-05-21 14:08:47.659 | INFO | CtaStrategy | thr_600863开始执行初始化
2026-05-21 14:08:47.661 | INFO | CtaStrategy | [thr_600863]  策略初始化: 600863.SSE
2026-05-21 14:08:47.661 | INFO | CtaStrategy | [thr_600863]    规则: buy_zone=4.72 buy_strong=4.5 trend_break=4.28 take_profit=0.0 auto=True
2026-05-21 14:08:47.662 | INFO | MainEngine | 订阅行情 -> AKSHARE：SubscribeRequest(symbol='600863', exchange=<Exchange.SSE: 'SSE'>)
2026-05-21 14:08:47.663 | INFO | AKSHARE | 订阅 600863.SSE (累计 22 只)
2026-05-21 14:08:47.664 | INFO | CtaStrategy | thr_600863初始化完成
2026-05-21 14:08:47.664 | INFO | CtaStrategy | thr_605006开始执行初始化
2026-05-21 14:08:47.665 | INFO | CtaStrategy | [thr_605006]  策略初始化: 605006.SSE
2026-05-21 14:08:47.665 | INFO | CtaStrategy | [thr_605006]    规则: buy_zone=12.5 buy_strong=11.18 trend_break=9.85 take_profit=0.0 auto=True
2026-05-21 14:08:47.665 | INFO | MainEngine | 订阅行情 -> AKSHARE：SubscribeRequest(symbol='605006', exchange=<Exchange.SSE: 'SSE'>)
2026-05-21 14:08:47.667 | INFO | AKSHARE | 订阅 605006.SSE (累计 22 只)
2026-05-21 14:08:47.669 | INFO | CtaStrategy | thr_605006初始化完成
2026-05-21 14:08:47.670 | INFO | CtaStrategy | thr_603757开始执行初始化
2026-05-21 14:08:47.670 | INFO | CtaStrategy | [thr_603757]  策略初始化: 603757.SSE
2026-05-21 14:08:47.671 | INFO | CtaStrategy | [thr_603757]    规则: buy_zone=54.19 buy_strong=50.06 trend_break=45.93 take_profit=0.0 auto=True
2026-05-21 14:08:47.671 | INFO | MainEngine | 订阅行情 -> AKSHARE：SubscribeRequest(symbol='603757', exchange=<Exchange.SSE: 'SSE'>)
2026-05-21 14:08:47.672 | INFO | AKSHARE | 订阅 603757.SSE (累计 22 只)
2026-05-21 14:08:47.672 | INFO | CtaStrategy | thr_603757初始化完成
2026-05-21 14:08:47.674 | INFO | CtaStrategy | thr_002156开始执行初始化
2026-05-21 14:08:47.674 | INFO | CtaStrategy | [thr_002156]  策略初始化: 002156.SZSE
2026-05-21 14:08:47.675 | INFO | CtaStrategy | [thr_002156]    规则: buy_zone=52.7 buy_strong=48.97 trend_break=45.23 take_profit=0.0 auto=True
2026-05-21 14:08:47.677 | INFO | MainEngine | 订阅行情 -> AKSHARE：SubscribeRequest(symbol='002156', exchange=<Exchange.SZSE: 'SZSE'>)
2026-05-21 14:08:47.677 | INFO | AKSHARE | 订阅 002156.SZSE (累计 22 只)
2026-05-21 14:08:47.678 | INFO | CtaStrategy | thr_002156初始化完成
2026-05-21 14:08:47.679 | INFO | CtaStrategy | thr_002709开始执行初始化
2026-05-21 14:08:47.680 | INFO | CtaStrategy | [thr_002709]  策略初始化: 002709.SZSE
2026-05-21 14:08:47.680 | INFO | CtaStrategy | [thr_002709]    规则: buy_zone=54.52 buy_strong=50.85 trend_break=47.19 take_profit=0.0 auto=True
2026-05-21 14:08:47.680 | INFO | MainEngine | 订阅行情 -> AKSHARE：SubscribeRequest(symbol='002709', exchange=<Exchange.SZSE: 'SZSE'>)
2026-05-21 14:08:47.682 | INFO | AKSHARE | 订阅 002709.SZSE (累计 22 只)
2026-05-21 14:08:47.682 | INFO | CtaStrategy | thr_002709初始化完成
2026-05-21 14:08:47.684 | INFO | CtaStrategy | thr_002149开始执行初始化
2026-05-21 14:08:47.684 | INFO | CtaStrategy | [thr_002149]  策略初始化: 002149.SZSE
2026-05-21 14:08:47.685 | INFO | CtaStrategy | [thr_002149]    规则: buy_zone=64.03 buy_strong=58.76 trend_break=53.48 take_profit=0.0 auto=True
2026-05-21 14:08:47.685 | INFO | MainEngine | 订阅行情 -> AKSHARE：SubscribeRequest(symbol='002149', exchange=<Exchange.SZSE: 'SZSE'>)
2026-05-21 14:08:47.686 | INFO | AKSHARE | 订阅 002149.SZSE (累计 22 只)
2026-05-21 14:08:47.687 | INFO | CtaStrategy | thr_002149初始化完成
  📡 获取实时行情（新浪）...
2026-05-21 14:08:49.586 | INFO | CtaStrategy | [thr_600330]  策略启动: 600330.SSE
2026-05-21 14:08:49.586 | INFO | CtaStrategy | [thr_002453]  策略启动: 002453.SZSE
2026-05-21 14:08:49.588 | INFO | CtaStrategy | [thr_603601]  策略启动: 603601.SSE
2026-05-21 14:08:49.588 | INFO | CtaStrategy | [thr_002428]  策略启动: 002428.SZSE
2026-05-21 14:08:49.589 | INFO | CtaStrategy | [thr_600130]  策略启动: 600130.SSE
2026-05-21 14:08:49.589 | INFO | CtaStrategy | [thr_603178]  策略启动: 603178.SSE
2026-05-21 14:08:49.590 | INFO | CtaStrategy | [thr_603986]  策略启动: 603986.SSE
2026-05-21 14:08:49.591 | INFO | CtaStrategy | [thr_301120]  策略启动: 301120.SZSE
2026-05-21 14:08:49.591 | INFO | CtaStrategy | [thr_301179]  策略启动: 301179.SZSE
2026-05-21 14:08:49.591 | INFO | CtaStrategy | [thr_600021]  策略启动: 600021.SSE
2026-05-21 14:08:49.591 | INFO | CtaStrategy | [thr_000600]  策略启动: 000600.SZSE
2026-05-21 14:08:49.593 | INFO | CtaStrategy | [thr_002067]  策略启动: 002067.SZSE
2026-05-21 14:08:49.593 | INFO | CtaStrategy | [thr_000899]  策略启动: 000899.SZSE
2026-05-21 14:08:49.594 | INFO | CtaStrategy | [thr_001896]  策略启动: 001896.SZSE
2026-05-21 14:08:49.594 | INFO | CtaStrategy | [thr_600310]  策略启动: 600310.SSE
2026-05-21 14:08:49.594 | INFO | CtaStrategy | [thr_601222]  策略启动: 601222.SSE
2026-05-21 14:08:49.596 | INFO | CtaStrategy | [thr_600863]  策略启动: 600863.SSE
2026-05-21 14:08:49.596 | INFO | CtaStrategy | [thr_605006]  策略启动: 605006.SSE
2026-05-21 14:08:49.597 | INFO | CtaStrategy | [thr_603757]  策略启动: 603757.SSE
2026-05-21 14:08:49.597 | INFO | CtaStrategy | [thr_002156]  策略启动: 002156.SZSE
2026-05-21 14:08:49.598 | INFO | CtaStrategy | [thr_002709]  策略启动: 002709.SZSE
2026-05-21 14:08:49.599 | INFO | CtaStrategy | [thr_002149]  策略启动: 002149.SZSE
  📡 获取实时行情（新浪）...
  📡 获取实时行情（新浪）...
  📡 获取实时行情（新浪）...
  📡 获取实时行情（新浪）...
  📡 获取实时行情（新浪）...
  📡 获取实时行情（新浪）...
  📡 获取实时行情（新浪）...
  📡 获取实时行情（新浪）...
  📡 获取实时行情（新浪）...
  📡 获取实时行情（新浪）...
  📡 获取实时行情（新浪）...
  📡 获取实时行情（新浪）...
  📡 获取实时行情（新浪）...
  📡 获取实时行情（新浪）...
  📡 获取实时行情（新浪）...
  📡 获取实时行情（新浪）...
  📡 获取实时行情（新浪）...
  📡 获取实时行情（新浪）...
  📡 获取实时行情（新浪）...
  📡 获取实时行情（新浪）...
  📡 获取实时行情（新浪）...
  📡 获取实时行情（新浪）...
  📡 获取实时行情（新浪）...
  📡 获取实时行情（新浪）...
  📡 获取实时行情（新浪）...
  📡 获取实时行情（新浪）...
  📡 获取实时行情（新浪）...
  📡 获取实时行情（新浪）...
  📡 获取实时行情（新浪）...
  📡 获取实时行情（新浪）...
  📡 获取实时行情（新浪）...
  📡 获取实时行情（新浪）...
  📡 获取实时行情（新浪）...
  📡 获取实时行情（新浪）...
  📡 获取实时行情（新浪）...
  📡 获取实时行情（新浪）...
  📡 获取实时行情（新浪）...
  📡 获取实时行情（新浪）...
  📡 获取实时行情（新浪）...
  📡 获取实时行情（新浪）...
  📡 获取实时行情（新浪）...
  📡 获取实时行情（新浪）...
  📡 获取实时行情（新浪）...
  📡 获取实时行情（新浪）...
  📡 获取实时行情（新浪）...
  📡 获取实时行情（新浪）...
  📡 获取实时行情（新浪）...
  📡 获取实时行情（新浪）...
  📡 获取实时行情（新浪）...
  📡 获取实时行情（新浪）...
  📡 获取实时行情（新浪）...
  📡 获取实时行情（新浪）...
  📡 获取实时行情（新浪）...
  📡 获取实时行情（新浪）...
  📡 获取实时行情（新浪）...
  📡 获取实时行情（新浪）...
  📡 获取实时行情（新浪）...
  📡 获取实时行情（新浪）...
  📡 获取实时行情（新浪）...
  📡 获取实时行情（新浪）...
  📡 获取实时行情（新浪）...
  📡 获取实时行情（新浪）...
  📡 获取实时行情（新浪）...
  📡 获取实时行情（新浪）...
  📡 获取实时行情（新浪）...
  📡 获取实时行情（新浪）...
  📡 获取实时行情（新浪）...
  📡 获取实时行情（新浪）...
  📡 获取实时行情（新浪）...
  📡 获取实时行情（新浪）...
  📡 获取实时行情（新浪）...
  📡 获取实时行情（新浪）...
  📡 获取实时行情（新浪）...
  📡 获取实时行情（新浪）...
  📡 获取实时行情（新浪）...
  📡 获取实时行情（新浪）...
  📡 获取实时行情（新浪）...
  📡 获取实时行情（新浪）...
  📡 获取实时行情（新浪）...
  📡 获取实时行情（新浪）...
  📡 获取实时行情（新浪）...
  📡 获取实时行情（新浪）...
  📡 获取实时行情（新浪）...
  📡 获取实时行情（新浪）...
  📡 获取实时行情（新浪）...
  📡 获取实时行情（新浪）...
  📡 获取实时行情（新浪）...
  📡 获取实时行情（新浪）...
  📡 获取实时行情（新浪）...
  📡 获取实时行情（新浪）...
  📡 获取实时行情（新浪）...
  📡 获取实时行情（新浪）...
  📡 获取实时行情（新浪）...
  📡 获取实时行情（新浪）...
  📡 获取实时行情（新浪）...
  📡 获取实时行情（新浪）...
  📡 获取实时行情（新浪）...
  📡 获取实时行情（新浪）...
  📡 获取实时行情（新浪）...
  📡 获取实时行情（新浪）...
  📡 获取实时行情（新浪）...
  📡 获取实时行情（新浪）...
  📡 获取实时行情（新浪）...
  📡 获取实时行情（新浪）...
  📡 获取实时行情（新浪）...
  📡 获取实时行情（新浪）...
  📡 获取实时行情（新浪）...
  📡 获取实时行情（新浪）...
  📡 获取实时行情（新浪）...
  📡 获取实时行情（新浪）...
  📡 获取实时行情（新浪）...
  📡 获取实时行情（新浪）...
  📡 获取实时行情（新浪）...
  📡 获取实时行情（新浪）...
  📡 获取实时行情（新浪）...
  📡 获取实时行情（新浪）...
  📡 获取实时行情（新浪）...
  📡 获取实时行情（新浪）...
  📡 获取实时行情（新浪）...
  📡 获取实时行情（新浪）...
  📡 获取实时行情（新浪）...
  📡 获取实时行情（新浪）...
  📡 获取实时行情（新浪）...
  📡 获取实时行情（新浪）...
  📡 获取实时行情（新浪）...
  📡 获取实时行情（新浪）...
  📡 获取实时行情（新浪）...
  📡 获取实时行情（新浪）...
  📡 获取实时行情（新浪）...
  📡 获取实时行情（新浪）...
  📡 获取实时行情（新浪）...
  📡 获取实时行情（新浪）...
  📡 获取实时行情（新浪）...
  📡 获取实时行情（新浪）...
  📡 获取实时行情（新浪）...
  📡 获取实时行情（新浪）...
  📡 获取实时行情（新浪）...
  📡 获取实时行情（新浪）...
  📡 获取实时行情（新浪）...
  📡 获取实时行情（新浪）...
  📡 获取实时行情（新浪）...
  📡 获取实时行情（新浪）...
  📡 获取实时行情（新浪）...
  📡 获取实时行情（新浪）...
  📡 获取实时行情（新浪）...
  📡 获取实时行情（新浪）...
  📡 获取实时行情（新浪）...
  📡 获取实时行情（新浪）...
  📡 获取实时行情（新浪）...
  📡 获取实时行情（新浪）...
  📡 获取实时行情（新浪）...
  📡 获取实时行情（新浪）...
  📡 获取实时行情（新浪）...
  📡 获取实时行情（新浪）...
  📡 获取实时行情（新浪）...
  📡 获取实时行情（新浪）...
  📡 获取实时行情（新浪）...
  📡 获取实时行情（新浪）...
  📡 获取实时行情（新浪）...
  📡 获取实时行情（新浪）...
  📡 获取实时行情（新浪）...
  📡 获取实时行情（新浪）...
  📡 获取实时行情（新浪）...
  📡 获取实时行情（新浪）...
  📡 获取实时行情（新浪）...
  📡 获取实时行情（新浪）...
  📡 获取实时行情（新浪）...
2026-05-21 14:23:24.545 | INFO | CtaStrategy | [thr_600330]  ⏱️ [trend_break] 600330.SSE 28.05: ⏱️ 盘中首次触发 28.05 vs 28.05（pending，等收盘确认）
  📡 获取实时行情（新浪）...
  📡 获取实时行情（新浪）...
  📡 获取实时行情（新浪）...
  📡 获取实时行情（新浪）...
2026-05-21 14:23:45.524 | INFO | CtaStrategy | [thr_600330]  ⏱️ [trend_break] 600330.SSE 28.02: 今日 pending 中（first_hit_date=2026-05-21）
  📡 获取实时行情（新浪）...
2026-05-21 14:23:50.751 | INFO | CtaStrategy | [thr_600330]  ⏱️ [trend_break] 600330.SSE 28.05: 今日 pending 中（first_hit_date=2026-05-21）
  📡 获取实时行情（新浪）...
2026-05-21 14:23:56.000 | INFO | CtaStrategy | [thr_600330]  ⏱️ [trend_break] 600330.SSE 28.03: 今日 pending 中（first_hit_date=2026-05-21）
  📡 获取实时行情（新浪）...
2026-05-21 14:24:01.225 | INFO | CtaStrategy | [thr_600330]  ⏱️ [trend_break] 600330.SSE 28.05: 今日 pending 中（first_hit_date=2026-05-21）
  📡 获取实时行情（新浪）...
  📡 获取实时行情（新浪）...
  📡 获取实时行情（新浪）...
  📡 获取实时行情（新浪）...
  📡 获取实时行情（新浪）...
2026-05-21 14:24:27.472 | INFO | CtaStrategy | [thr_600330]  ⏱️ [trend_break] 600330.SSE 28.05: 今日 pending 中（first_hit_date=2026-05-21）
  📡 获取实时行情（新浪）...
2026-05-21 14:24:32.704 | INFO | CtaStrategy | [thr_600330]  ⏱️ [trend_break] 600330.SSE 28.05: 今日 pending 中（first_hit_date=2026-05-21）
  📡 获取实时行情（新浪）...
  📡 获取实时行情（新浪）...
  📡 获取实时行情（新浪）...
2026-05-21 14:24:48.389 | INFO | CtaStrategy | [thr_600330]  ⏱️ [trend_break] 600330.SSE 28.05: 今日 pending 中（first_hit_date=2026-05-21）
  📡 获取实时行情（新浪）...
2026-05-21 14:24:53.620 | INFO | CtaStrategy | [thr_600330]  ⏱️ [trend_break] 600330.SSE 28.05: 今日 pending 中（first_hit_date=2026-05-21）
  📡 获取实时行情（新浪）...
2026-05-21 14:24:58.855 | INFO | CtaStrategy | [thr_600330]  ⏱️ [trend_break] 600330.SSE 28.05: 今日 pending 中（first_hit_date=2026-05-21）
  📡 获取实时行情（新浪）...
2026-05-21 14:25:04.126 | INFO | CtaStrategy | [thr_600330]  ⏱️ [trend_break] 600330.SSE 28.03: 今日 pending 中（first_hit_date=2026-05-21）
  📡 获取实时行情（新浪）...
2026-05-21 14:25:09.356 | INFO | CtaStrategy | [thr_600330]  ⏱️ [trend_break] 600330.SSE 28.02: 今日 pending 中（first_hit_date=2026-05-21）
  📡 获取实时行情（新浪）...
2026-05-21 14:25:14.574 | INFO | CtaStrategy | [thr_600330]  ⏱️ [trend_break] 600330.SSE 28.02: 今日 pending 中（first_hit_date=2026-05-21）
  📡 获取实时行情（新浪）...
2026-05-21 14:25:19.833 | INFO | CtaStrategy | [thr_600330]  ⏱️ [trend_break] 600330.SSE 28.01: 今日 pending 中（first_hit_date=2026-05-21）
  📡 获取实时行情（新浪）...
2026-05-21 14:25:25.060 | INFO | CtaStrategy | [thr_600330]  ⏱️ [trend_break] 600330.SSE 28.01: 今日 pending 中（first_hit_date=2026-05-21）
  📡 获取实时行情（新浪）...
2026-05-21 14:25:30.296 | INFO | CtaStrategy | [thr_600330]  ⏱️ [trend_break] 600330.SSE 28.01: 今日 pending 中（first_hit_date=2026-05-21）
  📡 获取实时行情（新浪）...
2026-05-21 14:25:35.533 | INFO | CtaStrategy | [thr_600330]  ⏱️ [trend_break] 600330.SSE 28.00: 今日 pending 中（first_hit_date=2026-05-21）
  📡 获取实时行情（新浪）...
2026-05-21 14:25:40.773 | INFO | CtaStrategy | [thr_600330]  ⏱️ [trend_break] 600330.SSE 28.01: 今日 pending 中（first_hit_date=2026-05-21）
  📡 获取实时行情（新浪）...
2026-05-21 14:25:46.050 | INFO | CtaStrategy | [thr_600330]  ⏱️ [trend_break] 600330.SSE 28.02: 今日 pending 中（first_hit_date=2026-05-21）
  📡 获取实时行情（新浪）...
2026-05-21 14:25:51.281 | INFO | CtaStrategy | [thr_600330]  ⏱️ [trend_break] 600330.SSE 28.01: 今日 pending 中（first_hit_date=2026-05-21）
  📡 获取实时行情（新浪）...
2026-05-21 14:25:56.522 | INFO | CtaStrategy | [thr_600330]  ⏱️ [trend_break] 600330.SSE 28.01: 今日 pending 中（first_hit_date=2026-05-21）
2026-05-21 14:25:56.522 | INFO | CtaStrategy | [thr_301179]  🟢 [buy_zone] 301179.SZSE 24.89 ≤ 24.89 (量OK cur=13084857 (5d_avg=17611016))
2026-05-21 14:25:56.522 | INFO | CtaStrategy | [thr_301179]  ⚠️ [sim_executor] BUY_LIGHT失败: 现金不足 3723.14，无法买 301179 1 手 (2489.00)
  📡 获取实时行情（新浪）...
2026-05-21 14:26:01.744 | INFO | CtaStrategy | [thr_600330]  ⏱️ [trend_break] 600330.SSE 28.04: 今日 pending 中（first_hit_date=2026-05-21）
  📡 获取实时行情（新浪）...
2026-05-21 14:26:06.978 | INFO | CtaStrategy | [thr_600330]  ⏱️ [trend_break] 600330.SSE 28.02: 今日 pending 中（first_hit_date=2026-05-21）
2026-05-21 14:26:06.978 | INFO | CtaStrategy | [thr_301179]  🔁 [buy_zone] 301179.SZSE 24.87: 今日已执行过
  📡 获取实时行情（新浪）...
2026-05-21 14:26:12.209 | INFO | CtaStrategy | [thr_600330]  ⏱️ [trend_break] 600330.SSE 28.02: 今日 pending 中（first_hit_date=2026-05-21）
2026-05-21 14:26:12.210 | INFO | CtaStrategy | [thr_301179]  🔁 [buy_zone] 301179.SZSE 24.89: 今日已执行过
  📡 获取实时行情（新浪）...
2026-05-21 14:26:17.441 | INFO | CtaStrategy | [thr_600330]  ⏱️ [trend_break] 600330.SSE 28.02: 今日 pending 中（first_hit_date=2026-05-21）
2026-05-21 14:26:17.443 | INFO | CtaStrategy | [thr_301179]  🔁 [buy_zone] 301179.SZSE 24.89: 今日已执行过
  📡 获取实时行情（新浪）...
2026-05-21 14:26:22.669 | INFO | CtaStrategy | [thr_600330]  ⏱️ [trend_break] 600330.SSE 28.04: 今日 pending 中（first_hit_date=2026-05-21）
2026-05-21 14:26:22.671 | INFO | CtaStrategy | [thr_301179]  🔁 [buy_zone] 301179.SZSE 24.89: 今日已执行过
  📡 获取实时行情（新浪）...
2026-05-21 14:26:27.951 | INFO | CtaStrategy | [thr_600330]  ⏱️ [trend_break] 600330.SSE 28.02: 今日 pending 中（first_hit_date=2026-05-21）
2026-05-21 14:26:27.951 | INFO | CtaStrategy | [thr_301179]  🔁 [buy_zone] 301179.SZSE 24.89: 今日已执行过
  📡 获取实时行情（新浪）...
2026-05-21 14:26:33.187 | INFO | CtaStrategy | [thr_600330]  ⏱️ [trend_break] 600330.SSE 28.02: 今日 pending 中（first_hit_date=2026-05-21）
2026-05-21 14:26:33.188 | INFO | CtaStrategy | [thr_301179]  🔁 [buy_zone] 301179.SZSE 24.89: 今日已执行过
  📡 获取实时行情（新浪）...
2026-05-21 14:26:38.430 | INFO | CtaStrategy | [thr_600330]  ⏱️ [trend_break] 600330.SSE 28.03: 今日 pending 中（first_hit_date=2026-05-21）
2026-05-21 14:26:38.431 | INFO | CtaStrategy | [thr_301179]  🔁 [buy_zone] 301179.SZSE 24.89: 今日已执行过
  📡 获取实时行情（新浪）...
2026-05-21 14:26:43.666 | INFO | CtaStrategy | [thr_600330]  ⏱️ [trend_break] 600330.SSE 28.02: 今日 pending 中（first_hit_date=2026-05-21）
  📡 获取实时行情（新浪）...
2026-05-21 14:26:48.939 | INFO | CtaStrategy | [thr_600330]  ⏱️ [trend_break] 600330.SSE 28.02: 今日 pending 中（first_hit_date=2026-05-21）
2026-05-21 14:26:48.941 | INFO | CtaStrategy | [thr_301179]  🔁 [buy_zone] 301179.SZSE 24.89: 今日已执行过
  📡 获取实时行情（新浪）...
2026-05-21 14:26:54.252 | INFO | CtaStrategy | [thr_600330]  ⏱️ [trend_break] 600330.SSE 28.01: 今日 pending 中（first_hit_date=2026-05-21）
  📡 获取实时行情（新浪）...
2026-05-21 14:26:59.492 | INFO | CtaStrategy | [thr_600330]  ⏱️ [trend_break] 600330.SSE 28.01: 今日 pending 中（first_hit_date=2026-05-21）
2026-05-21 14:26:59.494 | INFO | CtaStrategy | [thr_301179]  🔁 [buy_zone] 301179.SZSE 24.89: 今日已执行过
  📡 获取实时行情（新浪）...
2026-05-21 14:27:04.737 | INFO | CtaStrategy | [thr_600330]  ⏱️ [trend_break] 600330.SSE 28.02: 今日 pending 中（first_hit_date=2026-05-21）
2026-05-21 14:27:04.737 | INFO | CtaStrategy | [thr_301179]  🔁 [buy_zone] 301179.SZSE 24.89: 今日已执行过
  📡 获取实时行情（新浪）...
2026-05-21 14:27:09.963 | INFO | CtaStrategy | [thr_600330]  ⏱️ [trend_break] 600330.SSE 28.00: 今日 pending 中（first_hit_date=2026-05-21）
2026-05-21 14:27:09.964 | INFO | CtaStrategy | [thr_301179]  🔁 [buy_zone] 301179.SZSE 24.89: 今日已执行过
  📡 获取实时行情（新浪）...
2026-05-21 14:27:15.198 | INFO | CtaStrategy | [thr_600330]  ⏱️ [trend_break] 600330.SSE 27.94: 今日 pending 中（first_hit_date=2026-05-21）
2026-05-21 14:27:15.198 | INFO | CtaStrategy | [thr_301179]  🔁 [buy_zone] 301179.SZSE 24.88: 今日已执行过
  📡 获取实时行情（新浪）...
2026-05-21 14:27:20.474 | INFO | CtaStrategy | [thr_600330]  ⏱️ [trend_break] 600330.SSE 27.92: 今日 pending 中（first_hit_date=2026-05-21）
2026-05-21 14:27:20.476 | INFO | CtaStrategy | [thr_301179]  🔁 [buy_zone] 301179.SZSE 24.88: 今日已执行过
  📡 获取实时行情（新浪）...
2026-05-21 14:27:25.709 | INFO | CtaStrategy | [thr_600330]  ⏱️ [trend_break] 600330.SSE 27.91: 今日 pending 中（first_hit_date=2026-05-21）
2026-05-21 14:27:25.711 | INFO | CtaStrategy | [thr_301179]  🔁 [buy_zone] 301179.SZSE 24.89: 今日已执行过
  📡 获取实时行情（新浪）...
2026-05-21 14:27:30.953 | INFO | CtaStrategy | [thr_600330]  ⏱️ [trend_break] 600330.SSE 27.94: 今日 pending 中（first_hit_date=2026-05-21）
2026-05-21 14:27:30.954 | INFO | CtaStrategy | [thr_301179]  🔁 [buy_zone] 301179.SZSE 24.87: 今日已执行过
  📡 获取实时行情（新浪）...
2026-05-21 14:27:36.193 | INFO | CtaStrategy | [thr_600330]  ⏱️ [trend_break] 600330.SSE 27.92: 今日 pending 中（first_hit_date=2026-05-21）
2026-05-21 14:27:36.195 | INFO | CtaStrategy | [thr_301179]  🔁 [buy_zone] 301179.SZSE 24.87: 今日已执行过
  📡 获取实时行情（新浪）...
2026-05-21 14:27:41.422 | INFO | CtaStrategy | [thr_600330]  ⏱️ [trend_break] 600330.SSE 27.90: 今日 pending 中（first_hit_date=2026-05-21）
2026-05-21 14:27:41.422 | INFO | CtaStrategy | [thr_301179]  🔁 [buy_zone] 301179.SZSE 24.88: 今日已执行过
  📡 获取实时行情（新浪）...
2026-05-21 14:27:46.654 | INFO | CtaStrategy | [thr_600330]  ⏱️ [trend_break] 600330.SSE 27.91: 今日 pending 中（first_hit_date=2026-05-21）
2026-05-21 14:27:46.655 | INFO | CtaStrategy | [thr_301179]  🔁 [buy_zone] 301179.SZSE 24.88: 今日已执行过
  📡 获取实时行情（新浪）...
2026-05-21 14:27:51.878 | INFO | CtaStrategy | [thr_600330]  ⏱️ [trend_break] 600330.SSE 27.90: 今日 pending 中（first_hit_date=2026-05-21）
2026-05-21 14:27:51.879 | INFO | CtaStrategy | [thr_301179]  🔁 [buy_zone] 301179.SZSE 24.88: 今日已执行过
  📡 获取实时行情（新浪）...
2026-05-21 14:27:57.105 | INFO | CtaStrategy | [thr_600330]  ⏱️ [trend_break] 600330.SSE 27.89: 今日 pending 中（first_hit_date=2026-05-21）
2026-05-21 14:27:57.106 | INFO | CtaStrategy | [thr_301179]  🔁 [buy_zone] 301179.SZSE 24.87: 今日已执行过
  📡 获取实时行情（新浪）...
2026-05-21 14:28:02.364 | INFO | CtaStrategy | [thr_600330]  ⏱️ [trend_break] 600330.SSE 27.88: 今日 pending 中（first_hit_date=2026-05-21）
2026-05-21 14:28:02.365 | INFO | CtaStrategy | [thr_301179]  🔁 [buy_zone] 301179.SZSE 24.88: 今日已执行过
  📡 获取实时行情（新浪）...
2026-05-21 14:28:07.603 | INFO | CtaStrategy | [thr_600330]  ⏱️ [trend_break] 600330.SSE 27.88: 今日 pending 中（first_hit_date=2026-05-21）
2026-05-21 14:28:07.605 | INFO | CtaStrategy | [thr_301179]  🔁 [buy_zone] 301179.SZSE 24.87: 今日已执行过
  📡 获取实时行情（新浪）...
2026-05-21 14:28:12.830 | INFO | CtaStrategy | [thr_600330]  ⏱️ [trend_break] 600330.SSE 27.88: 今日 pending 中（first_hit_date=2026-05-21）
2026-05-21 14:28:12.830 | INFO | CtaStrategy | [thr_301179]  🔁 [buy_zone] 301179.SZSE 24.87: 今日已执行过
  📡 获取实时行情（新浪）...
2026-05-21 14:28:18.063 | INFO | CtaStrategy | [thr_600330]  ⏱️ [trend_break] 600330.SSE 27.87: 今日 pending 中（first_hit_date=2026-05-21）
2026-05-21 14:28:18.063 | INFO | CtaStrategy | [thr_301179]  🔁 [buy_zone] 301179.SZSE 24.85: 今日已执行过
  📡 获取实时行情（新浪）...
2026-05-21 14:28:23.281 | INFO | CtaStrategy | [thr_600330]  ⏱️ [trend_break] 600330.SSE 27.87: 今日 pending 中（first_hit_date=2026-05-21）
2026-05-21 14:28:23.282 | INFO | CtaStrategy | [thr_301179]  🔁 [buy_zone] 301179.SZSE 24.85: 今日已执行过
  📡 获取实时行情（新浪）...
2026-05-21 14:28:28.530 | INFO | CtaStrategy | [thr_600330]  ⏱️ [trend_break] 600330.SSE 27.87: 今日 pending 中（first_hit_date=2026-05-21）
2026-05-21 14:28:28.530 | INFO | CtaStrategy | [thr_301179]  🔁 [buy_zone] 301179.SZSE 24.85: 今日已执行过
  📡 获取实时行情（新浪）...
2026-05-21 14:28:33.760 | INFO | CtaStrategy | [thr_600330]  ⏱️ [trend_break] 600330.SSE 27.88: 今日 pending 中（first_hit_date=2026-05-21）
2026-05-21 14:28:33.760 | INFO | CtaStrategy | [thr_301179]  🔁 [buy_zone] 301179.SZSE 24.84: 今日已执行过
  📡 获取实时行情（新浪）...
2026-05-21 14:28:39.001 | INFO | CtaStrategy | [thr_600330]  ⏱️ [trend_break] 600330.SSE 27.88: 今日 pending 中（first_hit_date=2026-05-21）
2026-05-21 14:28:39.003 | INFO | CtaStrategy | [thr_301179]  🔁 [buy_zone] 301179.SZSE 24.84: 今日已执行过
  📡 获取实时行情（新浪）...
2026-05-21 14:28:44.229 | INFO | CtaStrategy | [thr_600330]  ⏱️ [trend_break] 600330.SSE 27.88: 今日 pending 中（first_hit_date=2026-05-21）
2026-05-21 14:28:44.229 | INFO | CtaStrategy | [thr_301179]  🔁 [buy_zone] 301179.SZSE 24.83: 今日已执行过
  📡 获取实时行情（新浪）...
2026-05-21 14:28:49.462 | INFO | CtaStrategy | [thr_600330]  ⏱️ [trend_break] 600330.SSE 27.87: 今日 pending 中（first_hit_date=2026-05-21）
2026-05-21 14:28:49.463 | INFO | CtaStrategy | [thr_301179]  🔁 [buy_zone] 301179.SZSE 24.82: 今日已执行过
  📡 获取实时行情（新浪）...
2026-05-21 14:28:54.709 | INFO | CtaStrategy | [thr_600330]  ⏱️ [trend_break] 600330.SSE 27.87: 今日 pending 中（first_hit_date=2026-05-21）
2026-05-21 14:28:54.709 | INFO | CtaStrategy | [thr_301179]  🔁 [buy_zone] 301179.SZSE 24.83: 今日已执行过
  📡 获取实时行情（新浪）...
2026-05-21 14:28:59.943 | INFO | CtaStrategy | [thr_600330]  ⏱️ [trend_break] 600330.SSE 27.86: 今日 pending 中（first_hit_date=2026-05-21）
2026-05-21 14:28:59.943 | INFO | CtaStrategy | [thr_301179]  🔁 [buy_zone] 301179.SZSE 24.83: 今日已执行过
  📡 获取实时行情（新浪）...
2026-05-21 14:29:05.174 | INFO | CtaStrategy | [thr_600330]  ⏱️ [trend_break] 600330.SSE 27.87: 今日 pending 中（first_hit_date=2026-05-21）
2026-05-21 14:29:05.174 | INFO | CtaStrategy | [thr_301179]  🔁 [buy_zone] 301179.SZSE 24.80: 今日已执行过
  📡 获取实时行情（新浪）...
2026-05-21 14:29:10.414 | INFO | CtaStrategy | [thr_600330]  ⏱️ [trend_break] 600330.SSE 27.90: 今日 pending 中（first_hit_date=2026-05-21）
2026-05-21 14:29:10.415 | INFO | CtaStrategy | [thr_301179]  🔁 [buy_zone] 301179.SZSE 24.84: 今日已执行过
  📡 获取实时行情（新浪）...
2026-05-21 14:29:15.643 | INFO | CtaStrategy | [thr_600330]  ⏱️ [trend_break] 600330.SSE 27.90: 今日 pending 中（first_hit_date=2026-05-21）
2026-05-21 14:29:15.644 | INFO | CtaStrategy | [thr_301179]  🔁 [buy_zone] 301179.SZSE 24.84: 今日已执行过
  📡 获取实时行情（新浪）...
2026-05-21 14:29:20.877 | INFO | CtaStrategy | [thr_600330]  ⏱️ [trend_break] 600330.SSE 27.96: 今日 pending 中（first_hit_date=2026-05-21）
2026-05-21 14:29:20.878 | INFO | CtaStrategy | [thr_301179]  🔁 [buy_zone] 301179.SZSE 24.82: 今日已执行过
  📡 获取实时行情（新浪）...
2026-05-21 14:29:26.209 | INFO | CtaStrategy | [thr_600330]  ⏱️ [trend_break] 600330.SSE 27.90: 今日 pending 中（first_hit_date=2026-05-21）
2026-05-21 14:29:26.210 | INFO | CtaStrategy | [thr_301179]  🔁 [buy_zone] 301179.SZSE 24.82: 今日已执行过
  📡 获取实时行情（新浪）...
2026-05-21 14:29:31.465 | INFO | CtaStrategy | [thr_600330]  ⏱️ [trend_break] 600330.SSE 27.90: 今日 pending 中（first_hit_date=2026-05-21）
2026-05-21 14:29:31.466 | INFO | CtaStrategy | [thr_301179]  🔁 [buy_zone] 301179.SZSE 24.81: 今日已执行过
  📡 获取实时行情（新浪）...
2026-05-21 14:29:36.712 | INFO | CtaStrategy | [thr_600330]  ⏱️ [trend_break] 600330.SSE 27.89: 今日 pending 中（first_hit_date=2026-05-21）
2026-05-21 14:29:36.712 | INFO | CtaStrategy | [thr_301179]  🔁 [buy_zone] 301179.SZSE 24.84: 今日已执行过
  📡 获取实时行情（新浪）...
2026-05-21 14:29:41.949 | INFO | CtaStrategy | [thr_600330]  ⏱️ [trend_break] 600330.SSE 27.90: 今日 pending 中（first_hit_date=2026-05-21）
2026-05-21 14:29:41.950 | INFO | CtaStrategy | [thr_301179]  🔁 [buy_zone] 301179.SZSE 24.82: 今日已执行过
  📡 获取实时行情（新浪）...
2026-05-21 14:29:47.200 | INFO | CtaStrategy | [thr_600330]  ⏱️ [trend_break] 600330.SSE 27.91: 今日 pending 中（first_hit_date=2026-05-21）
2026-05-21 14:29:47.202 | INFO | CtaStrategy | [thr_301179]  🔁 [buy_zone] 301179.SZSE 24.83: 今日已执行过
  📡 获取实时行情（新浪）...
2026-05-21 14:29:52.439 | INFO | CtaStrategy | [thr_600330]  ⏱️ [trend_break] 600330.SSE 27.93: 今日 pending 中（first_hit_date=2026-05-21）
2026-05-21 14:29:52.441 | INFO | CtaStrategy | [thr_301179]  🔁 [buy_zone] 301179.SZSE 24.82: 今日已执行过
  📡 获取实时行情（新浪）...
2026-05-21 14:29:57.671 | INFO | CtaStrategy | [thr_600330]  ⏱️ [trend_break] 600330.SSE 27.90: 今日 pending 中（first_hit_date=2026-05-21）
2026-05-21 14:29:57.672 | INFO | CtaStrategy | [thr_301179]  🔁 [buy_zone] 301179.SZSE 24.81: 今日已执行过
  📡 获取实时行情（新浪）...
2026-05-21 14:30:02.927 | INFO | CtaStrategy | [thr_600330]  ⏱️ [trend_break] 600330.SSE 27.91: 今日 pending 中（first_hit_date=2026-05-21）
2026-05-21 14:30:02.928 | INFO | CtaStrategy | [thr_301179]  🔁 [buy_zone] 301179.SZSE 24.80: 今日已执行过
  📡 获取实时行情（新浪）...
2026-05-21 14:30:08.163 | INFO | CtaStrategy | [thr_600330]  ⏱️ [trend_break] 600330.SSE 27.91: 今日 pending 中（first_hit_date=2026-05-21）
2026-05-21 14:30:08.164 | INFO | CtaStrategy | [thr_301179]  🔁 [buy_zone] 301179.SZSE 24.81: 今日已执行过
  📡 获取实时行情（新浪）...
2026-05-21 14:30:13.401 | INFO | CtaStrategy | [thr_600330]  ⏱️ [trend_break] 600330.SSE 27.93: 今日 pending 中（first_hit_date=2026-05-21）
2026-05-21 14:30:13.402 | INFO | CtaStrategy | [thr_301179]  🔁 [buy_zone] 301179.SZSE 24.83: 今日已执行过
  📡 获取实时行情（新浪）...
2026-05-21 14:30:18.672 | INFO | CtaStrategy | [thr_600330]  ⏱️ [trend_break] 600330.SSE 27.95: 今日 pending 中（first_hit_date=2026-05-21）
2026-05-21 14:30:18.673 | INFO | CtaStrategy | [thr_301179]  🔁 [buy_zone] 301179.SZSE 24.83: 今日已执行过
  📡 获取实时行情（新浪）...
2026-05-21 14:30:23.965 | INFO | CtaStrategy | [thr_600330]  ⏱️ [trend_break] 600330.SSE 27.96: 今日 pending 中（first_hit_date=2026-05-21）
2026-05-21 14:30:23.967 | INFO | CtaStrategy | [thr_301179]  🔁 [buy_zone] 301179.SZSE 24.82: 今日已执行过
  📡 获取实时行情（新浪）...
2026-05-21 14:30:29.209 | INFO | CtaStrategy | [thr_600330]  ⏱️ [trend_break] 600330.SSE 27.96: 今日 pending 中（first_hit_date=2026-05-21）
2026-05-21 14:30:29.210 | INFO | CtaStrategy | [thr_301179]  🔁 [buy_zone] 301179.SZSE 24.84: 今日已执行过
  📡 获取实时行情（新浪）...
2026-05-21 14:30:34.438 | INFO | CtaStrategy | [thr_600330]  ⏱️ [trend_break] 600330.SSE 27.87: 今日 pending 中（first_hit_date=2026-05-21）
2026-05-21 14:30:34.441 | INFO | CtaStrategy | [thr_301179]  🔁 [buy_zone] 301179.SZSE 24.78: 今日已执行过
  📡 获取实时行情（新浪）...
2026-05-21 14:30:39.675 | INFO | CtaStrategy | [thr_600330]  ⏱️ [trend_break] 600330.SSE 27.86: 今日 pending 中（first_hit_date=2026-05-21）
2026-05-21 14:30:39.675 | INFO | CtaStrategy | [thr_301179]  🔁 [buy_zone] 301179.SZSE 24.78: 今日已执行过
  📡 获取实时行情（新浪）...
2026-05-21 14:30:44.924 | INFO | CtaStrategy | [thr_600330]  ⏱️ [trend_break] 600330.SSE 27.86: 今日 pending 中（first_hit_date=2026-05-21）
2026-05-21 14:30:44.924 | INFO | CtaStrategy | [thr_301179]  🔁 [buy_zone] 301179.SZSE 24.78: 今日已执行过
  📡 获取实时行情（新浪）...
2026-05-21 14:30:50.196 | INFO | CtaStrategy | [thr_600330]  ⏱️ [trend_break] 600330.SSE 27.86: 今日 pending 中（first_hit_date=2026-05-21）
2026-05-21 14:30:50.196 | INFO | CtaStrategy | [thr_301179]  🔁 [buy_zone] 301179.SZSE 24.79: 今日已执行过
  📡 获取实时行情（新浪）...
2026-05-21 14:30:55.415 | INFO | CtaStrategy | [thr_600330]  ⏱️ [trend_break] 600330.SSE 27.86: 今日 pending 中（first_hit_date=2026-05-21）
2026-05-21 14:30:55.416 | INFO | CtaStrategy | [thr_301179]  🔁 [buy_zone] 301179.SZSE 24.81: 今日已执行过
  📡 获取实时行情（新浪）...
2026-05-21 14:31:00.645 | INFO | CtaStrategy | [thr_600330]  ⏱️ [trend_break] 600330.SSE 27.86: 今日 pending 中（first_hit_date=2026-05-21）
2026-05-21 14:31:00.645 | INFO | CtaStrategy | [thr_301179]  🔁 [buy_zone] 301179.SZSE 24.81: 今日已执行过
  📡 获取实时行情（新浪）...
2026-05-21 14:31:05.876 | INFO | CtaStrategy | [thr_600330]  ⏱️ [trend_break] 600330.SSE 27.86: 今日 pending 中（first_hit_date=2026-05-21）
2026-05-21 14:31:05.877 | INFO | CtaStrategy | [thr_301179]  🔁 [buy_zone] 301179.SZSE 24.80: 今日已执行过
  📡 获取实时行情（新浪）...
2026-05-21 14:31:11.104 | INFO | CtaStrategy | [thr_600330]  ⏱️ [trend_break] 600330.SSE 27.87: 今日 pending 中（first_hit_date=2026-05-21）
2026-05-21 14:31:11.105 | INFO | CtaStrategy | [thr_301179]  🔁 [buy_zone] 301179.SZSE 24.80: 今日已执行过
  📡 获取实时行情（新浪）...
2026-05-21 14:31:16.337 | INFO | CtaStrategy | [thr_600330]  ⏱️ [trend_break] 600330.SSE 27.86: 今日 pending 中（first_hit_date=2026-05-21）
2026-05-21 14:31:16.338 | INFO | CtaStrategy | [thr_301179]  🔁 [buy_zone] 301179.SZSE 24.78: 今日已执行过
  📡 获取实时行情（新浪）...
2026-05-21 14:31:21.571 | INFO | CtaStrategy | [thr_600330]  ⏱️ [trend_break] 600330.SSE 27.86: 今日 pending 中（first_hit_date=2026-05-21）
2026-05-21 14:31:21.571 | INFO | CtaStrategy | [thr_301179]  🔁 [buy_zone] 301179.SZSE 24.77: 今日已执行过
  📡 获取实时行情（新浪）...
2026-05-21 14:31:26.812 | INFO | CtaStrategy | [thr_600330]  ⏱️ [trend_break] 600330.SSE 27.86: 今日 pending 中（first_hit_date=2026-05-21）
2026-05-21 14:31:26.813 | INFO | CtaStrategy | [thr_301179]  🔁 [buy_zone] 301179.SZSE 24.76: 今日已执行过
  📡 获取实时行情（新浪）...
2026-05-21 14:31:32.040 | INFO | CtaStrategy | [thr_600330]  ⏱️ [trend_break] 600330.SSE 27.85: 今日 pending 中（first_hit_date=2026-05-21）
2026-05-21 14:31:32.040 | INFO | CtaStrategy | [thr_301179]  🔁 [buy_zone] 301179.SZSE 24.77: 今日已执行过
  📡 获取实时行情（新浪）...
2026-05-21 14:31:37.282 | INFO | CtaStrategy | [thr_600330]  ⏱️ [trend_break] 600330.SSE 27.85: 今日 pending 中（first_hit_date=2026-05-21）
2026-05-21 14:31:37.284 | INFO | CtaStrategy | [thr_301179]  🔁 [buy_zone] 301179.SZSE 24.77: 今日已执行过
  📡 获取实时行情（新浪）...
2026-05-21 14:31:42.519 | INFO | CtaStrategy | [thr_600330]  ⏱️ [trend_break] 600330.SSE 27.84: 今日 pending 中（first_hit_date=2026-05-21）
2026-05-21 14:31:42.520 | INFO | CtaStrategy | [thr_301179]  🔁 [buy_zone] 301179.SZSE 24.77: 今日已执行过
  📡 获取实时行情（新浪）...
2026-05-21 14:31:47.762 | INFO | CtaStrategy | [thr_600330]  ⏱️ [trend_break] 600330.SSE 27.73: 今日 pending 中（first_hit_date=2026-05-21）
2026-05-21 14:31:47.762 | INFO | CtaStrategy | [thr_301179]  🔁 [buy_zone] 301179.SZSE 24.75: 今日已执行过
  📡 获取实时行情（新浪）...
2026-05-21 14:31:53.010 | INFO | CtaStrategy | [thr_600330]  ⏱️ [trend_break] 600330.SSE 27.74: 今日 pending 中（first_hit_date=2026-05-21）
2026-05-21 14:31:53.011 | INFO | CtaStrategy | [thr_301179]  🔁 [buy_zone] 301179.SZSE 24.75: 今日已执行过
  📡 获取实时行情（新浪）...
2026-05-21 14:31:58.250 | INFO | CtaStrategy | [thr_600330]  ⏱️ [trend_break] 600330.SSE 27.79: 今日 pending 中（first_hit_date=2026-05-21）
2026-05-21 14:31:58.251 | INFO | CtaStrategy | [thr_301179]  🔁 [buy_zone] 301179.SZSE 24.74: 今日已执行过
  📡 获取实时行情（新浪）...
2026-05-21 14:32:03.483 | INFO | CtaStrategy | [thr_600330]  ⏱️ [trend_break] 600330.SSE 27.74: 今日 pending 中（first_hit_date=2026-05-21）
2026-05-21 14:32:03.483 | INFO | CtaStrategy | [thr_301179]  🔁 [buy_zone] 301179.SZSE 24.74: 今日已执行过
  📡 获取实时行情（新浪）...
2026-05-21 14:32:08.718 | INFO | CtaStrategy | [thr_600330]  ⏱️ [trend_break] 600330.SSE 27.73: 今日 pending 中（first_hit_date=2026-05-21）
2026-05-21 14:32:08.718 | INFO | CtaStrategy | [thr_301179]  🔁 [buy_zone] 301179.SZSE 24.74: 今日已执行过
  📡 获取实时行情（新浪）...
2026-05-21 14:32:13.971 | INFO | CtaStrategy | [thr_600330]  ⏱️ [trend_break] 600330.SSE 27.73: 今日 pending 中（first_hit_date=2026-05-21）
2026-05-21 14:32:13.972 | INFO | CtaStrategy | [thr_301179]  🔁 [buy_zone] 301179.SZSE 24.74: 今日已执行过
  📡 获取实时行情（新浪）...
2026-05-21 14:32:19.203 | INFO | CtaStrategy | [thr_600330]  ⏱️ [trend_break] 600330.SSE 27.70: 今日 pending 中（first_hit_date=2026-05-21）
2026-05-21 14:32:19.204 | INFO | CtaStrategy | [thr_301179]  🔁 [buy_zone] 301179.SZSE 24.72: 今日已执行过
  📡 获取实时行情（新浪）...
2026-05-21 14:32:24.447 | INFO | CtaStrategy | [thr_600330]  ⏱️ [trend_break] 600330.SSE 27.70: 今日 pending 中（first_hit_date=2026-05-21）
2026-05-21 14:32:24.447 | INFO | CtaStrategy | [thr_301179]  🔁 [buy_zone] 301179.SZSE 24.72: 今日已执行过
  📡 获取实时行情（新浪）...
2026-05-21 14:32:29.689 | INFO | CtaStrategy | [thr_600330]  ⏱️ [trend_break] 600330.SSE 27.69: 今日 pending 中（first_hit_date=2026-05-21）
2026-05-21 14:32:29.691 | INFO | CtaStrategy | [thr_301179]  🔁 [buy_zone] 301179.SZSE 24.71: 今日已执行过
  📡 获取实时行情（新浪）...
2026-05-21 14:32:34.921 | INFO | CtaStrategy | [thr_600330]  ⏱️ [trend_break] 600330.SSE 27.66: 今日 pending 中（first_hit_date=2026-05-21）
2026-05-21 14:32:34.922 | INFO | CtaStrategy | [thr_301179]  🔁 [buy_zone] 301179.SZSE 24.71: 今日已执行过
  📡 获取实时行情（新浪）...
2026-05-21 14:32:40.165 | INFO | CtaStrategy | [thr_600330]  ⏱️ [trend_break] 600330.SSE 27.70: 今日 pending 中（first_hit_date=2026-05-21）
2026-05-21 14:32:40.165 | INFO | CtaStrategy | [thr_301179]  🔁 [buy_zone] 301179.SZSE 24.72: 今日已执行过
  📡 获取实时行情（新浪）...
2026-05-21 14:32:45.402 | INFO | CtaStrategy | [thr_600330]  ⏱️ [trend_break] 600330.SSE 27.70: 今日 pending 中（first_hit_date=2026-05-21）
2026-05-21 14:32:45.402 | INFO | CtaStrategy | [thr_301179]  🔁 [buy_zone] 301179.SZSE 24.71: 今日已执行过
  📡 获取实时行情（新浪）...
2026-05-21 14:32:50.638 | INFO | CtaStrategy | [thr_600330]  ⏱️ [trend_break] 600330.SSE 27.68: 今日 pending 中（first_hit_date=2026-05-21）
2026-05-21 14:32:50.639 | INFO | CtaStrategy | [thr_301179]  🔁 [buy_zone] 301179.SZSE 24.72: 今日已执行过
  📡 获取实时行情（新浪）...
2026-05-21 14:32:55.856 | INFO | CtaStrategy | [thr_600330]  ⏱️ [trend_break] 600330.SSE 27.68: 今日 pending 中（first_hit_date=2026-05-21）
2026-05-21 14:32:55.857 | INFO | CtaStrategy | [thr_301179]  🔁 [buy_zone] 301179.SZSE 24.71: 今日已执行过
  📡 获取实时行情（新浪）...
2026-05-21 14:33:01.091 | INFO | CtaStrategy | [thr_600330]  ⏱️ [trend_break] 600330.SSE 27.68: 今日 pending 中（first_hit_date=2026-05-21）
2026-05-21 14:33:01.091 | INFO | CtaStrategy | [thr_301179]  🔁 [buy_zone] 301179.SZSE 24.72: 今日已执行过
  📡 获取实时行情（新浪）...
2026-05-21 14:33:06.330 | INFO | CtaStrategy | [thr_600330]  ⏱️ [trend_break] 600330.SSE 27.70: 今日 pending 中（first_hit_date=2026-05-21）
2026-05-21 14:33:06.330 | INFO | CtaStrategy | [thr_301179]  🔁 [buy_zone] 301179.SZSE 24.70: 今日已执行过
  📡 获取实时行情（新浪）...
2026-05-21 14:33:11.588 | INFO | CtaStrategy | [thr_600330]  ⏱️ [trend_break] 600330.SSE 27.79: 今日 pending 中（first_hit_date=2026-05-21）
2026-05-21 14:33:11.588 | INFO | CtaStrategy | [thr_301179]  🔁 [buy_zone] 301179.SZSE 24.70: 今日已执行过
  📡 获取实时行情（新浪）...
2026-05-21 14:33:16.826 | INFO | CtaStrategy | [thr_600330]  ⏱️ [trend_break] 600330.SSE 27.79: 今日 pending 中（first_hit_date=2026-05-21）
2026-05-21 14:33:16.827 | INFO | CtaStrategy | [thr_301179]  🔁 [buy_zone] 301179.SZSE 24.72: 今日已执行过
  📡 获取实时行情（新浪）...
2026-05-21 14:33:22.051 | INFO | CtaStrategy | [thr_600330]  ⏱️ [trend_break] 600330.SSE 27.80: 今日 pending 中（first_hit_date=2026-05-21）
2026-05-21 14:33:22.051 | INFO | CtaStrategy | [thr_301179]  🔁 [buy_zone] 301179.SZSE 24.73: 今日已执行过
  📡 获取实时行情（新浪）...
2026-05-21 14:33:27.280 | INFO | CtaStrategy | [thr_600330]  ⏱️ [trend_break] 600330.SSE 27.79: 今日 pending 中（first_hit_date=2026-05-21）
2026-05-21 14:33:27.280 | INFO | CtaStrategy | [thr_301179]  🔁 [buy_zone] 301179.SZSE 24.73: 今日已执行过
  📡 获取实时行情（新浪）...
2026-05-21 14:33:32.516 | INFO | CtaStrategy | [thr_600330]  ⏱️ [trend_break] 600330.SSE 27.74: 今日 pending 中（first_hit_date=2026-05-21）
2026-05-21 14:33:32.516 | INFO | CtaStrategy | [thr_301179]  🔁 [buy_zone] 301179.SZSE 24.73: 今日已执行过
  📡 获取实时行情（新浪）...
2026-05-21 14:33:37.746 | INFO | CtaStrategy | [thr_600330]  ⏱️ [trend_break] 600330.SSE 27.72: 今日 pending 中（first_hit_date=2026-05-21）
2026-05-21 14:33:37.746 | INFO | CtaStrategy | [thr_301179]  🔁 [buy_zone] 301179.SZSE 24.72: 今日已执行过
  📡 获取实时行情（新浪）...
2026-05-21 14:33:42.983 | INFO | CtaStrategy | [thr_600330]  ⏱️ [trend_break] 600330.SSE 27.70: 今日 pending 中（first_hit_date=2026-05-21）
2026-05-21 14:33:42.984 | INFO | CtaStrategy | [thr_301179]  🔁 [buy_zone] 301179.SZSE 24.71: 今日已执行过
  📡 获取实时行情（新浪）...
2026-05-21 14:33:48.226 | INFO | CtaStrategy | [thr_600330]  ⏱️ [trend_break] 600330.SSE 27.71: 今日 pending 中（first_hit_date=2026-05-21）
2026-05-21 14:33:48.226 | INFO | CtaStrategy | [thr_301179]  🔁 [buy_zone] 301179.SZSE 24.71: 今日已执行过
  📡 获取实时行情（新浪）...
2026-05-21 14:33:53.497 | INFO | CtaStrategy | [thr_600330]  ⏱️ [trend_break] 600330.SSE 27.71: 今日 pending 中（first_hit_date=2026-05-21）
2026-05-21 14:33:53.497 | INFO | CtaStrategy | [thr_301179]  🔁 [buy_zone] 301179.SZSE 24.70: 今日已执行过
  📡 获取实时行情（新浪）...
  ⚠ 新浪行情请求失败: ('Connection aborted.', ConnectionAbortedError(10053, '你的主机中的软件中止了一个已建立的连接。', None, 10053, None))
  ⚠ 新浪缺少 22 只，跳过（在交易时段外/休市/服务异常，不作为实时价使用）
  📡 获取实时行情（新浪）...
2026-05-21 14:34:03.924 | INFO | CtaStrategy | [thr_600330]  ⏱️ [trend_break] 600330.SSE 27.72: 今日 pending 中（first_hit_date=2026-05-21）
2026-05-21 14:34:03.925 | INFO | CtaStrategy | [thr_301179]  🔁 [buy_zone] 301179.SZSE 24.71: 今日已执行过
  📡 获取实时行情（新浪）...
2026-05-21 14:34:09.155 | INFO | CtaStrategy | [thr_600330]  ⏱️ [trend_break] 600330.SSE 27.71: 今日 pending 中（first_hit_date=2026-05-21）
2026-05-21 14:34:09.155 | INFO | CtaStrategy | [thr_301179]  🔁 [buy_zone] 301179.SZSE 24.71: 今日已执行过
  📡 获取实时行情（新浪）...
2026-05-21 14:34:14.386 | INFO | CtaStrategy | [thr_600330]  ⏱️ [trend_break] 600330.SSE 27.71: 今日 pending 中（first_hit_date=2026-05-21）
2026-05-21 14:34:14.388 | INFO | CtaStrategy | [thr_301179]  🔁 [buy_zone] 301179.SZSE 24.71: 今日已执行过
  📡 获取实时行情（新浪）...
2026-05-21 14:34:19.638 | INFO | CtaStrategy | [thr_600330]  ⏱️ [trend_break] 600330.SSE 27.71: 今日 pending 中（first_hit_date=2026-05-21）
2026-05-21 14:34:19.639 | INFO | CtaStrategy | [thr_301179]  🔁 [buy_zone] 301179.SZSE 24.72: 今日已执行过
  📡 获取实时行情（新浪）...
2026-05-21 14:34:24.860 | INFO | CtaStrategy | [thr_600330]  ⏱️ [trend_break] 600330.SSE 27.71: 今日 pending 中（first_hit_date=2026-05-21）
2026-05-21 14:34:24.860 | INFO | CtaStrategy | [thr_301179]  🔁 [buy_zone] 301179.SZSE 24.71: 今日已执行过
  📡 获取实时行情（新浪）...
2026-05-21 14:34:30.098 | INFO | CtaStrategy | [thr_600330]  ⏱️ [trend_break] 600330.SSE 27.70: 今日 pending 中（first_hit_date=2026-05-21）
2026-05-21 14:34:30.098 | INFO | CtaStrategy | [thr_301179]  🔁 [buy_zone] 301179.SZSE 24.68: 今日已执行过
  📡 获取实时行情（新浪）...
2026-05-21 14:34:35.340 | INFO | CtaStrategy | [thr_600330]  ⏱️ [trend_break] 600330.SSE 27.68: 今日 pending 中（first_hit_date=2026-05-21）
2026-05-21 14:34:35.341 | INFO | CtaStrategy | [thr_301179]  🔁 [buy_zone] 301179.SZSE 24.66: 今日已执行过
  📡 获取实时行情（新浪）...
2026-05-21 14:34:40.581 | INFO | CtaStrategy | [thr_600330]  ⏱️ [trend_break] 600330.SSE 27.70: 今日 pending 中（first_hit_date=2026-05-21）
2026-05-21 14:34:40.583 | INFO | CtaStrategy | [thr_301179]  🔁 [buy_zone] 301179.SZSE 24.66: 今日已执行过
  📡 获取实时行情（新浪）...
2026-05-21 14:34:45.817 | INFO | CtaStrategy | [thr_600330]  ⏱️ [trend_break] 600330.SSE 27.69: 今日 pending 中（first_hit_date=2026-05-21）
2026-05-21 14:34:45.817 | INFO | CtaStrategy | [thr_301179]  🔁 [buy_zone] 301179.SZSE 24.66: 今日已执行过
  📡 获取实时行情（新浪）...
2026-05-21 14:34:51.078 | INFO | CtaStrategy | [thr_600330]  ⏱️ [trend_break] 600330.SSE 27.68: 今日 pending 中（first_hit_date=2026-05-21）
2026-05-21 14:34:51.079 | INFO | CtaStrategy | [thr_301179]  🔁 [buy_zone] 301179.SZSE 24.61: 今日已执行过
  📡 获取实时行情（新浪）...
2026-05-21 14:34:56.315 | INFO | CtaStrategy | [thr_600330]  ⏱️ [trend_break] 600330.SSE 27.68: 今日 pending 中（first_hit_date=2026-05-21）
2026-05-21 14:34:56.315 | INFO | CtaStrategy | [thr_301179]  🔁 [buy_zone] 301179.SZSE 24.61: 今日已执行过
  📡 获取实时行情（新浪）...
2026-05-21 14:35:01.570 | INFO | CtaStrategy | [thr_600330]  ⏱️ [trend_break] 600330.SSE 27.66: 今日 pending 中（first_hit_date=2026-05-21）
2026-05-21 14:35:01.570 | INFO | CtaStrategy | [thr_301179]  🔁 [buy_zone] 301179.SZSE 24.59: 今日已执行过
  📡 获取实时行情（新浪）...
2026-05-21 14:35:06.794 | INFO | CtaStrategy | [thr_600330]  ⏱️ [trend_break] 600330.SSE 27.65: 今日 pending 中（first_hit_date=2026-05-21）
2026-05-21 14:35:06.794 | INFO | CtaStrategy | [thr_301179]  🔁 [buy_zone] 301179.SZSE 24.61: 今日已执行过
  📡 获取实时行情（新浪）...
2026-05-21 14:35:12.020 | INFO | CtaStrategy | [thr_600330]  ⏱️ [trend_break] 600330.SSE 27.62: 今日 pending 中（first_hit_date=2026-05-21）
2026-05-21 14:35:12.022 | INFO | CtaStrategy | [thr_301179]  🔁 [buy_zone] 301179.SZSE 24.64: 今日已执行过
  📡 获取实时行情（新浪）...
2026-05-21 14:35:17.259 | INFO | CtaStrategy | [thr_600330]  ⏱️ [trend_break] 600330.SSE 27.62: 今日 pending 中（first_hit_date=2026-05-21）
2026-05-21 14:35:17.260 | INFO | CtaStrategy | [thr_301179]  🔁 [buy_zone] 301179.SZSE 24.64: 今日已执行过
  📡 获取实时行情（新浪）...
2026-05-21 14:35:22.510 | INFO | CtaStrategy | [thr_600330]  ⏱️ [trend_break] 600330.SSE 27.60: 今日 pending 中（first_hit_date=2026-05-21）
2026-05-21 14:35:22.511 | INFO | CtaStrategy | [thr_301179]  🔁 [buy_zone] 301179.SZSE 24.63: 今日已执行过
  📡 获取实时行情（新浪）...
2026-05-21 14:35:27.748 | INFO | CtaStrategy | [thr_600330]  ⏱️ [trend_break] 600330.SSE 27.61: 今日 pending 中（first_hit_date=2026-05-21）
2026-05-21 14:35:27.748 | INFO | CtaStrategy | [thr_301179]  🔁 [buy_zone] 301179.SZSE 24.63: 今日已执行过
  📡 获取实时行情（新浪）...
2026-05-21 14:35:32.979 | INFO | CtaStrategy | [thr_600330]  ⏱️ [trend_break] 600330.SSE 27.62: 今日 pending 中（first_hit_date=2026-05-21）
2026-05-21 14:35:32.980 | INFO | CtaStrategy | [thr_301179]  🔁 [buy_zone] 301179.SZSE 24.65: 今日已执行过
  📡 获取实时行情（新浪）...
2026-05-21 14:35:38.224 | INFO | CtaStrategy | [thr_600330]  ⏱️ [trend_break] 600330.SSE 27.61: 今日 pending 中（first_hit_date=2026-05-21）
2026-05-21 14:35:38.224 | INFO | CtaStrategy | [thr_301179]  🔁 [buy_zone] 301179.SZSE 24.64: 今日已执行过
  📡 获取实时行情（新浪）...
2026-05-21 14:35:43.457 | INFO | CtaStrategy | [thr_600330]  ⏱️ [trend_break] 600330.SSE 27.61: 今日 pending 中（first_hit_date=2026-05-21）
2026-05-21 14:35:43.458 | INFO | CtaStrategy | [thr_301179]  🔁 [buy_zone] 301179.SZSE 24.63: 今日已执行过
  📡 获取实时行情（新浪）...
2026-05-21 14:35:48.689 | INFO | CtaStrategy | [thr_600330]  ⏱️ [trend_break] 600330.SSE 27.63: 今日 pending 中（first_hit_date=2026-05-21）
2026-05-21 14:35:48.690 | INFO | CtaStrategy | [thr_301179]  🔁 [buy_zone] 301179.SZSE 24.64: 今日已执行过
  📡 获取实时行情（新浪）...
2026-05-21 14:35:53.915 | INFO | CtaStrategy | [thr_600330]  ⏱️ [trend_break] 600330.SSE 27.62: 今日 pending 中（first_hit_date=2026-05-21）
2026-05-21 14:35:53.916 | INFO | CtaStrategy | [thr_301179]  🔁 [buy_zone] 301179.SZSE 24.64: 今日已执行过
  📡 获取实时行情（新浪）...
2026-05-21 14:35:59.459 | INFO | CtaStrategy | [thr_000899]  🟢 [buy_zone] 000899.SZSE 12.94 ≤ 12.95 (量OK cur=30204367 (5d_avg=38136824))
2026-05-21 14:35:59.461 | INFO | CtaStrategy | [thr_000899]  💰 [sim_executor] BUY_LIGHT → 买入 赣能股份 100股 @12.94 = 1294.00（含费 1299.00）
2026-05-21 14:35:59.461 | INFO | CtaStrategy | [thr_600330]  ⏱️ [trend_break] 600330.SSE 27.62: 今日 pending 中（first_hit_date=2026-05-21）
2026-05-21 14:35:59.462 | INFO | CtaStrategy | [thr_301179]  🔁 [buy_zone] 301179.SZSE 24.64: 今日已执行过
  📡 获取实时行情（新浪）...
2026-05-21 14:36:04.378 | INFO | CtaStrategy | [thr_000899]  🔁 [buy_zone] 000899.SZSE 12.93: 今日已执行过
2026-05-21 14:36:04.379 | INFO | CtaStrategy | [thr_600330]  ⏱️ [trend_break] 600330.SSE 27.60: 今日 pending 中（first_hit_date=2026-05-21）
2026-05-21 14:36:04.380 | INFO | CtaStrategy | [thr_301179]  🔁 [buy_zone] 301179.SZSE 24.66: 今日已执行过
  📡 获取实时行情（新浪）...
2026-05-21 14:36:09.609 | INFO | CtaStrategy | [thr_000899]  🔁 [buy_zone] 000899.SZSE 12.92: 今日已执行过
2026-05-21 14:36:09.609 | INFO | CtaStrategy | [thr_600330]  ⏱️ [trend_break] 600330.SSE 27.60: 今日 pending 中（first_hit_date=2026-05-21）
2026-05-21 14:36:09.611 | INFO | CtaStrategy | [thr_301179]  🔁 [buy_zone] 301179.SZSE 24.61: 今日已执行过
  📡 获取实时行情（新浪）...
2026-05-21 14:36:14.843 | INFO | CtaStrategy | [thr_000899]  🔁 [buy_zone] 000899.SZSE 12.92: 今日已执行过
2026-05-21 14:36:14.843 | INFO | CtaStrategy | [thr_600330]  ⏱️ [trend_break] 600330.SSE 27.61: 今日 pending 中（first_hit_date=2026-05-21）
2026-05-21 14:36:14.844 | INFO | CtaStrategy | [thr_301179]  🔁 [buy_zone] 301179.SZSE 24.66: 今日已执行过
  📡 获取实时行情（新浪）...
2026-05-21 14:36:20.074 | INFO | CtaStrategy | [thr_000899]  🔁 [buy_zone] 000899.SZSE 12.90: 今日已执行过
2026-05-21 14:36:20.076 | INFO | CtaStrategy | [thr_600330]  ⏱️ [trend_break] 600330.SSE 27.61: 今日 pending 中（first_hit_date=2026-05-21）
2026-05-21 14:36:20.076 | INFO | CtaStrategy | [thr_301179]  🔁 [buy_zone] 301179.SZSE 24.62: 今日已执行过
  📡 获取实时行情（新浪）...
2026-05-21 14:36:25.322 | INFO | CtaStrategy | [thr_000899]  🔁 [buy_zone] 000899.SZSE 12.88: 今日已执行过
2026-05-21 14:36:25.323 | INFO | CtaStrategy | [thr_600330]  ⏱️ [trend_break] 600330.SSE 27.59: 今日 pending 中（first_hit_date=2026-05-21）
2026-05-21 14:36:25.323 | INFO | CtaStrategy | [thr_301179]  🔁 [buy_zone] 301179.SZSE 24.61: 今日已执行过
  📡 获取实时行情（新浪）...
2026-05-21 14:36:30.584 | INFO | CtaStrategy | [thr_000899]  🔁 [buy_zone] 000899.SZSE 12.88: 今日已执行过
2026-05-21 14:36:30.584 | INFO | CtaStrategy | [thr_600330]  ⏱️ [trend_break] 600330.SSE 27.58: 今日 pending 中（first_hit_date=2026-05-21）
2026-05-21 14:36:30.586 | INFO | CtaStrategy | [thr_301179]  🔁 [buy_zone] 301179.SZSE 24.61: 今日已执行过
  📡 获取实时行情（新浪）...
2026-05-21 14:36:35.832 | INFO | CtaStrategy | [thr_000899]  🔁 [buy_zone] 000899.SZSE 12.88: 今日已执行过
2026-05-21 14:36:35.832 | INFO | CtaStrategy | [thr_600330]  ⏱️ [trend_break] 600330.SSE 27.60: 今日 pending 中（first_hit_date=2026-05-21）
2026-05-21 14:36:35.833 | INFO | CtaStrategy | [thr_301179]  🔁 [buy_zone] 301179.SZSE 24.60: 今日已执行过
  📡 获取实时行情（新浪）...
2026-05-21 14:36:41.071 | INFO | CtaStrategy | [thr_000899]  🔁 [buy_zone] 000899.SZSE 12.87: 今日已执行过
2026-05-21 14:36:41.071 | INFO | CtaStrategy | [thr_600330]  ⏱️ [trend_break] 600330.SSE 27.58: 今日 pending 中（first_hit_date=2026-05-21）
2026-05-21 14:36:41.073 | INFO | CtaStrategy | [thr_301179]  🔁 [buy_zone] 301179.SZSE 24.60: 今日已执行过
  📡 获取实时行情（新浪）...
2026-05-21 14:36:46.359 | INFO | CtaStrategy | [thr_000899]  🔁 [buy_zone] 000899.SZSE 12.87: 今日已执行过
2026-05-21 14:36:46.359 | INFO | CtaStrategy | [thr_600330]  ⏱️ [trend_break] 600330.SSE 27.60: 今日 pending 中（first_hit_date=2026-05-21）
2026-05-21 14:36:46.359 | INFO | CtaStrategy | [thr_301179]  🔁 [buy_zone] 301179.SZSE 24.60: 今日已执行过
  📡 获取实时行情（新浪）...
2026-05-21 14:36:51.585 | INFO | CtaStrategy | [thr_000899]  🔁 [buy_zone] 000899.SZSE 12.89: 今日已执行过
2026-05-21 14:36:51.585 | INFO | CtaStrategy | [thr_600330]  ⏱️ [trend_break] 600330.SSE 27.68: 今日 pending 中（first_hit_date=2026-05-21）
2026-05-21 14:36:51.587 | INFO | CtaStrategy | [thr_301179]  🔁 [buy_zone] 301179.SZSE 24.65: 今日已执行过
  📡 获取实时行情（新浪）...
2026-05-21 14:36:56.842 | INFO | CtaStrategy | [thr_000899]  🔁 [buy_zone] 000899.SZSE 12.90: 今日已执行过
2026-05-21 14:36:56.843 | INFO | CtaStrategy | [thr_600330]  ⏱️ [trend_break] 600330.SSE 27.69: 今日 pending 中（first_hit_date=2026-05-21）
2026-05-21 14:36:56.843 | INFO | CtaStrategy | [thr_301179]  🔁 [buy_zone] 301179.SZSE 24.65: 今日已执行过
  📡 获取实时行情（新浪）...
2026-05-21 14:37:02.108 | INFO | CtaStrategy | [thr_000899]  🔁 [buy_zone] 000899.SZSE 12.90: 今日已执行过
2026-05-21 14:37:02.108 | INFO | CtaStrategy | [thr_600330]  ⏱️ [trend_break] 600330.SSE 27.70: 今日 pending 中（first_hit_date=2026-05-21）
2026-05-21 14:37:02.109 | INFO | CtaStrategy | [thr_301179]  🔁 [buy_zone] 301179.SZSE 24.67: 今日已执行过
  📡 获取实时行情（新浪）...
2026-05-21 14:37:07.354 | INFO | CtaStrategy | [thr_000899]  🔁 [buy_zone] 000899.SZSE 12.90: 今日已执行过
2026-05-21 14:37:07.356 | INFO | CtaStrategy | [thr_600330]  ⏱️ [trend_break] 600330.SSE 27.76: 今日 pending 中（first_hit_date=2026-05-21）
2026-05-21 14:37:07.357 | INFO | CtaStrategy | [thr_301179]  🔁 [buy_zone] 301179.SZSE 24.65: 今日已执行过
  📡 获取实时行情（新浪）...
2026-05-21 14:37:12.600 | INFO | CtaStrategy | [thr_000899]  🔁 [buy_zone] 000899.SZSE 12.90: 今日已执行过
2026-05-21 14:37:12.601 | INFO | CtaStrategy | [thr_600330]  ⏱️ [trend_break] 600330.SSE 27.83: 今日 pending 中（first_hit_date=2026-05-21）
2026-05-21 14:37:12.601 | INFO | CtaStrategy | [thr_301179]  🔁 [buy_zone] 301179.SZSE 24.65: 今日已执行过
  📡 获取实时行情（新浪）...
2026-05-21 14:37:17.860 | INFO | CtaStrategy | [thr_000899]  🔁 [buy_zone] 000899.SZSE 12.89: 今日已执行过
2026-05-21 14:37:17.861 | INFO | CtaStrategy | [thr_600330]  ⏱️ [trend_break] 600330.SSE 27.84: 今日 pending 中（first_hit_date=2026-05-21）
2026-05-21 14:37:17.861 | INFO | CtaStrategy | [thr_301179]  🔁 [buy_zone] 301179.SZSE 24.70: 今日已执行过
  📡 获取实时行情（新浪）...
2026-05-21 14:37:23.117 | INFO | CtaStrategy | [thr_000899]  🔁 [buy_zone] 000899.SZSE 12.88: 今日已执行过
2026-05-21 14:37:23.117 | INFO | CtaStrategy | [thr_600330]  ⏱️ [trend_break] 600330.SSE 27.84: 今日 pending 中（first_hit_date=2026-05-21）
2026-05-21 14:37:23.118 | INFO | CtaStrategy | [thr_301179]  🔁 [buy_zone] 301179.SZSE 24.71: 今日已执行过
  📡 获取实时行情（新浪）...
2026-05-21 14:37:28.375 | INFO | CtaStrategy | [thr_000899]  🔁 [buy_zone] 000899.SZSE 12.94: 今日已执行过
2026-05-21 14:37:28.376 | INFO | CtaStrategy | [thr_600330]  ⏱️ [trend_break] 600330.SSE 27.82: 今日 pending 中（first_hit_date=2026-05-21）
2026-05-21 14:37:28.376 | INFO | CtaStrategy | [thr_301179]  🔁 [buy_zone] 301179.SZSE 24.72: 今日已执行过
  📡 获取实时行情（新浪）...
2026-05-21 14:37:33.618 | INFO | CtaStrategy | [thr_000899]  🔁 [buy_zone] 000899.SZSE 12.94: 今日已执行过
2026-05-21 14:37:33.618 | INFO | CtaStrategy | [thr_600330]  ⏱️ [trend_break] 600330.SSE 27.84: 今日 pending 中（first_hit_date=2026-05-21）
2026-05-21 14:37:33.620 | INFO | CtaStrategy | [thr_301179]  🔁 [buy_zone] 301179.SZSE 24.75: 今日已执行过
  📡 获取实时行情（新浪）...
2026-05-21 14:37:38.878 | INFO | CtaStrategy | [thr_000899]  🔁 [buy_zone] 000899.SZSE 12.94: 今日已执行过
2026-05-21 14:37:38.879 | INFO | CtaStrategy | [thr_600330]  ⏱️ [trend_break] 600330.SSE 27.84: 今日 pending 中（first_hit_date=2026-05-21）
2026-05-21 14:37:38.879 | INFO | CtaStrategy | [thr_301179]  🔁 [buy_zone] 301179.SZSE 24.78: 今日已执行过
  📡 获取实时行情（新浪）...
2026-05-21 14:37:44.125 | INFO | CtaStrategy | [thr_000899]  🔁 [buy_zone] 000899.SZSE 12.95: 今日已执行过
2026-05-21 14:37:44.126 | INFO | CtaStrategy | [thr_600330]  ⏱️ [trend_break] 600330.SSE 27.84: 今日 pending 中（first_hit_date=2026-05-21）
2026-05-21 14:37:44.126 | INFO | CtaStrategy | [thr_301179]  🔁 [buy_zone] 301179.SZSE 24.82: 今日已执行过
  📡 获取实时行情（新浪）...
2026-05-21 14:37:49.401 | INFO | CtaStrategy | [thr_000899]  🔁 [buy_zone] 000899.SZSE 12.95: 今日已执行过
2026-05-21 14:37:49.401 | INFO | CtaStrategy | [thr_600330]  ⏱️ [trend_break] 600330.SSE 27.84: 今日 pending 中（first_hit_date=2026-05-21）
2026-05-21 14:37:49.402 | INFO | CtaStrategy | [thr_301179]  🔁 [buy_zone] 301179.SZSE 24.85: 今日已执行过
  📡 获取实时行情（新浪）...
2026-05-21 14:37:54.636 | INFO | CtaStrategy | [thr_600330]  ⏱️ [trend_break] 600330.SSE 27.89: 今日 pending 中（first_hit_date=2026-05-21）
2026-05-21 14:37:54.636 | INFO | CtaStrategy | [thr_301179]  🔁 [buy_zone] 301179.SZSE 24.85: 今日已执行过
  📡 获取实时行情（新浪）...
2026-05-21 14:37:59.892 | INFO | CtaStrategy | [thr_600330]  ⏱️ [trend_break] 600330.SSE 27.90: 今日 pending 中（first_hit_date=2026-05-21）
2026-05-21 14:37:59.893 | INFO | CtaStrategy | [thr_301179]  🔁 [buy_zone] 301179.SZSE 24.88: 今日已执行过
  📡 获取实时行情（新浪）...
2026-05-21 14:38:05.170 | INFO | CtaStrategy | [thr_600330]  ⏱️ [trend_break] 600330.SSE 27.92: 今日 pending 中（first_hit_date=2026-05-21）
2026-05-21 14:38:05.172 | INFO | CtaStrategy | [thr_301179]  🔁 [buy_zone] 301179.SZSE 24.86: 今日已执行过
  📡 获取实时行情（新浪）...
2026-05-21 14:38:10.406 | INFO | CtaStrategy | [thr_600330]  ⏱️ [trend_break] 600330.SSE 27.86: 今日 pending 中（first_hit_date=2026-05-21）
2026-05-21 14:38:10.406 | INFO | CtaStrategy | [thr_301179]  🔁 [buy_zone] 301179.SZSE 24.84: 今日已执行过
  📡 获取实时行情（新浪）...
2026-05-21 14:38:15.640 | INFO | CtaStrategy | [thr_600330]  ⏱️ [trend_break] 600330.SSE 27.86: 今日 pending 中（first_hit_date=2026-05-21）
2026-05-21 14:38:15.642 | INFO | CtaStrategy | [thr_301179]  🔁 [buy_zone] 301179.SZSE 24.84: 今日已执行过
  📡 获取实时行情（新浪）...
2026-05-21 14:38:20.877 | INFO | CtaStrategy | [thr_600330]  ⏱️ [trend_break] 600330.SSE 27.91: 今日 pending 中（first_hit_date=2026-05-21）
2026-05-21 14:38:20.878 | INFO | CtaStrategy | [thr_301179]  🔁 [buy_zone] 301179.SZSE 24.85: 今日已执行过
  📡 获取实时行情（新浪）...
2026-05-21 14:38:26.111 | INFO | CtaStrategy | [thr_600330]  ⏱️ [trend_break] 600330.SSE 27.88: 今日 pending 中（first_hit_date=2026-05-21）
2026-05-21 14:38:26.113 | INFO | CtaStrategy | [thr_301179]  🔁 [buy_zone] 301179.SZSE 24.85: 今日已执行过
  📡 获取实时行情（新浪）...
2026-05-21 14:38:31.339 | INFO | CtaStrategy | [thr_600330]  ⏱️ [trend_break] 600330.SSE 27.91: 今日 pending 中（first_hit_date=2026-05-21）
2026-05-21 14:38:31.339 | INFO | CtaStrategy | [thr_301179]  🔁 [buy_zone] 301179.SZSE 24.85: 今日已执行过
  📡 获取实时行情（新浪）...
2026-05-21 14:38:36.593 | INFO | CtaStrategy | [thr_600330]  ⏱️ [trend_break] 600330.SSE 27.93: 今日 pending 中（first_hit_date=2026-05-21）
2026-05-21 14:38:36.593 | INFO | CtaStrategy | [thr_301179]  🔁 [buy_zone] 301179.SZSE 24.88: 今日已执行过
  📡 获取实时行情（新浪）...
2026-05-21 14:38:41.832 | INFO | CtaStrategy | [thr_600330]  ⏱️ [trend_break] 600330.SSE 27.93: 今日 pending 中（first_hit_date=2026-05-21）
2026-05-21 14:38:41.832 | INFO | CtaStrategy | [thr_301179]  🔁 [buy_zone] 301179.SZSE 24.88: 今日已执行过
  📡 获取实时行情（新浪）...
2026-05-21 14:38:47.130 | INFO | CtaStrategy | [thr_600330]  ⏱️ [trend_break] 600330.SSE 27.91: 今日 pending 中（first_hit_date=2026-05-21）
2026-05-21 14:38:47.131 | INFO | CtaStrategy | [thr_301179]  🔁 [buy_zone] 301179.SZSE 24.88: 今日已执行过
  📡 获取实时行情（新浪）...
2026-05-21 14:38:52.369 | INFO | CtaStrategy | [thr_600330]  ⏱️ [trend_break] 600330.SSE 27.93: 今日 pending 中（first_hit_date=2026-05-21）
  📡 获取实时行情（新浪）...
2026-05-21 14:38:57.607 | INFO | CtaStrategy | [thr_600330]  ⏱️ [trend_break] 600330.SSE 27.93: 今日 pending 中（first_hit_date=2026-05-21）
  📡 获取实时行情（新浪）...
2026-05-21 14:39:02.840 | INFO | CtaStrategy | [thr_600330]  ⏱️ [trend_break] 600330.SSE 27.93: 今日 pending 中（first_hit_date=2026-05-21）
  📡 获取实时行情（新浪）...
2026-05-21 14:39:08.109 | INFO | CtaStrategy | [thr_600330]  ⏱️ [trend_break] 600330.SSE 27.90: 今日 pending 中（first_hit_date=2026-05-21）
  📡 获取实时行情（新浪）...
2026-05-21 14:39:13.355 | INFO | CtaStrategy | [thr_000899]  🔁 [buy_zone] 000899.SZSE 12.95: 今日已执行过
2026-05-21 14:39:13.355 | INFO | CtaStrategy | [thr_600330]  ⏱️ [trend_break] 600330.SSE 27.93: 今日 pending 中（first_hit_date=2026-05-21）
  📡 获取实时行情（新浪）...
2026-05-21 14:39:18.589 | INFO | CtaStrategy | [thr_000899]  🔁 [buy_zone] 000899.SZSE 12.95: 今日已执行过
2026-05-21 14:39:18.590 | INFO | CtaStrategy | [thr_600330]  ⏱️ [trend_break] 600330.SSE 27.79: 今日 pending 中（first_hit_date=2026-05-21）
2026-05-21 14:39:18.590 | INFO | CtaStrategy | [thr_301179]  🔁 [buy_zone] 301179.SZSE 24.86: 今日已执行过
  📡 获取实时行情（新浪）...
2026-05-21 14:39:23.849 | INFO | CtaStrategy | [thr_000899]  🔁 [buy_zone] 000899.SZSE 12.94: 今日已执行过
2026-05-21 14:39:23.849 | INFO | CtaStrategy | [thr_600330]  ⏱️ [trend_break] 600330.SSE 27.80: 今日 pending 中（first_hit_date=2026-05-21）
2026-05-21 14:39:23.850 | INFO | CtaStrategy | [thr_301179]  🔁 [buy_zone] 301179.SZSE 24.85: 今日已执行过
  📡 获取实时行情（新浪）...
2026-05-21 14:39:29.111 | INFO | CtaStrategy | [thr_000899]  🔁 [buy_zone] 000899.SZSE 12.94: 今日已执行过
2026-05-21 14:39:29.111 | INFO | CtaStrategy | [thr_600330]  ⏱️ [trend_break] 600330.SSE 27.78: 今日 pending 中（first_hit_date=2026-05-21）
2026-05-21 14:39:29.112 | INFO | CtaStrategy | [thr_301179]  🔁 [buy_zone] 301179.SZSE 24.81: 今日已执行过
  📡 获取实时行情（新浪）...
2026-05-21 14:39:34.348 | INFO | CtaStrategy | [thr_000899]  🔁 [buy_zone] 000899.SZSE 12.94: 今日已执行过
2026-05-21 14:39:34.349 | INFO | CtaStrategy | [thr_600330]  ⏱️ [trend_break] 600330.SSE 27.77: 今日 pending 中（first_hit_date=2026-05-21）
2026-05-21 14:39:34.349 | INFO | CtaStrategy | [thr_301179]  🔁 [buy_zone] 301179.SZSE 24.87: 今日已执行过
  📡 获取实时行情（新浪）...
2026-05-21 14:39:39.601 | INFO | CtaStrategy | [thr_000899]  🔁 [buy_zone] 000899.SZSE 12.94: 今日已执行过
2026-05-21 14:39:39.603 | INFO | CtaStrategy | [thr_600330]  ⏱️ [trend_break] 600330.SSE 27.76: 今日 pending 中（first_hit_date=2026-05-21）
2026-05-21 14:39:39.603 | INFO | CtaStrategy | [thr_301179]  🔁 [buy_zone] 301179.SZSE 24.80: 今日已执行过
  📡 获取实时行情（新浪）...
2026-05-21 14:39:44.835 | INFO | CtaStrategy | [thr_000899]  🔁 [buy_zone] 000899.SZSE 12.93: 今日已执行过
2026-05-21 14:39:44.836 | INFO | CtaStrategy | [thr_600330]  ⏱️ [trend_break] 600330.SSE 27.76: 今日 pending 中（first_hit_date=2026-05-21）
2026-05-21 14:39:44.836 | INFO | CtaStrategy | [thr_301179]  🔁 [buy_zone] 301179.SZSE 24.81: 今日已执行过
  📡 获取实时行情（新浪）...
2026-05-21 14:39:50.080 | INFO | CtaStrategy | [thr_000899]  🔁 [buy_zone] 000899.SZSE 12.93: 今日已执行过
2026-05-21 14:39:50.081 | INFO | CtaStrategy | [thr_600330]  ⏱️ [trend_break] 600330.SSE 27.76: 今日 pending 中（first_hit_date=2026-05-21）
2026-05-21 14:39:50.081 | INFO | CtaStrategy | [thr_301179]  🔁 [buy_zone] 301179.SZSE 24.81: 今日已执行过
  📡 获取实时行情（新浪）...
2026-05-21 14:39:55.329 | INFO | CtaStrategy | [thr_000899]  🔁 [buy_zone] 000899.SZSE 12.94: 今日已执行过
2026-05-21 14:39:55.330 | INFO | CtaStrategy | [thr_600330]  ⏱️ [trend_break] 600330.SSE 27.78: 今日 pending 中（first_hit_date=2026-05-21）
2026-05-21 14:39:55.331 | INFO | CtaStrategy | [thr_301179]  🔁 [buy_zone] 301179.SZSE 24.81: 今日已执行过
  📡 获取实时行情（新浪）...
2026-05-21 14:40:00.573 | INFO | CtaStrategy | [thr_000899]  🔁 [buy_zone] 000899.SZSE 12.94: 今日已执行过
2026-05-21 14:40:00.575 | INFO | CtaStrategy | [thr_600330]  ⏱️ [trend_break] 600330.SSE 27.81: 今日 pending 中（first_hit_date=2026-05-21）
2026-05-21 14:40:00.575 | INFO | CtaStrategy | [thr_301179]  🔁 [buy_zone] 301179.SZSE 24.83: 今日已执行过
  📡 获取实时行情（新浪）...
2026-05-21 14:40:05.835 | INFO | CtaStrategy | [thr_000899]  🔁 [buy_zone] 000899.SZSE 12.94: 今日已执行过
2026-05-21 14:40:05.836 | INFO | CtaStrategy | [thr_600330]  ⏱️ [trend_break] 600330.SSE 27.90: 今日 pending 中（first_hit_date=2026-05-21）
2026-05-21 14:40:05.836 | INFO | CtaStrategy | [thr_301179]  🔁 [buy_zone] 301179.SZSE 24.88: 今日已执行过
  📡 获取实时行情（新浪）...
2026-05-21 14:40:11.140 | INFO | CtaStrategy | [thr_600330]  ⏱️ [trend_break] 600330.SSE 27.85: 今日 pending 中（first_hit_date=2026-05-21）
2026-05-21 14:40:11.143 | INFO | CtaStrategy | [thr_301179]  🔁 [buy_zone] 301179.SZSE 24.82: 今日已执行过
  📡 获取实时行情（新浪）...
2026-05-21 14:40:16.425 | INFO | CtaStrategy | [thr_000899]  🔁 [buy_zone] 000899.SZSE 12.95: 今日已执行过
2026-05-21 14:40:16.425 | INFO | CtaStrategy | [thr_600330]  ⏱️ [trend_break] 600330.SSE 27.85: 今日 pending 中（first_hit_date=2026-05-21）
2026-05-21 14:40:16.426 | INFO | CtaStrategy | [thr_301179]  🔁 [buy_zone] 301179.SZSE 24.81: 今日已执行过
  📡 获取实时行情（新浪）...
2026-05-21 14:40:21.697 | INFO | CtaStrategy | [thr_600330]  ⏱️ [trend_break] 600330.SSE 27.86: 今日 pending 中（first_hit_date=2026-05-21）
2026-05-21 14:40:21.698 | INFO | CtaStrategy | [thr_301179]  🔁 [buy_zone] 301179.SZSE 24.82: 今日已执行过
  📡 获取实时行情（新浪）...
2026-05-21 14:40:26.926 | INFO | CtaStrategy | [thr_600330]  ⏱️ [trend_break] 600330.SSE 27.88: 今日 pending 中（first_hit_date=2026-05-21）
2026-05-21 14:40:26.926 | INFO | CtaStrategy | [thr_301179]  🔁 [buy_zone] 301179.SZSE 24.82: 今日已执行过
  📡 获取实时行情（新浪）...
2026-05-21 14:40:32.145 | INFO | CtaStrategy | [thr_600330]  ⏱️ [trend_break] 600330.SSE 27.87: 今日 pending 中（first_hit_date=2026-05-21）
2026-05-21 14:40:32.146 | INFO | CtaStrategy | [thr_301179]  🔁 [buy_zone] 301179.SZSE 24.82: 今日已执行过
  📡 获取实时行情（新浪）...
2026-05-21 14:40:37.376 | INFO | CtaStrategy | [thr_600330]  ⏱️ [trend_break] 600330.SSE 27.90: 今日 pending 中（first_hit_date=2026-05-21）
2026-05-21 14:40:37.376 | INFO | CtaStrategy | [thr_301179]  🔁 [buy_zone] 301179.SZSE 24.83: 今日已执行过
  📡 获取实时行情（新浪）...
2026-05-21 14:40:42.623 | INFO | CtaStrategy | [thr_600330]  ⏱️ [trend_break] 600330.SSE 27.89: 今日 pending 中（first_hit_date=2026-05-21）
2026-05-21 14:40:42.623 | INFO | CtaStrategy | [thr_301179]  🔁 [buy_zone] 301179.SZSE 24.81: 今日已执行过
  📡 获取实时行情（新浪）...
2026-05-21 14:40:47.897 | INFO | CtaStrategy | [thr_600330]  ⏱️ [trend_break] 600330.SSE 27.89: 今日 pending 中（first_hit_date=2026-05-21）
2026-05-21 14:40:47.899 | INFO | CtaStrategy | [thr_301179]  🔁 [buy_zone] 301179.SZSE 24.81: 今日已执行过
  📡 获取实时行情（新浪）...
2026-05-21 14:40:53.178 | INFO | CtaStrategy | [thr_600330]  ⏱️ [trend_break] 600330.SSE 27.86: 今日 pending 中（first_hit_date=2026-05-21）
2026-05-21 14:40:53.180 | INFO | CtaStrategy | [thr_301179]  🔁 [buy_zone] 301179.SZSE 24.81: 今日已执行过
  📡 获取实时行情（新浪）...
2026-05-21 14:40:58.407 | INFO | CtaStrategy | [thr_600330]  ⏱️ [trend_break] 600330.SSE 27.87: 今日 pending 中（first_hit_date=2026-05-21）
2026-05-21 14:40:58.408 | INFO | CtaStrategy | [thr_301179]  🔁 [buy_zone] 301179.SZSE 24.80: 今日已执行过
  📡 获取实时行情（新浪）...
2026-05-21 14:41:03.632 | INFO | CtaStrategy | [thr_600330]  ⏱️ [trend_break] 600330.SSE 27.87: 今日 pending 中（first_hit_date=2026-05-21）
2026-05-21 14:41:03.634 | INFO | CtaStrategy | [thr_301179]  🔁 [buy_zone] 301179.SZSE 24.82: 今日已执行过
  📡 获取实时行情（新浪）...
2026-05-21 14:41:08.874 | INFO | CtaStrategy | [thr_600330]  ⏱️ [trend_break] 600330.SSE 27.92: 今日 pending 中（first_hit_date=2026-05-21）
2026-05-21 14:41:08.875 | INFO | CtaStrategy | [thr_301179]  🔁 [buy_zone] 301179.SZSE 24.80: 今日已执行过
  📡 获取实时行情（新浪）...
2026-05-21 14:41:14.130 | INFO | CtaStrategy | [thr_600330]  ⏱️ [trend_break] 600330.SSE 27.93: 今日 pending 中（first_hit_date=2026-05-21）
2026-05-21 14:41:14.132 | INFO | CtaStrategy | [thr_301179]  🔁 [buy_zone] 301179.SZSE 24.80: 今日已执行过
  📡 获取实时行情（新浪）...
2026-05-21 14:41:19.361 | INFO | CtaStrategy | [thr_600330]  ⏱️ [trend_break] 600330.SSE 27.93: 今日 pending 中（first_hit_date=2026-05-21）
2026-05-21 14:41:19.362 | INFO | CtaStrategy | [thr_301179]  🔁 [buy_zone] 301179.SZSE 24.76: 今日已执行过
  📡 获取实时行情（新浪）...
2026-05-21 14:41:24.596 | INFO | CtaStrategy | [thr_600330]  ⏱️ [trend_break] 600330.SSE 27.87: 今日 pending 中（first_hit_date=2026-05-21）
2026-05-21 14:41:24.597 | INFO | CtaStrategy | [thr_301179]  🔁 [buy_zone] 301179.SZSE 24.76: 今日已执行过
  📡 获取实时行情（新浪）...
2026-05-21 14:41:29.847 | INFO | CtaStrategy | [thr_600330]  ⏱️ [trend_break] 600330.SSE 27.91: 今日 pending 中（first_hit_date=2026-05-21）
2026-05-21 14:41:29.847 | INFO | CtaStrategy | [thr_301179]  🔁 [buy_zone] 301179.SZSE 24.75: 今日已执行过
  📡 获取实时行情（新浪）...
2026-05-21 14:41:35.070 | INFO | CtaStrategy | [thr_600330]  ⏱️ [trend_break] 600330.SSE 27.83: 今日 pending 中（first_hit_date=2026-05-21）
2026-05-21 14:41:35.072 | INFO | CtaStrategy | [thr_301179]  🔁 [buy_zone] 301179.SZSE 24.75: 今日已执行过
  📡 获取实时行情（新浪）...
2026-05-21 14:41:40.306 | INFO | CtaStrategy | [thr_000899]  🔁 [buy_zone] 000899.SZSE 12.95: 今日已执行过
2026-05-21 14:41:40.308 | INFO | CtaStrategy | [thr_600330]  ⏱️ [trend_break] 600330.SSE 27.80: 今日 pending 中（first_hit_date=2026-05-21）
2026-05-21 14:41:40.308 | INFO | CtaStrategy | [thr_301179]  🔁 [buy_zone] 301179.SZSE 24.73: 今日已执行过
  📡 获取实时行情（新浪）...
2026-05-21 14:41:45.542 | INFO | CtaStrategy | [thr_600330]  ⏱️ [trend_break] 600330.SSE 27.79: 今日 pending 中（first_hit_date=2026-05-21）
2026-05-21 14:41:45.542 | INFO | CtaStrategy | [thr_301179]  🔁 [buy_zone] 301179.SZSE 24.72: 今日已执行过
  📡 获取实时行情（新浪）...
2026-05-21 14:41:50.790 | INFO | CtaStrategy | [thr_000899]  🔁 [buy_zone] 000899.SZSE 12.95: 今日已执行过
2026-05-21 14:41:50.791 | INFO | CtaStrategy | [thr_600330]  ⏱️ [trend_break] 600330.SSE 27.77: 今日 pending 中（first_hit_date=2026-05-21）
2026-05-21 14:41:50.791 | INFO | CtaStrategy | [thr_301179]  🔁 [buy_zone] 301179.SZSE 24.72: 今日已执行过
  📡 获取实时行情（新浪）...
2026-05-21 14:41:56.032 | INFO | CtaStrategy | [thr_000899]  🔁 [buy_zone] 000899.SZSE 12.94: 今日已执行过
2026-05-21 14:41:56.032 | INFO | CtaStrategy | [thr_600330]  ⏱️ [trend_break] 600330.SSE 27.79: 今日 pending 中（first_hit_date=2026-05-21）
2026-05-21 14:41:56.032 | INFO | CtaStrategy | [thr_301179]  🔁 [buy_zone] 301179.SZSE 24.74: 今日已执行过
  📡 获取实时行情（新浪）...
2026-05-21 14:42:01.277 | INFO | CtaStrategy | [thr_000899]  🔁 [buy_zone] 000899.SZSE 12.95: 今日已执行过
2026-05-21 14:42:01.278 | INFO | CtaStrategy | [thr_600330]  ⏱️ [trend_break] 600330.SSE 27.79: 今日 pending 中（first_hit_date=2026-05-21）
2026-05-21 14:42:01.278 | INFO | CtaStrategy | [thr_301179]  🔁 [buy_zone] 301179.SZSE 24.71: 今日已执行过
  📡 获取实时行情（新浪）...
2026-05-21 14:42:06.507 | INFO | CtaStrategy | [thr_000899]  🔁 [buy_zone] 000899.SZSE 12.94: 今日已执行过
2026-05-21 14:42:06.507 | INFO | CtaStrategy | [thr_600330]  ⏱️ [trend_break] 600330.SSE 27.78: 今日 pending 中（first_hit_date=2026-05-21）
2026-05-21 14:42:06.509 | INFO | CtaStrategy | [thr_301179]  🔁 [buy_zone] 301179.SZSE 24.71: 今日已执行过
  📡 获取实时行情（新浪）...
2026-05-21 14:42:11.742 | INFO | CtaStrategy | [thr_000899]  🔁 [buy_zone] 000899.SZSE 12.93: 今日已执行过
2026-05-21 14:42:11.742 | INFO | CtaStrategy | [thr_600330]  ⏱️ [trend_break] 600330.SSE 27.77: 今日 pending 中（first_hit_date=2026-05-21）
2026-05-21 14:42:11.742 | INFO | CtaStrategy | [thr_301179]  🔁 [buy_zone] 301179.SZSE 24.71: 今日已执行过
  📡 获取实时行情（新浪）...
2026-05-21 14:42:17.003 | INFO | CtaStrategy | [thr_000899]  🔁 [buy_zone] 000899.SZSE 12.93: 今日已执行过
2026-05-21 14:42:17.005 | INFO | CtaStrategy | [thr_600330]  ⏱️ [trend_break] 600330.SSE 27.73: 今日 pending 中（first_hit_date=2026-05-21）
2026-05-21 14:42:17.007 | INFO | CtaStrategy | [thr_301179]  🔁 [buy_zone] 301179.SZSE 24.73: 今日已执行过
  📡 获取实时行情（新浪）...
2026-05-21 14:42:22.235 | INFO | CtaStrategy | [thr_000899]  🔁 [buy_zone] 000899.SZSE 12.93: 今日已执行过
2026-05-21 14:42:22.235 | INFO | CtaStrategy | [thr_600330]  ⏱️ [trend_break] 600330.SSE 27.71: 今日 pending 中（first_hit_date=2026-05-21）
2026-05-21 14:42:22.237 | INFO | CtaStrategy | [thr_301179]  🔁 [buy_zone] 301179.SZSE 24.73: 今日已执行过
  📡 获取实时行情（新浪）...
2026-05-21 14:42:27.492 | INFO | CtaStrategy | [thr_000899]  🔁 [buy_zone] 000899.SZSE 12.93: 今日已执行过
2026-05-21 14:42:27.492 | INFO | CtaStrategy | [thr_600330]  ⏱️ [trend_break] 600330.SSE 27.70: 今日 pending 中（first_hit_date=2026-05-21）
2026-05-21 14:42:27.493 | INFO | CtaStrategy | [thr_301179]  🔁 [buy_zone] 301179.SZSE 24.73: 今日已执行过
  📡 获取实时行情（新浪）...
2026-05-21 14:42:32.769 | INFO | CtaStrategy | [thr_000899]  🔁 [buy_zone] 000899.SZSE 12.93: 今日已执行过
2026-05-21 14:42:32.769 | INFO | CtaStrategy | [thr_600330]  ⏱️ [trend_break] 600330.SSE 27.66: 今日 pending 中（first_hit_date=2026-05-21）
2026-05-21 14:42:32.770 | INFO | CtaStrategy | [thr_301179]  🔁 [buy_zone] 301179.SZSE 24.73: 今日已执行过
  📡 获取实时行情（新浪）...
2026-05-21 14:42:38.006 | INFO | CtaStrategy | [thr_000899]  🔁 [buy_zone] 000899.SZSE 12.93: 今日已执行过
2026-05-21 14:42:38.007 | INFO | CtaStrategy | [thr_600330]  ⏱️ [trend_break] 600330.SSE 27.69: 今日 pending 中（first_hit_date=2026-05-21）
2026-05-21 14:42:38.007 | INFO | CtaStrategy | [thr_301179]  🔁 [buy_zone] 301179.SZSE 24.71: 今日已执行过
  📡 获取实时行情（新浪）...
2026-05-21 14:42:43.247 | INFO | CtaStrategy | [thr_000899]  🔁 [buy_zone] 000899.SZSE 12.92: 今日已执行过
2026-05-21 14:42:43.247 | INFO | CtaStrategy | [thr_600330]  ⏱️ [trend_break] 600330.SSE 27.65: 今日 pending 中（first_hit_date=2026-05-21）
2026-05-21 14:42:43.247 | INFO | CtaStrategy | [thr_301179]  🔁 [buy_zone] 301179.SZSE 24.71: 今日已执行过
  📡 获取实时行情（新浪）...
2026-05-21 14:42:48.490 | INFO | CtaStrategy | [thr_000899]  🔁 [buy_zone] 000899.SZSE 12.91: 今日已执行过
2026-05-21 14:42:48.492 | INFO | CtaStrategy | [thr_600330]  ⏱️ [trend_break] 600330.SSE 27.64: 今日 pending 中（first_hit_date=2026-05-21）
2026-05-21 14:42:48.493 | INFO | CtaStrategy | [thr_301179]  🔁 [buy_zone] 301179.SZSE 24.70: 今日已执行过
  📡 获取实时行情（新浪）...
2026-05-21 14:42:53.736 | INFO | CtaStrategy | [thr_000899]  🔁 [buy_zone] 000899.SZSE 12.91: 今日已执行过
2026-05-21 14:42:53.737 | INFO | CtaStrategy | [thr_600330]  ⏱️ [trend_break] 600330.SSE 27.62: 今日 pending 中（first_hit_date=2026-05-21）
2026-05-21 14:42:53.738 | INFO | CtaStrategy | [thr_301179]  🔁 [buy_zone] 301179.SZSE 24.71: 今日已执行过
  📡 获取实时行情（新浪）...
2026-05-21 14:42:58.988 | INFO | CtaStrategy | [thr_000899]  🔁 [buy_zone] 000899.SZSE 12.91: 今日已执行过
2026-05-21 14:42:58.989 | INFO | CtaStrategy | [thr_600330]  ⏱️ [trend_break] 600330.SSE 27.62: 今日 pending 中（first_hit_date=2026-05-21）
2026-05-21 14:42:58.989 | INFO | CtaStrategy | [thr_301179]  🔁 [buy_zone] 301179.SZSE 24.70: 今日已执行过
  📡 获取实时行情（新浪）...
2026-05-21 14:43:04.238 | INFO | CtaStrategy | [thr_000899]  🔁 [buy_zone] 000899.SZSE 12.91: 今日已执行过
2026-05-21 14:43:04.239 | INFO | CtaStrategy | [thr_600330]  ⏱️ [trend_break] 600330.SSE 27.62: 今日 pending 中（first_hit_date=2026-05-21）
2026-05-21 14:43:04.240 | INFO | CtaStrategy | [thr_301179]  🔁 [buy_zone] 301179.SZSE 24.68: 今日已执行过
  📡 获取实时行情（新浪）...
2026-05-21 14:43:09.477 | INFO | CtaStrategy | [thr_000899]  🔁 [buy_zone] 000899.SZSE 12.91: 今日已执行过
2026-05-21 14:43:09.478 | INFO | CtaStrategy | [thr_600330]  ⏱️ [trend_break] 600330.SSE 27.62: 今日 pending 中（first_hit_date=2026-05-21）
2026-05-21 14:43:09.479 | INFO | CtaStrategy | [thr_301179]  🔁 [buy_zone] 301179.SZSE 24.66: 今日已执行过
  📡 获取实时行情（新浪）...
2026-05-21 14:43:14.702 | INFO | CtaStrategy | [thr_000899]  🔁 [buy_zone] 000899.SZSE 12.91: 今日已执行过
2026-05-21 14:43:14.702 | INFO | CtaStrategy | [thr_600330]  ⏱️ [trend_break] 600330.SSE 27.63: 今日 pending 中（first_hit_date=2026-05-21）
2026-05-21 14:43:14.704 | INFO | CtaStrategy | [thr_301179]  🔁 [buy_zone] 301179.SZSE 24.71: 今日已执行过
  📡 获取实时行情（新浪）...
2026-05-21 14:43:19.945 | INFO | CtaStrategy | [thr_000899]  🔁 [buy_zone] 000899.SZSE 12.91: 今日已执行过
2026-05-21 14:43:19.945 | INFO | CtaStrategy | [thr_600330]  ⏱️ [trend_break] 600330.SSE 27.65: 今日 pending 中（first_hit_date=2026-05-21）
2026-05-21 14:43:19.946 | INFO | CtaStrategy | [thr_301179]  🔁 [buy_zone] 301179.SZSE 24.71: 今日已执行过
  📡 获取实时行情（新浪）...
2026-05-21 14:43:25.169 | INFO | CtaStrategy | [thr_000899]  🔁 [buy_zone] 000899.SZSE 12.91: 今日已执行过
2026-05-21 14:43:25.170 | INFO | CtaStrategy | [thr_600330]  ⏱️ [trend_break] 600330.SSE 27.63: 今日 pending 中（first_hit_date=2026-05-21）
2026-05-21 14:43:25.170 | INFO | CtaStrategy | [thr_301179]  🔁 [buy_zone] 301179.SZSE 24.66: 今日已执行过
  📡 获取实时行情（新浪）...
2026-05-21 14:43:30.411 | INFO | CtaStrategy | [thr_000899]  🔁 [buy_zone] 000899.SZSE 12.92: 今日已执行过
2026-05-21 14:43:30.412 | INFO | CtaStrategy | [thr_600330]  ⏱️ [trend_break] 600330.SSE 27.65: 今日 pending 中（first_hit_date=2026-05-21）
2026-05-21 14:43:30.413 | INFO | CtaStrategy | [thr_301179]  🔁 [buy_zone] 301179.SZSE 24.66: 今日已执行过
  📡 获取实时行情（新浪）...
2026-05-21 14:43:35.647 | INFO | CtaStrategy | [thr_000899]  🔁 [buy_zone] 000899.SZSE 12.91: 今日已执行过
2026-05-21 14:43:35.648 | INFO | CtaStrategy | [thr_600330]  ⏱️ [trend_break] 600330.SSE 27.65: 今日 pending 中（first_hit_date=2026-05-21）
2026-05-21 14:43:35.649 | INFO | CtaStrategy | [thr_301179]  🔁 [buy_zone] 301179.SZSE 24.66: 今日已执行过
  📡 获取实时行情（新浪）...
2026-05-21 14:43:40.909 | INFO | CtaStrategy | [thr_000899]  🔁 [buy_zone] 000899.SZSE 12.92: 今日已执行过
2026-05-21 14:43:40.910 | INFO | CtaStrategy | [thr_600330]  ⏱️ [trend_break] 600330.SSE 27.64: 今日 pending 中（first_hit_date=2026-05-21）
2026-05-21 14:43:40.912 | INFO | CtaStrategy | [thr_301179]  🔁 [buy_zone] 301179.SZSE 24.66: 今日已执行过
  📡 获取实时行情（新浪）...
2026-05-21 14:43:46.171 | INFO | CtaStrategy | [thr_000899]  🔁 [buy_zone] 000899.SZSE 12.91: 今日已执行过
2026-05-21 14:43:46.172 | INFO | CtaStrategy | [thr_600330]  ⏱️ [trend_break] 600330.SSE 27.64: 今日 pending 中（first_hit_date=2026-05-21）
2026-05-21 14:43:46.172 | INFO | CtaStrategy | [thr_301179]  🔁 [buy_zone] 301179.SZSE 24.67: 今日已执行过
  📡 获取实时行情（新浪）...
2026-05-21 14:43:51.403 | INFO | CtaStrategy | [thr_000899]  🔁 [buy_zone] 000899.SZSE 12.92: 今日已执行过
2026-05-21 14:43:51.403 | INFO | CtaStrategy | [thr_600330]  ⏱️ [trend_break] 600330.SSE 27.65: 今日 pending 中（first_hit_date=2026-05-21）
2026-05-21 14:43:51.403 | INFO | CtaStrategy | [thr_301179]  🔁 [buy_zone] 301179.SZSE 24.66: 今日已执行过
  📡 获取实时行情（新浪）...
2026-05-21 14:43:56.642 | INFO | CtaStrategy | [thr_000899]  🔁 [buy_zone] 000899.SZSE 12.92: 今日已执行过
2026-05-21 14:43:56.642 | INFO | CtaStrategy | [thr_600330]  ⏱️ [trend_break] 600330.SSE 27.65: 今日 pending 中（first_hit_date=2026-05-21）
2026-05-21 14:43:56.642 | INFO | CtaStrategy | [thr_301179]  🔁 [buy_zone] 301179.SZSE 24.66: 今日已执行过
  📡 获取实时行情（新浪）...
2026-05-21 14:44:01.908 | INFO | CtaStrategy | [thr_000899]  🔁 [buy_zone] 000899.SZSE 12.91: 今日已执行过
2026-05-21 14:44:01.909 | INFO | CtaStrategy | [thr_600330]  ⏱️ [trend_break] 600330.SSE 27.65: 今日 pending 中（first_hit_date=2026-05-21）
2026-05-21 14:44:01.910 | INFO | CtaStrategy | [thr_301179]  🔁 [buy_zone] 301179.SZSE 24.62: 今日已执行过
  📡 获取实时行情（新浪）...
2026-05-21 14:44:07.146 | INFO | CtaStrategy | [thr_000899]  🔁 [buy_zone] 000899.SZSE 12.91: 今日已执行过
2026-05-21 14:44:07.147 | INFO | CtaStrategy | [thr_600330]  ⏱️ [trend_break] 600330.SSE 27.61: 今日 pending 中（first_hit_date=2026-05-21）
2026-05-21 14:44:07.147 | INFO | CtaStrategy | [thr_301179]  🔁 [buy_zone] 301179.SZSE 24.64: 今日已执行过
  📡 获取实时行情（新浪）...
2026-05-21 14:44:12.394 | INFO | CtaStrategy | [thr_000899]  🔁 [buy_zone] 000899.SZSE 12.92: 今日已执行过
2026-05-21 14:44:12.396 | INFO | CtaStrategy | [thr_600330]  ⏱️ [trend_break] 600330.SSE 27.60: 今日 pending 中（first_hit_date=2026-05-21）
2026-05-21 14:44:12.396 | INFO | CtaStrategy | [thr_301179]  🟢 [buy_zone] 301179.SZSE 24.65 ≤ 24.89 (量OK cur=14804489 (5d_avg=17611016))
2026-05-21 14:44:12.397 | INFO | CtaStrategy | [thr_301179]  ⚠️ [sim_executor] BUY_LIGHT失败: 现金不足 2424.14，无法买 301179 1 手 (2465.00)
  📡 获取实时行情（新浪）...
2026-05-21 14:44:17.637 | INFO | CtaStrategy | [thr_000899]  🔁 [buy_zone] 000899.SZSE 12.92: 今日已执行过
2026-05-21 14:44:17.637 | INFO | CtaStrategy | [thr_600330]  ⏱️ [trend_break] 600330.SSE 27.61: 今日 pending 中（first_hit_date=2026-05-21）
2026-05-21 14:44:17.639 | INFO | CtaStrategy | [thr_301179]  🔁 [buy_zone] 301179.SZSE 24.65: 今日已执行过
  📡 获取实时行情（新浪）...
2026-05-21 14:44:22.871 | INFO | CtaStrategy | [thr_000899]  🔁 [buy_zone] 000899.SZSE 12.91: 今日已执行过
2026-05-21 14:44:22.871 | INFO | CtaStrategy | [thr_600330]  ⏱️ [trend_break] 600330.SSE 27.61: 今日 pending 中（first_hit_date=2026-05-21）
2026-05-21 14:44:22.873 | INFO | CtaStrategy | [thr_301179]  🔁 [buy_zone] 301179.SZSE 24.64: 今日已执行过
