Traceback (most recent call last):
  File "<frozen runpy>", line 198, in _run_module_as_main
  File "<frozen runpy>", line 88, in _run_code
  File "C:\Users\Administrator\.openclaw\workspace\quant-learn\vqlearn\runners\run_paper_with_strategy.py", line 380, in <module>
    main(args.timeout, args.auto_trade)
  File "C:\Users\Administrator\.openclaw\workspace\quant-learn\vqlearn\runners\run_paper_with_strategy.py", line 186, in main
    holdings, watchlist = load_portfolio()
                          ^^^^^^^^^^^^^^^^
  File "C:\Users\Administrator\.openclaw\workspace\quant-learn\vqlearn\runners\run_paper_with_strategy.py", line 118, in load_portfolio
    out = _load_from_config_yaml()
          ^^^^^^^^^^^^^^^^^^^^^^^^
  File "C:\Users\Administrator\.openclaw\workspace\quant-learn\vqlearn\runners\run_paper_with_strategy.py", line 69, in _load_from_config_yaml
    learn_holdings_raw = fetch_positions(learn_account_id())
                         ^^^^^^^^^^^^^^^^^^^^^^^^^^^^^^^^^^^
  File "C:\Users\Administrator\.openclaw\workspace\quant-learn\sim\portfolio.py", line 79, in fetch_positions
    c = _connect_ro()
        ^^^^^^^^^^^^^
  File "C:\Users\Administrator\.openclaw\workspace\quant-learn\sim\portfolio.py", line 62, in _connect_ro
    raise RuntimeError(f"sim_live_mirror DB missing or empty: {DB_PATH}")
RuntimeError: sim_live_mirror DB missing or empty: C:\Users\Administrator\.openclaw\workspace\quant-learn\data\sim_live_mirror.db
