2026-06-24 02:08:27,971 [INFO] 自动交易执行器初始化完成 (账户: 1, 自动交易: True, 干运行: True)
2026-06-24 02:08:27,972 [INFO] 检查新信号...
2026-06-24 02:08:27,975 [INFO] 发现 0 个新信号
2026-06-24 02:08:27,982 [WARNING] 现金不足，无法买入100股: 600519 (可用现金: 10000.00)
2026-06-24 02:09:55,605 [INFO] 自动交易执行器初始化完成 (账户: 1, 自动交易: True, 干运行: True)
2026-06-24 02:09:55,606 [INFO] ============================================================
2026-06-24 02:09:55,606 [INFO] 开始自动交易检查
2026-06-24 02:09:55,606 [INFO] ============================================================
2026-06-24 02:09:55,606 [INFO] 检查新信号...
2026-06-24 02:09:55,609 [ERROR] 检查新信号失败: no such column: executed
2026-06-24 02:09:55,609 [INFO] 发现 0 个新信号
2026-06-24 02:09:55,609 [INFO] 无新信号
2026-06-24 02:10:37,233 [INFO] 自动交易执行器初始化完成 (账户: 1, 自动交易: True, 干运行: True)
2026-06-24 02:10:37,234 [INFO] ============================================================
2026-06-24 02:10:37,234 [INFO] 开始自动交易检查
2026-06-24 02:10:37,234 [INFO] ============================================================
2026-06-24 02:10:37,234 [INFO] 检查新信号...
2026-06-24 02:10:37,237 [INFO] 发现 0 个新信号
2026-06-24 02:10:37,237 [INFO] 无新信号
2026-06-24 02:11:45,227 [INFO] 自动交易执行器初始化完成 (账户: 1, 自动交易: True, 干运行: True)
2026-06-24 02:11:45,228 [INFO] ============================================================
2026-06-24 02:11:45,228 [INFO] 开始自动交易检查
2026-06-24 02:11:45,228 [INFO] ============================================================
2026-06-24 02:11:45,228 [INFO] 检查新信号...
2026-06-24 02:11:45,230 [INFO] 发现新信号: 600519 (贵州茅台) - test_buy
2026-06-24 02:11:45,232 [INFO] 发现 1 个新信号
2026-06-24 02:11:45,238 [WARNING] 现金不足，无法买入100股: 600519 (可用现金: 10000.00)
2026-06-24 02:11:45,238 [WARNING] 买入数量计算为0，跳过: 600519
2026-06-24 02:11:45,238 [INFO] ============================================================
2026-06-24 02:11:45,238 [INFO] 自动交易检查完成
2026-06-24 02:11:45,238 [INFO] ============================================================
2026-06-24 02:12:07,623 [INFO] 自动交易执行器初始化完成 (账户: 1, 自动交易: True, 干运行: True)
2026-06-24 02:12:07,623 [INFO] ============================================================
2026-06-24 02:12:07,623 [INFO] 开始自动交易检查
2026-06-24 02:12:07,623 [INFO] ============================================================
2026-06-24 02:12:07,623 [INFO] 检查新信号...
2026-06-24 02:12:07,626 [INFO] 发现新信号: 600130 (波导股份) - test_buy
2026-06-24 02:12:07,627 [INFO] 发现 1 个新信号
2026-06-24 02:12:07,633 [INFO] [DRY RUN] 买入 波导股份 300股 @ 4.5000
2026-06-24 02:12:07,633 [INFO] ============================================================
2026-06-24 02:12:07,633 [INFO] 自动交易检查完成
2026-06-24 02:12:07,633 [INFO] ============================================================
2026-06-24 02:12:36,333 [INFO] 自动交易执行器初始化完成 (账户: 1, 自动交易: True, 干运行: False)
2026-06-24 02:12:36,334 [INFO] ============================================================
2026-06-24 02:12:36,334 [INFO] 开始自动交易检查
2026-06-24 02:12:36,334 [INFO] ============================================================
2026-06-24 02:12:36,334 [INFO] 检查新信号...
2026-06-24 02:12:36,337 [INFO] 发现新信号: 600130 (波导股份) - test_buy
2026-06-24 02:12:36,339 [INFO] 发现 1 个新信号
2026-06-24 02:12:36,376 [INFO] ✓ 买入成功: 买入 波导股份 300股 @ 4.5000
2026-06-24 02:12:36,378 [INFO] 标记信号为已执行: threshold ID 31
2026-06-24 02:12:36,382 [INFO] ============================================================
2026-06-24 02:12:36,382 [INFO] 自动交易检查完成
2026-06-24 02:12:36,382 [INFO] ============================================================
